03-28 16:03:35.216 48907 48907 I A00000/om.huawei.hmos.aidataservice.1/NK_URL_NAPI: [a92ab18b56aa1aa 26eb73b 3074b81]NetworkService::createRequest reqID:045efa51-6de8-4ca6-ae11-8b60bf6f51c8 mpReqId:6883118712447008769
03-28 16:03:35.216 48907 48907 I A00000/om.huawei.hmos.aidataservice.1/NK_URL_NAPI: [a92ab18b56aa1aa 26eb73b 3074b81]NetworkService::RequestSyncEnqueue start Enqueue reqID:045efa51-6de8-4ca6-ae11-8b60bf6f51c8 mpReqId:6883118712447008769
03-28 16:03:35.216 48907 48907 I A00000/om.huawei.hmos.aidataservice.1/NK_CPP: [a92ab18b56aa1aa 26eb73b 3074b81][INFO][InitNetMsgId] reqStart. rqId:6883118712447008769, msgId:2a73a42e6af847fd99ec90d8a9173205, buildVersion: 8.0.11.303
03-28 16:03:35.216 48907 49334 I A00000/om.huawei.hmos.aidataservice.1/NK_CPP: [INFO][OnLogMessage] Starting chromium request. hwhttp buildVersion:8.0.11.303
03-28 16:03:35.216 48907 48907 I A00F00/om.huawei.hmos.aidataservice.1/160002307: [a92ab18b56aa1aa 10661d2 16368b8]TimeUtil: updateCloudTime: {"systemBootTimeStamp":65969120,"currentTimeStamp":1774685015216,"cloudTimeStamp":1774685014000}
03-28 16:03:35.217 48907 49334 I A00000/om.huawei.hmos.aidataservice.1/NK_CPP: [INFO][OnLogMessage] HttpNetworkTransaction is_network_conn_: 1
03-28 16:03:35.217 48907 49334 I A00000/om.huawei.hmos.aidataservice.1/NK_CPP: [INFO][OnLogMessage] HttpNetworkTransaction::Start, host:hivoice-hiai-drcn.emui.dbankcloud.cn,addr:0x827e00
03-28 16:03:35.217 48907 49334 I A00000/om.huawei.hmos.aidataservice.1/NK_CPP: [INFO][OnLogMessage] is_only_quic 0
03-28 16:03:35.217 48907 49334 I A00000/om.huawei.hmos.aidataservice.1/NK_CPP: [INFO][OnLogMessage] Can not start alt job with alt protocol: 0 resolve source: 0
03-28 16:03:35.217 48907 49334 I A00000/om.huawei.hmos.aidataservice.1/NK_CPP: [INFO][OnLogMessage] Job init connection host: hivoice-hiai-drcn.emui.dbankcloud.cn job type: 0 using_quic_: 0 is retry: 0
03-28 16:03:35.217 48907 49334 I A00000/om.huawei.hmos.aidataservice.1/NK_CPP: [INFO][OnLogMessage] HttpStreamFactory::Job::DoLoop DoCreateStreamComplete state 7 result 0 next_state_ 11  rv 0 job type: 0
03-28 16:03:35.218 48907 49399 I A00000/om.huawei.hmos.aidataservice.1/NK_CPP: [INFO][OnNetEvent] OnNetEvent rqId:6883118712447008769, type:2
03-28 16:03:35.218 48907 49399 I A00000/om.huawei.hmos.aidataservice.1/NK_URL_NAPI: RequestBodyImpl::WriteTo finished
03-28 16:03:35.233 49185 49185 I A03D00/com.huawei.hmos.aidispatch.1/JSAPP: [RCP]  success to add processor, processorId=3
03-28 16:03:35.234 49185 49185 I A06666/com.huawei.hmos.aidispatch.1/PafLog_TS: getPsName leave psName:com.huawei.hmos.aidispatch.1
03-28 16:03:35.234 49185 49357 I A06666/com.huawei.hmos.aidispatch.1/PafLog_CPP: [Log.cpp(InitImp:36)] InitImp enter packageName:com.huawei.hmos.aidispatchservice
03-28 16:03:35.234 49185 49357 I A06666/com.huawei.hmos.aidispatch.1/PafLog_CPP: [LogInfo.cpp(SetPsName:63)] SetPsName originalName:com.huawei.hmos.aidispatch.1 ,correctedName:com.huawei.hmos.aidispatch.1 ,nameSuffix: ,logFolderName:com.huawei.hmos.aidispatch.1
03-28 16:03:35.236 49185 49185 I A00F00/com.huawei.hmos.aidispatch.1/AIDispatcherEngineOH: BaseSdkPresenter:enter bind service
03-28 16:03:35.236 49185 49185 I A00F00/com.huawei.hmos.aidispatch.1/AIDispatcherEngineOH: JsonUtil:parseStrToClass
03-28 16:03:35.236 49185 49185 I A00F00/com.huawei.hmos.aidispatch.1/AIDispatcherEngineOH: AbilityDispatchServiceManager:connectService
03-28 16:03:35.236 49185 49185 I A00F00/com.huawei.hmos.aidispatch.1/AIDispatcherEngineOH: AbilityDispatchServiceManager:connection: 0
03-28 16:03:35.237 49185 49185 I A06666/com.huawei.hmos.aidispatch.1/SubDispatch_51112400: common/AiDataServiceManager:preConnect setTimeout
03-28 16:03:35.237 49185 49185 I A06666/com.huawei.hmos.aidispatch.1/SubDispatch_51112400: PromiseUtil:promiseUtil timeout setTimeout
03-28 16:03:35.238 49185 49185 I A06666/com.huawei.hmos.aidispatch.1/SubDispatch_51112400: DevConfigUpdateManager:initAndSubscribe
03-28 16:03:35.243 49185 49185 I A00000/com.huawei.hmos.aidispatch.1/ResourceManager: getKV-getKV start
03-28 16:03:35.243 49185 49185 I A00000/com.huawei.hmos.aidispatch.1/ResourceManager: createKVStore-createKVStore start
03-28 16:03:35.243 49185 49185 I A00000/com.huawei.hmos.aidispatch.1/ResourceManager: createKVStore-get kvManager success
03-28 16:03:35.245 49185 49185 I A0FFEE/com.huawei.hmos.aidispatch.1/ReportCoreManager: report-setConfigOptions
03-28 16:03:35.245 49185 49185 I A06666/com.huawei.hmos.aidispatch.1/SubDispatch_51112400: InsightIntentConfigUpdater:checkInnerConfig: app version no change
03-28 16:03:35.245 49185 49185 I A00000/com.huawei.hmos.aidispatch.1/ResourceManager: getKV-getKV start
03-28 16:03:35.245 49185 49185 I A00000/com.huawei.hmos.aidispatch.1/ResourceManager: createKVStore-createKVStore start
03-28 16:03:35.246 49185 49185 I A00000/com.huawei.hmos.aidispatch.1/ResourceManager: createKVStore-get kvManager success
03-28 16:03:35.246 49185 49185 I A06666/com.huawei.hmos.aidispatch.1/SubDispatch_51112400: TravelHelper:insertAirCityToDb completedFileIndex:3
03-28 16:03:35.246 49185 49185 I A06666/com.huawei.hmos.aidispatch.1/SubDispatch_51112400: TravelHelper:insertTrainCityToDb completedFileIndex:22
03-28 16:03:35.246 49185 49185 I A0FFEE/com.huawei.hmos.aidispatch.1/ReportCoreManager: report-setConfigOptions instanceTag:AIDispatcherEngineOH
03-28 16:03:35.246 49185 49185 I A00F00/com.huawei.hmos.aidispatch.1/AIDispatcherEngineOH: [a92ab18b5739eab 3346059 1b18908]JsonUtil:parseObjToStr
03-28 16:03:35.246 49185 49185 I A00F00/com.huawei.hmos.aidispatch.1/AIDispatcherEngineOH: [a92ab18b5739eab 218f7fd 36afcf9]JsonUtil:parseObjToStr
03-28 16:03:35.247 49185 49185 I A06666/com.huawei.hmos.aidispatch.1/SubDispatch_51112400: [a92ab18b5739eab 191873 30e673f]common/AiDataServiceManager:preConnect success
03-28 16:03:35.247 49185 49185 I A06666/com.huawei.hmos.aidispatch.1/SubDispatch_51112400: [a92ab18b5739eab 191873 30e673f]common/AiDataServiceManager:releaseAfter5Seconds setTimeout
03-28 16:03:35.247 49185 49185 I A06666/com.huawei.hmos.aidispatch.1/SubDispatch_51112400: AISuggestionService:onConnect
03-28 16:03:35.247 49185 49185 I A06666/com.huawei.hmos.aidispatch.1/SubDispatch_51112400: AISuggestionService:romVersion = 600
03-28 16:03:35.247 49185 49185 I A06666/com.huawei.hmos.aidispatch.1/SubDispatch_51112400: AISuggestionService:checkClearNewUserDecay end, lastRomVersion: 600
03-28 16:03:35.249  4817  4817 I A00F00/.huawei.hmos.aidispatchservice/AIDispatcherEngineOH: JsonUtil:parseObjToStr
03-28 16:03:35.249  4817  4817 I A00F00/.huawei.hmos.aidispatchservice/AIDispatcherEngineOH: JsonUtil:parseObjToStr
03-28 16:03:35.249  4817  4817 I A06666/.huawei.hmos.aidispatchservice/AIDispatch_51112400: ServiceCommunicator:connected
03-28 16:03:35.249  4817  4817 I A06666/.huawei.hmos.aidispatchservice/AIDispatch_51112400: ServiceCommunicator:router: abilitydispatch_TriggerAwareness
03-28 16:03:35.250  4817  4817 I A06666/.huawei.hmos.aidispatchservice/AIDispatch_51112400: ServiceCommunicator:releaseAfter 10000 ms
03-28 16:03:35.250  4817  4817 I A06666/.huawei.hmos.aidispatchservice/AIDispatch_51112400: ServiceCommunicator:releaseAfter setTimeout
03-28 16:03:35.250  4817  4817 I A06666/.huawei.hmos.aidispatchservice/AIDispatch_51112400: ServiceCommunicatorPresenter_AISuggestionService_103:dispatchMessage is called
03-28 16:03:35.251  4817  4817 I A00F00/.huawei.hmos.aidispatchservice/AIDispatcherEngineOH: AISuggestionServiceImpl:dispatchMessage is called
03-28 16:03:35.251  4817  4817 E A00F00/.huawei.hmos.aidispatchservice/AIDispatcherEngineOH: AISuggestionServiceImpl:dispatchMessage callbackMap size is:1
03-28 16:03:35.251  4817  4817 I A00F00/.huawei.hmos.aidispatchservice/AIDispatcherEngineOH: BaseSdkServiceProxy:processMessage: utf8 strSize -> 1051
03-28 16:03:35.252 49185 49185 I A06666/com.huawei.hmos.aidispatch.1/SubDispatch_51112400: PhoneSubDispatchServiceStub:messageProcess start
03-28 16:03:35.252 49185 49185 I A06666/com.huawei.hmos.aidispatch.1/SubDispatch_51112400: PhoneSubDispatchServiceStub:processDispatchData: enter to process dispatch messageName = TriggerAwareness
03-28 16:03:35.252 49185 49185 I A06666/com.huawei.hmos.aidispatch.1/SubDispatch_51112400: PhoneSubDispatchServiceStub:processPayload
03-28 16:03:35.252 49185 49185 I A06666/com.huawei.hmos.aidispatch.1/SubDispatch_51112400: AiSuggestionRouter:router messageName:TriggerAwareness, businessName:abilitydispatch
03-28 16:03:35.252 49185 49185 I A06666/com.huawei.hmos.aidispatch.1/SubDispatch_51112400: FenceTriggerProcessor:0x00003
03-28 16:03:35.252 49185 49185 I A06666/com.huawei.hmos.aidispatch.1/SubDispatch_51112400: CommandDirector:send -> commandName:LauncherAppUsageRecCommand
03-28 16:03:35.252 49185 49185 I A06666/com.huawei.hmos.aidispatch.1/SubDispatch_51112400: CommandDirector:send -> execute promptly: 0, later:1.
03-28 16:03:35.252 49185 49185 I A06666/com.huawei.hmos.aidispatch.1/SubDispatch_51112400: CommandDirector:executeCommand -> begin:LauncherAppUsageRecCommand isPromptlyExecute:false delayTime:1500
03-28 16:03:35.252 49185 49185 I A06666/com.huawei.hmos.aidispatch.1/SubDispatch_51112400: LauncherAppUsageRecCommand:wait 1500 ms
03-28 16:03:35.252 49185 49185 I A00F00/com.huawei.hmos.aidispatch.1/AIDispatcherEngineOH: ServiceCallbackProxy:writeStringInSegments: utf8 strSize -> 36
03-28 16:03:35.252 49185 49185 I A00F00/com.huawei.hmos.aidispatch.1/AIDispatcherEngineOH: ServiceCallbackProxy:writeStringInSegments success
03-28 16:03:35.253  4817  4817 I A06666/.huawei.hmos.aidispatchservice/AIDispatch_51112400: ServiceCommunicator:router: code TriggerAwareness 1
03-28 16:03:35.253  4817  4817 I A06666/.huawei.hmos.aidispatchservice/AIDispatch_51112400: ServiceCommunicator:releaseAfter 9997 ms
03-28 16:03:35.253  4817  4817 I A06666/.huawei.hmos.aidispatchservice/AIDispatch_51112400: ServiceCommunicator:releaseAfter setTimeout
03-28 16:03:35.255 49185 49185 I A00000/com.huawei.hmos.aidispatch.1/ResourceManager: getKV-get success, key=realMachineTestRes value=false
03-28 16:03:35.256 49185 49185 I A00000/com.huawei.hmos.aidispatch.1/ResourceManager: getKV-get success, key=realMachineTestRes value=false
03-28 16:03:35.262 49185 49185 I A00000/com.huawei.hmos.aidispatch.1/ResourceManager: initDatabase-database create success
03-28 16:03:35.262 49185 49185 I A00F00/com.huawei.hmos.aidispatch.1/DevConfigUpdateManager: subscribe-Initialize UpgradeManager, subscribe upgrade information
03-28 16:03:35.263 49185 49185 I A00000/com.huawei.hmos.aidispatch.1/ResourceManager: initDatabase-database create success
03-28 16:03:35.263 49185 49185 I A00F00/com.huawei.hmos.aidispatch.1/UpgradeManager: subscribe-Initialize UpgradeManager, subscribe upgrade information
03-28 16:03:35.264 49185 49185 I A00000/com.huawei.hmos.aidispatch.1/ResourceManager: checkSubscribeInfo-target resId exists, row count: 1
03-28 16:03:35.264 49185 49185 I A00F00/com.huawei.hmos.aidispatch.1/UpgradeManager: subscribe-subInfo existed, already subscribed before
03-28 16:03:35.264 49185 49185 I A00F00/com.huawei.hmos.aidispatch.1/UpgradeManager: subscribe-all resId subscribe success
03-28 16:03:35.264 49185 49185 I A06666/com.huawei.hmos.aidispatch.1/SubDispatch_51112400: IdsUpdateReporter:reportIdsUpdate: initAndSubscribe 1 undefined
03-28 16:03:35.264 49185 49185 I A00000/com.huawei.hmos.aidispatch.1/ResourceManager: checkSubscribeInfo-target resId exists, row count: 1
03-28 16:03:35.264 49185 49185 I A00F00/com.huawei.hmos.aidispatch.1/DevConfigUpdateManager: subscribe-subInfo existed, already subscribed before
03-28 16:03:35.264 49185 49185 I A00F00/com.huawei.hmos.aidispatch.1/DevConfigUpdateManager: subscribe-all resId subscribe success
03-28 16:03:35.264 49185 49185 I A06666/com.huawei.hmos.aidispatch.1/SubDispatch_51112400: DevConfigUpdateManager:initAndSubscribe success
03-28 16:03:35.264 49185 49185 I A06666/com.huawei.hmos.aidispatch.1/SubDispatch_51112400: IdsUpdateReporter:reportIdsUpdate: initAndSubscribe 1 undefined
03-28 16:03:35.265 49185 49185 I A06666/com.huawei.hmos.aidispatch.1/SubDispatch_51112400: DevConfigUpdateManager:checkUpdate: not time to update
03-28 16:03:35.265 49185 49185 I A06666/com.huawei.hmos.aidispatch.1/SubDispatch_51112400: LayoutConfigUpdater:checkInnerConfig: app version no change
03-28 16:03:35.265 49185 49185 I A00000/com.huawei.hmos.aidispatch.1/ResourceManager: getKV-getKV start
03-28 16:03:35.265 49185 49185 I A00000/com.huawei.hmos.aidispatch.1/ResourceManager: createKVStore-createKVStore start
03-28 16:03:35.265 49185 49185 I A00000/com.huawei.hmos.aidispatch.1/ResourceManager: createKVStore-get kvManager success
03-28 16:03:35.267 49185 49185 I A00000/com.huawei.hmos.aidispatch.1/ResourceManager: getKV-get success, key=realMachineTestRes value=false
03-28 16:03:35.268 49185 49185 I A00000/com.huawei.hmos.aidispatch.1/ResourceManager: initDatabase-database create success
03-28 16:03:35.268 49185 49185 I A00F00/com.huawei.hmos.aidispatch.1/UpgradeManager: subscribe-Initialize UpgradeManager, subscribe upgrade information
03-28 16:03:35.268 49185 49185 I A00000/com.huawei.hmos.aidispatch.1/ResourceManager: checkSubscribeInfo-target resId exists, row count: 1
03-28 16:03:35.268 49185 49185 I A00F00/com.huawei.hmos.aidispatch.1/UpgradeManager: subscribe-subInfo existed, already subscribed before
03-28 16:03:35.268 49185 49185 I A00F00/com.huawei.hmos.aidispatch.1/UpgradeManager: subscribe-all resId subscribe success
03-28 16:03:35.269 49185 49185 I A0FFEE/com.huawei.hmos.aidispatch.1/ReportCoreManager: report-SetConfigOption   Success
03-28 16:03:35.269 49185 49185 I A06666/com.huawei.hmos.aidispatch.1/SubDispatch_51112400: AiDispatchReportManager:init success
03-28 16:03:35.269 49185 49185 I A06666/com.huawei.hmos.aidispatch.1/SubDispatch_51112400: VAssistantConfigUpdater:checkInnerConfig: app version no change
03-28 16:03:35.269 49185 49185 I A00000/com.huawei.hmos.aidispatch.1/ResourceManager: getKV-getKV start
03-28 16:03:35.269 49185 49185 I A00000/com.huawei.hmos.aidispatch.1/ResourceManager: createKVStore-createKVStore start
03-28 16:03:35.269 49185 49185 I A00000/com.huawei.hmos.aidispatch.1/ResourceManager: createKVStore-get kvManager success
03-28 16:03:35.271 49185 49185 I A00000/com.huawei.hmos.aidispatch.1/ResourceManager: getKV-get success, key=realMachineTestRes value=false
03-28 16:03:35.271 49185 49185 I A00000/com.huawei.hmos.aidispatch.1/ResourceManager: initDatabase-database create success
03-28 16:03:35.271 49185 49185 I A00F00/com.huawei.hmos.aidispatch.1/UpgradeManager: subscribe-Initialize UpgradeManager, subscribe upgrade information
03-28 16:03:35.272 49185 49185 I A00000/com.huawei.hmos.aidispatch.1/ResourceManager: checkSubscribeInfo-target resId exists, row count: 1
03-28 16:03:35.272 49185 49185 I A00F00/com.huawei.hmos.aidispatch.1/UpgradeManager: subscribe-subInfo existed, already subscribed before
03-28 16:03:35.272 49185 49185 I A00F00/com.huawei.hmos.aidispatch.1/UpgradeManager: subscribe-all resId subscribe success
03-28 16:03:35.272 49185 49185 I A06666/com.huawei.hmos.aidispatch.1/SubDispatch_51112400: IdsServiceManager:lastCheckUpdateTime=1774684705357
03-28 16:03:35.272 49185 49185 I A06666/com.huawei.hmos.aidispatch.1/SubDispatch_51112400: IdsServiceManager:checkUpdate: not time to update
03-28 16:03:35.296 49063 49277 D A00000/com.yjsoft.hmrdp/FreeRDP: Pointer_SetNull
03-28 16:03:35.296 49063 49063 D A03D00/com.yjsoft.hmrdp/JSAPP: [LibFreeRDP] OnCursorTypeChanged: 0
03-28 16:03:35.296 49063 49063 I A03D00/com.yjsoft.hmrdp/JSAPP: [LibFreeRDP] OnGraphicsResize: 1920x1080@32
03-28 16:03:35.296 49063 49063 I A03D00/com.yjsoft.hmrdp/JSAPP: SessionPage: OnGraphicsResize 1920x1080@32
03-28 16:03:35.296 49063 49063 I A03D00/com.yjsoft.hmrdp/JSAPP: SessionPage: OnGraphicsResize 1920x1080@32
03-28 16:03:35.303 49063 49063 I A03D00/com.yjsoft.hmrdp/JSAPP: SessionPage: PixelMap created 1920x1080
03-28 16:03:35.303 49063 49063 I A00000/com.yjsoft.hmrdp/FreeRDP: Requesting full screen refresh (<private>x<private>)
03-28 16:03:35.303 49063 49063 I A00000/com.yjsoft.hmrdp/FreeRDP: RefreshRect PDU sent
03-28 16:03:35.303 49063 49063 I A00000/com.yjsoft.hmrdp/FreeRDP: GDI invalid region set
03-28 16:03:35.303 49063 49063 I A00000/com.yjsoft.hmrdp/FreeRDP: Graphics update callback triggered
03-28 16:03:35.303 49063 49063 D A03D00/com.yjsoft.hmrdp/JSAPP: [LibFreeRDP] OnCursorTypeChanged: 0
03-28 16:03:35.303 49063 49063 D A03D00/com.yjsoft.hmrdp/JSAPP: [LibFreeRDP] OnGraphicsUpdate: instance=387793072896, region=(0,0,1920,1080)
03-28 16:03:35.314 49063 49063 D A03D00/com.yjsoft.hmrdp/JSAPP: [LibFreeRDP] OnCursorTypeChanged: 0
03-28 16:03:35.317 49063 49063 D A03D00/com.yjsoft.hmrdp/JSAPP: [LibFreeRDP] OnCursorTypeChanged: 0
03-28 16:03:35.330 58084 58084 I A06666/com.huawei.hmsapp.appgallery/AG/comment_ohos: Event: {"appId":"HW-AppGallery","sdkVersion":"1.25.12-322","login":"true","page":"18","eventType":"45","anonId":"d127e4ccd1d15b5febe75d047ce34ee11bca07c9"}
03-28 16:03:35.333 48907 49399 I A00000/om.huawei.hmos.aidataservice.1/NK_CPP: [INFO][OnResponseStarted] rqId:6883118712447008769, protocol:h2, statusCode:200, statusText:
03-28 16:03:35.333 48907 49334 I A00000/om.huawei.hmos.aidataservice.1/NK_CPP: [INFO][OnLogMessage] cronet stats is protocol:h2,zero_rtt_para_error_code:-1,zero_rtt_mode:0,net_retry_cnt:0,alternativejob_start_status:1,dns_cache:-1,server_ip:49.4.40.254,dns_type:Local_DNS
03-28 16:03:35.333 48907 49399 I A00000/om.huawei.hmos.aidataservice.1/NK_CPP: [INFO][NotifyStatusChanged] rqId:6883118712447008769 is done
03-28 16:03:35.334 48907 49399 I A00000/om.huawei.hmos.aidataservice.1/NK_CPP: [INFO][OnSucceeded] rqId:6883118712447008769, code:200 
03-28 16:03:35.334 48907 49399 I A00000/om.huawei.hmos.aidataservice.1/NK_CPP: [INFO][OnRequestFinished] rqId:6883118712447008769 enter urlCallBackStatus: 1
03-28 16:03:35.334 48907 49399 I A00000/om.huawei.hmos.aidataservice.1/NK_CPP: [INFO][PreProcessQuicInfoReportData] rqId: 6883118712447008769, quic: protocol:h2,zero_rtt_mode:0,alternativejob_start_status:1,dns_cache:-1,dns_type:Local_DNS,
03-28 16:03:35.335 48907 48907 I A00000/om.huawei.hmos.aidataservice.1/NK_URL_NAPI: [a92ab18b56aa1aa 24e0b2b 2b34caf]BundleInfo clientId:f7748408-2489-4fc5-9176-8225e49071a4 reqID:045efa51-6de8-4ca6-ae11-8b60bf6f51c8 ResCode:200 ResMsg:http_status_code:200 RedirectCount:0 ReadDataCount:1 createReqTime:1774685015216 startReqTime:1774685015216 ResStartedTime:1774685015333 ResFirstDataTime:1774685015333 ResSuccessTime:1774685015334 ResFailureTime:0 ResFinishTime:1774685015334 ReleaseReqTime:1774685015335 CreateToStart:0 ReqStartToResStart:117 ResStartToResFinish:1 ReqStartToRelease:119
03-28 16:03:35.335 48907 48907 I A00000/om.huawei.hmos.aidataservice.1/NK_URL_NAPI: [a92ab18b56aa1aa 24e0b2b 2b34caf]RequestBundle::~RequestBundle() leave
03-28 16:03:35.335 48907 48907 I A00F00/om.huawei.hmos.aidataservice.1/160002307: [a92ab18b56aa1aa 128fc58 3aa19ff]HttpUtils: response code is 200, response message is http_status_code:200
03-28 16:03:35.335 48907 48907 I A00F00/om.huawei.hmos.aidataservice.1/160002307: [a92ab18b56aa1aa 83c9cf 128fc58]HttpUtils: 200 POST /hiai/v3/ids | 189 bytes
03-28 16:03:35.335 48907 48907 I A00F00/om.huawei.hmos.aidataservice.1/160002307: [a92ab18b56aa1aa 189a77a d96792]SyncCloudDataHelper: [t_ids_kv_ohos_installed_apps]nextSingleWriteUpload response retCode: 0, description: OK
03-28 16:03:35.335 48907 48907 I A00F00/om.huawei.hmos.aidataservice.1/160002307: [a92ab18b56aa1aa 26bec85 13e1854]SingleDirectionSyncHelper: incrementalUpload b8bda891-33ba-4a96-b74f-342b81777bda-0 succeeded
03-28 16:03:35.336 48907 48907 I A00F00/om.huawei.hmos.aidataservice.1/160002307: [a92ab18b56aa1aa 26bec85 13e1854]report.SingleDirectionSyncStatisticHelper: recordItemWithUploadItemWhenIncrementSuccess
03-28 16:03:35.336 48907 48907 I A00F00/om.huawei.hmos.aidataservice.1/160002307: [a92ab18b56aa1aa 525dee 39ad1fa]report.SingleDirectionSyncStatisticHelper: support statistic tables:t_ids_ohos_standard_user_profile
03-28 16:03:35.336 48907 48907 I A00F00/om.huawei.hmos.aidataservice.1/160002307: [a92ab18b56aa1aa 2efe545 525dee]report.SingleDirectionSyncStatisticHelper: not support statistic tables:t_ids_kv_ohos_installed_apps
03-28 16:03:35.336 48907 48907 I A00F00/om.huawei.hmos.aidataservice.1/160002307: [a92ab18b56aa1aa 3bb60f5 1016e5c]SingleDirectionSyncHelper: incrementalUpload all success
03-28 16:03:35.336 48907 48907 I A00F00/om.huawei.hmos.aidataservice.1/160002307: [a92ab18b56aa1aa 204a414 37a8eb5]DataManagerServiceImpl: sync single table success: 1
03-28 16:03:35.337 48907 48907 I A00F00/om.huawei.hmos.aidataservice.1/AIDispatcherEngineOH: [a92ab18b56aa1aa 231fd8f 225149]ServiceCallbackProxy: onResult will use RawData
03-28 16:03:35.337 48907 48907 I A00F00/om.huawei.hmos.aidataservice.1/160002307: [a92ab18b56aa1aa 7924da 225149]ProcessManager: business finished, msgName: SyncLatestData
03-28 16:03:35.337 48907 48907 I A00F00/om.huawei.hmos.aidataservice.1/160002307: [a92ab18b56aa1aa 7924da 225149]ProcessManager: all business finished, has chance wait to kill self
03-28 16:03:35.337 48907 48907 I A00F00/om.huawei.hmos.aidataservice.1/160002307: [a92ab18b56aa1aa 7924da 225149]ProcessManager: maybe last business finished before kill self, msgName: SyncLatestData
03-28 16:03:35.337 48907 48907 I A00F00/om.huawei.hmos.aidataservice.1/160002307: [a92ab18b56aa1aa 7924da 225149]TimeoutUtil: id: 0
03-28 16:03:35.337 48907 48907 I A00F00/om.huawei.hmos.aidataservice.1/160002307: [a92ab18b56aa1aa 7924da 225149]ProcessManager: start new setTimeout: 0 in case to kill self after 20 min
03-28 16:03:35.337 48907 48907 I A00F00/om.huawei.hmos.aidataservice.1/160002307: [a92ab18b56aa1aa 14f5515 7924da]TimeoutUtil: id: 1
03-28 16:03:35.337 48907 48907 I A00F00/om.huawei.hmos.aidataservice.1/160002307: [a92ab18b56aa1aa 236dcb7 3f500b]TimeUtil: updateCloudTime: {"systemBootTimeStamp":65969239,"currentTimeStamp":1774685015337,"cloudTimeStamp":1774685014000}
03-28 16:03:35.338  4827  4827 I A06666/com.huawei.hmos.aidataservice/160002307: [a92ab18b56aa1aa 414504 1b6f728]TimeUtil: system: 65969120, current: 1774685015216, cloud: 1774685014000
03-28 16:03:35.338  4827  4827 I A06666/com.huawei.hmos.aidataservice/160002307: [a92ab18b56aa1aa 414504 1b6f728]TimeoutUtil: id: 5291
03-28 16:03:35.346 49063 49063 D A03D00/com.yjsoft.hmrdp/JSAPP: [LibFreeRDP] OnCursorTypeChanged: 0
03-28 16:03:35.348 49063 49063 D A03D00/com.yjsoft.hmrdp/JSAPP: [LibFreeRDP] OnCursorTypeChanged: 0
03-28 16:03:35.376  4726  4726 W A01B01/com.ohos.sceneboard/HOME: SCBSCS: getTransitionCount from session 123, 1
03-28 16:03:35.376  4726  4726 W A01B01/com.ohos.sceneboard/HOME: SCBTM: getTransitionCount from animationMap 123, 1
03-28 16:03:35.376  4726  4726 W A01B01/com.ohos.sceneboard/HOME: SCBSCS: getTransitionCount from session 123, 1
03-28 16:03:35.376  4726  4726 W A01B01/com.ohos.sceneboard/HOME: SCBTM: getTransitionCount from animationMap 123, 1
03-28 16:03:35.376  4726  4726 W A01B01/com.ohos.sceneboard/HOME: SCBSCS: [SCBScenePanelViewModel] border radius from topLeft: 12, topRight: 12, bottomLeft: 12, bottomRight: 12 to 0. reason: sceneContainerZoomIn, extra: EntryAbility/com.yjsoft.hmrdp/entry/0(persistentId: 543)(containerId: 123)
03-28 16:03:35.376  4726  4726 W A01B01/com.ohos.sceneboard/HOME: SCBSCS: clearTransitionCount 123, 1
03-28 16:03:35.383  4726  4726 I A0421D/com.ohos.sceneboard/WMSRotation: containerSession isVertical verticalRotation: 0, reverseVerticalRotation: 180, rotation: 270
03-28 16:03:35.385 49063 49063 D A03D00/com.yjsoft.hmrdp/JSAPP: [LibFreeRDP] OnCursorTypeChanged: 8
03-28 16:03:35.435 49063 49358 I A00000/com.yjsoft.hmrdp/FreeRDP: harmonyos_end_paint: frame=<private>, region=[<private>,<private>,<private>,<private>], gdi=<private>x<private>
03-28 16:03:35.435 49063 49358 D A00000/com.yjsoft.hmrdp/FreeRDP: harmonyos_end_paint: Graphics update callback called
03-28 16:03:35.435 49063 49063 D A03D00/com.yjsoft.hmrdp/JSAPP: [LibFreeRDP] OnGraphicsUpdate: instance=387793072896, region=(0,0,1920,1080)
03-28 16:03:35.435 49063 49063 D A03D00/com.yjsoft.hmrdp/JSAPP: [LibFreeRDP] OnCursorTypeChanged: 0
03-28 16:03:35.460 49063 49358 I A00000/com.yjsoft.hmrdp/FreeRDP: harmonyos_end_paint: frame=<private>, region=[<private>,<private>,<private>,<private>], gdi=<private>x<private>
03-28 16:03:35.460 49063 49358 D A00000/com.yjsoft.hmrdp/FreeRDP: harmonyos_end_paint: Graphics update callback called
03-28 16:03:35.460 49063 49063 D A03D00/com.yjsoft.hmrdp/JSAPP: [LibFreeRDP] OnGraphicsUpdate: instance=387793072896, region=(0,0,1920,1080)
03-28 16:03:35.460 49063 49358 I A00000/com.yjsoft.hmrdp/FreeRDP: harmonyos_end_paint: frame=<private>, region=[<private>,<private>,<private>,<private>], gdi=<private>x<private>
03-28 16:03:35.460 49063 49358 D A00000/com.yjsoft.hmrdp/FreeRDP: harmonyos_end_paint: Graphics update callback called
03-28 16:03:35.461 49063 49063 D A03D00/com.yjsoft.hmrdp/JSAPP: [LibFreeRDP] OnGraphicsUpdate: instance=387793072896, region=(1819,1029,66,19)
03-28 16:03:35.560 58084 58084 I A06666/com.huawei.hmsapp.appgallery/AG/AppGallery: random:1774685889410, index:0,[WindowManager]:display change dpi no change
03-28 16:03:35.610 55001 49014 I A00000/AppGalleryService/NK_CPP: [INFO][Stop] Worker: nk-url-cronet Stop start
03-28 16:03:35.610 55001 49014 I A00000/AppGalleryService/NK_CPP: [INFO][Run] worker stop running
03-28 16:03:35.610 55001 49014 I A00000/AppGalleryService/NK_CPP: [INFO][Stop] Worker: nk-url-cronet Stop start
03-28 16:03:35.953 49063 49063 I A03D00/com.yjsoft.hmrdp/JSAPP: NetworkManager: Attempting to reconnect to 192.168.100.226:3389
03-28 16:03:35.953 49063 49277 E A00000/com.yjsoft.hmrdp/FreeRDP: Failed to check FreeRDP file descriptor
03-28 16:03:35.953 49063 49277 I A00000/com.yjsoft.hmrdp/FreeRDP: Prepare shutdown...
03-28 16:03:35.953 49063 49277 D A00000/com.yjsoft.hmrdp/FreeRDP: Run loop exited with status: <private>
03-28 16:03:35.955 49063 49277 I A00000/com.yjsoft.hmrdp/FreeRDP: Clipboard channel disconnected
03-28 16:03:35.974 49063 49277 I A00000/com.yjsoft.hmrdp/FreeRDP: harmonyos_post_disconnect: ENTER
03-28 16:03:35.974 49063 49277 I A00000/com.yjsoft.hmrdp/FreeRDP: harmonyos_post_disconnect: ErrorCode=0x2000B Msg=The connection was cancelled.
03-28 16:03:35.974 49063 49063 I A03D00/com.yjsoft.hmrdp/JSAPP: [LibFreeRDP] OnDisconnecting: instance=387793072896
03-28 16:03:35.974 49063 49063 I A03D00/com.yjsoft.hmrdp/JSAPP: SessionPage: OnDisconnecting
03-28 16:03:35.975 49063 49277 I A00000/com.yjsoft.hmrdp/FreeRDP: harmonyos_post_disconnect: EXIT
03-28 16:03:35.975 49063 49277 I A00000/com.yjsoft.hmrdp/FreeRDP: Session ended. Reporting to ArkTS.
03-28 16:03:35.975 49063 49277 D A00000/com.yjsoft.hmrdp/FreeRDP: Stop...
03-28 16:03:35.975 49063 49277 D A00000/com.yjsoft.hmrdp/FreeRDP: Session ended with <private>
03-28 16:03:35.975 49063 49277 D A00000/com.yjsoft.hmrdp/FreeRDP: Quit.
03-28 16:03:35.976 49063 49063 I A03D00/com.yjsoft.hmrdp/JSAPP: [LibFreeRDP] OnDisconnected: instance=387793072896
03-28 16:03:35.976 49063 49063 I A03D00/com.yjsoft.hmrdp/JSAPP: SessionPage: OnDisconnected
03-28 16:03:35.976 49063 49063 I A03D00/com.yjsoft.hmrdp/JSAPP: RdpBackgroundService: Stopping background service (normal stop)
03-28 16:03:35.979  4726  4726 W A01A01/com.ohos.sceneboard/NC: NotificationSubscribeManager: On notification cancel
03-28 16:03:35.979  4726  4726 W A01A01/com.ohos.sceneboard/NC: NotificationSubscribeManager: need delList length: 1
03-28 16:03:35.979  4726  4726 W A01A01/com.ohos.sceneboard/NC: NotificationDataManager: remove local ntf list __0_1096_com.yjsoft.hmrdp_bgmode_20020228_14017879603748104831_1420_88
03-28 16:03:35.979  4726  4726 W A01A00/com.ohos.sceneboard/SYS_UI: FreqLimitMaintenance: (1)No report event(6) because errorCode [4803] exceeded limit
03-28 16:03:35.979  4726  4726 W A01A01/com.ohos.sceneboard/NC: NotificationDataManager: Remove ntfList: __0_1096_com.yjsoft.hmrdp_bgmode_20020228_14017879603748104831_1420_88
03-28 16:03:35.979  4726  4726 W A01A00/com.ohos.sceneboard/SYS_UI: LiveDataVm: Recieve live event: 3, updateType: 0, live length: 0, isClearAllApp: false
03-28 16:03:35.979  4726  4726 W A01A01/com.ohos.sceneboard/NC: BannerNotificationEntryVm --> wait promise:  
03-28 16:03:35.979  4726  4726 W A01A01/com.ohos.sceneboard/NC: SysUI_RemindPlayManager: stop play audio reason: 2
03-28 16:03:35.979  4726  4726 W A01A01/com.ohos.sceneboard/NC: NotificationSubscribeManager: onCancel end, hashCode: __0_1096_com.yjsoft.hmrdp_bgmode_20020228_14017879603748104831_1420_88
03-28 16:03:35.979  4726  4726 W A01A01/com.ohos.sceneboard/NC: NotificationDataVm: handleNotificationEvent, type: 3, size: 1
03-28 16:03:35.979  4726  4726 W A01A01/com.ohos.sceneboard/NC: NotificationDataVm: Delete ntf __0_1096_com.yjsoft.hmrdp_bgmode_20020228_14017879603748104831_1420_88, existNtf groupKey: com.yjsoft.hmrdp_20020228_999
03-28 16:03:35.980 49063 49063 E A03D00/com.yjsoft.hmrdp/JSAPP: RdpBackgroundService: Failed to cancel notification: 1600007 - The notification does not exist
03-28 16:03:35.980 49063 49063 I A03D00/com.yjsoft.hmrdp/JSAPP: RdpBackgroundService: Background service stopped successfully
03-28 16:03:35.980 49063 49063 I A03D00/com.yjsoft.hmrdp/JSAPP: SessionPage: Heartbeat stopped
03-28 16:03:35.980  4726  4726 W A01A00/com.ohos.sceneboard/SYS_UI: TaskQueue: stop run task, queueName NotificationSubscribeManager, isFreeze: false, runningCount: 0, tasks length: 0
03-28 16:03:35.980  4726  4726 W A01A00/com.ohos.sceneboard/SYS_UI: TaskQueue: stop run task, queueName BannerNotificationEntryVm, isFreeze: false, runningCount: 0, tasks length: 0
03-28 16:03:35.987 11585 48084 E A04510/com.tencent.wechat/chromium: [a92ab68b5745e2a 0 0][battery_mgr_client_adapter_impl.cpp:58] not battery event
03-28 16:03:35.989 11585 48084 E A04510/com.tencent.wechat/chromium: [a92ab68b5745e2a 0 0][battery_mgr_client_adapter_impl.cpp:58] not battery event
03-28 16:03:35.989 11585 48084 E A04510/com.tencent.wechat/chromium: [a92ab68b5745e2a 0 0][battery_mgr_client_adapter_impl.cpp:58] not battery event
03-28 16:03:36.335 48907 49399 I A00000/om.huawei.hmos.aidataservice.1/NK_CPP: [INFO][Stop] Worker: nk-url-cronet Stop start
03-28 16:03:36.335 48907 49399 I A00000/om.huawei.hmos.aidataservice.1/NK_CPP: [INFO][Run] worker stop running
03-28 16:03:36.335 48907 49399 I A00000/om.huawei.hmos.aidataservice.1/NK_CPP: [INFO][Stop] Worker: nk-url-cronet Stop start
03-28 16:03:36.389  4726  4726 I A01B05/com.ohos.sceneboard/AOD: AodBatteryIconModel --> battery state changed
03-28 16:03:36.391 11585 48084 E A04510/com.tencent.wechat/chromium: [battery_mgr_client_adapter_impl.cpp:58] not battery event
03-28 16:03:36.761 49185 49185 I A06666/com.huawei.hmos.aidispatch.1/SubDispatch_51112400: CommandDirector:startExecute setTimeout
03-28 16:03:36.761 49185 49185 I A06666/com.huawei.hmos.aidispatch.1/SubDispatch_51112400: LauncherAppUsageRecCommand:start execute
03-28 16:03:36.761 49185 49185 I A06666/com.huawei.hmos.aidispatch.1/SubDispatch_51112400: PromiseUtil:promiseUtil timeout setTimeout
03-28 16:03:36.792 49185 49185 I A06666/com.huawei.hmos.aidispatch.1/SubDispatch_51112400: TableDao:query table_version setTimeout
03-28 16:03:36.792 49185 49185 I A06666/com.huawei.hmos.aidispatch.1/SubDispatch_51112400: PromiseUtil:promiseUtil timeout setTimeout
03-28 16:03:36.795 49185 49185 I A06666/com.huawei.hmos.aidispatch.1/SubDispatch_51112400: TableDao:query cache_info setTimeout
03-28 16:03:36.795 49185 49185 I A06666/com.huawei.hmos.aidispatch.1/SubDispatch_51112400: PromiseUtil:promiseUtil timeout setTimeout
03-28 16:03:36.809 49185 49185 I A06666/com.huawei.hmos.aidispatch.1/SubDispatch_51112400: ParentControlChildModelSwitch:isSwitchOpen -> null
03-28 16:03:36.810 49185 49185 I A06666/com.huawei.hmos.aidispatch.1/SubDispatch_51112400: MinorsProtectionUtil:isMinorsProtectionMode isChildModelOpen: null
03-28 16:03:36.813 49185 49185 I A06666/com.huawei.hmos.aidispatch.1/SubDispatch_51112400: MinorsProtectionUtil:getParentControlModeSync, parentControlSwitch=false
03-28 16:03:36.813 49185 49185 I A06666/com.huawei.hmos.aidispatch.1/SubDispatch_51112400: MinorsProtectionUtil:isParentControlModeForChild=false
03-28 16:03:36.813 49185 49185 I A06666/com.huawei.hmos.aidispatch.1/SubDispatch_51112400: MinorsProtectionUtil:isMinorsProtectionMode isParentControlModel: false
03-28 16:03:36.815 49185 49185 I A06666/com.huawei.hmos.aidispatch.1/SubDispatch_51112400: PrivacyUtil:getPersonalizationFlag. isPersonalRecOpen=false
03-28 16:03:36.821 49185 49185 I A06666/com.huawei.hmos.aidispatch.1/SubDispatch_51112400: NewUserScene:romVersion = 600
03-28 16:03:36.821 49185 49185 I A06666/com.huawei.hmos.aidispatch.1/SubDispatch_51112400: LauncherAppUsageRecCommand:queryAllScenes -> query ds enter scenes
03-28 16:03:36.821 49185 49185 I A06666/com.huawei.hmos.aidispatch.1/SubDispatch_51112400: LauncherAppUsageRecCommand:getDsEnterScenes setTimeout
03-28 16:03:36.822 49185 49185 I A00F00/com.huawei.hmos.aidispatch.1/AIDispatcherEngineOH: BaseSdkPresenter:enter bind service
03-28 16:03:36.822 49185 49185 I A00F00/com.huawei.hmos.aidispatch.1/AIDispatcherEngineOH: JsonUtil:parseStrToClass
03-28 16:03:36.822 49185 49185 I A00F00/com.huawei.hmos.aidispatch.1/AIDispatcherEngineOH: AiDispatchServiceManager:connectService
03-28 16:03:36.822 49185 49185 I A00F00/com.huawei.hmos.aidispatch.1/AIDispatcherEngineOH: AiDispatchServiceManager:connection: 1
03-28 16:03:36.822 49185 49185 I A06666/com.huawei.hmos.aidispatch.1/SubDispatch_51112400: MainProcessServiceManager:dispatch message setTimeout
03-28 16:03:36.822 49185 49185 I A06666/com.huawei.hmos.aidispatch.1/SubDispatch_51112400: PromiseUtil:promiseUtil timeout setTimeout
03-28 16:03:36.836  4817  4817 I A06666/.huawei.hmos.aidispatchservice/AIDispatch_51112400: [a92ab68b58c8dee d04f1 127071c]AiDispatchRemoteAbility:onConnect, caller is com.huawei.hmos.aidispatchservice, 33580
03-28 16:03:36.836  4817  4817 I A06666/.huawei.hmos.aidispatchservice/AIDispatch_51112400: [a92ab68b58c8dee d04f1 127071c]AiDispatchInitManager:Bootstrap is already init and start Success
03-28 16:03:36.840 49185 49185 I A00F00/com.huawei.hmos.aidispatch.1/AIDispatcherEngineOH: [a92ab68b58c8dee d665a6 28e700f]JsonUtil:parseObjToStr
03-28 16:03:36.840 49185 49185 I A00F00/com.huawei.hmos.aidispatch.1/AIDispatcherEngineOH: [a92ab68b58c8dee 21143aa 26271d3]JsonUtil:parseObjToStr
03-28 16:03:36.840 49185 49185 I A06666/com.huawei.hmos.aidispatch.1/SubDispatch_51112400: [a92ab68b58c8dee 21143aa 26271d3]MainProcessServiceManager:connect successfully to AiDispatch
03-28 16:03:36.840 49185 49185 I A00F00/com.huawei.hmos.aidispatch.1/AIDispatcherEngineOH: [a92ab68b58c8dee 21143aa 26271d3]BaseSdkPresenter:dispatchMessage is called
03-28 16:03:36.840 49185 49185 I A00F00/com.huawei.hmos.aidispatch.1/AIDispatcherEngineOH: [a92ab68b58c8dee 21143aa 26271d3]JsonUtil:parseStrToClass
03-28 16:03:36.840 49185 49185 I A00F00/com.huawei.hmos.aidispatch.1/AIDispatcherEngineOH: [a92ab68b58c8dee 21143aa 26271d3]AiDispatchServiceManager:dispatchMessage is called
03-28 16:03:36.840 49185 49185 E A00F00/com.huawei.hmos.aidispatch.1/AIDispatcherEngineOH: [a92ab68b58c8dee 21143aa 26271d3]AiDispatchServiceManager:dispatchMessage callbackMap size is:1
03-28 16:03:36.840 49185 49185 I A00F00/com.huawei.hmos.aidispatch.1/AIDispatcherEngineOH: [a92ab68b58c8dee 21143aa 26271d3]BaseSdkServiceProxy:processMessage: utf8 strSize -> 413
03-28 16:03:36.847  4817  4817 I A06666/.huawei.hmos.aidispatchservice/AIDispatch_51112400: [a92ab68b58c8dee 271307 1945555]AiDispatchRemoteAbilityStub:processMessage 33583
03-28 16:03:36.848  4817  4817 I A06666/.huawei.hmos.aidispatchservice/AIDispatch_51112400: [a92ab68b58c8dee 7f6478 271307]AiDispatchRemoteAbilityStub:processMessage: senderName is "com.huawei.hmos.aidispatchservice"
03-28 16:03:36.849  4817  4817 I A06666/.huawei.hmos.aidispatchservice/AIDispatch_51112400: [a92ab68b58c8dee 7d5692 32997a9]AiDispatchRemoteAbilityStub:processDispatchData: enter to process dispatch data
03-28 16:03:36.849  4817  4817 I A06666/.huawei.hmos.aidispatchservice/AIDispatch_51112400: [a92ab68b58c8dee 7d5692 32997a9]AiDispatchRemoteAbilityStub:processPayload
03-28 16:03:36.849  4817  4817 I A06666/.huawei.hmos.aidispatchservice/AIDispatch_51112400: [a92ab68b58c8dee 7d5692 32997a9]AiDispatchServiceManager:router messageName is QueryEnteredScenes
03-28 16:03:36.850  4817  4817 I A06666/.huawei.hmos.aidispatchservice/AIDispatch_51112400: [a92ab68b58c8dee 7d5692 32997a9]SceneEngine_JS:reset dlclose timer 630 after 30s
03-28 16:03:36.850  4817  4817 I A06666/.huawei.hmos.aidispatchservice/AIDispatch_51112400: [a92ab68b58c8dee 7d5692 32997a9]SceneEngine_JS:dlcloseAfterSeconds setTimeout
03-28 16:03:36.851  4817  4817 I A06666/.huawei.hmos.aidispatchservice/SceneEngine: [a92ab68b58c8dee 7d5692 32997a9][EngineNapi.cpp:EngineInit:23]: Napi EngineInit
03-28 16:03:36.857  4817  4817 I A06666/.huawei.hmos.aidispatchservice/PafLog_CPP: [a92ab68b58c8dee 7d5692 32997a9][paf_logger_impl.cpp(PafLoggerImpl:174)] PafLoggerImpl version:2505300
03-28 16:03:36.859  4817  4817 I A06666/.huawei.hmos.aidispatchservice/PafLog_CPP: [a92ab68b58c8dee 7d5692 32997a9][LogManager.cpp(CreateLog:89)] CreateLog enter
03-28 16:03:36.859  4817  4817 W A06666/.huawei.hmos.aidispatchservice/PafLog_CPP: [a92ab68b58c8dee 7d5692 32997a9][LogManager.cpp(CreateLog:110)] call CreateLog, but reuse the Log
03-28 16:03:36.865  4817  4817 I A06666/.huawei.hmos.aidispatchservice/SceneEngine: [a92ab68b58c8dee 7d5692 32997a9][VersionManager.cpp:MergeCurrentVersion:81]: OH_Rdb_GetVersion current version is 12
03-28 16:03:36.865  4817  4817 I A06666/.huawei.hmos.aidispatchservice/SceneEngine: [a92ab68b58c8dee 7d5692 32997a9][DataCenter.cpp:InitDatabase:55]: Init store set to version 12
03-28 16:03:36.865  4817  4817 I A06666/.huawei.hmos.aidispatchservice/SceneEngine: [a92ab68b58c8dee 7d5692 32997a9][SceneEngineAPI.cpp:Init:111]: Basic component init succeed
03-28 16:03:36.865  4817  4817 I A06666/.huawei.hmos.aidispatchservice/SceneEngine: [a92ab68b58c8dee 7d5692 32997a9][SceneEventManager.cpp:SceneEventManager:62]: SceneEventManager create succeed
03-28 16:03:36.865  4817 49445 I A06666/.huawei.hmos.aidispatchservice/SceneEngine: [SceneEventManager.cpp:producer:20]: Create SceneEventManager thread, get_id : 392388765984
03-28 16:03:36.866  4817 49445 I A06666/.huawei.hmos.aidispatchservice/SceneEngine: [EventObserver.cpp:EventLoop:12]: EventLoop start
03-28 16:03:36.866  4817  4817 I A06666/.huawei.hmos.aidispatchservice/SceneEngine: [a92ab68b58c8dee 7d5692 32997a9][AbilityEventManager.cpp:AbilityEventManager:60]: AbilityEventManager create succeed
03-28 16:03:36.866  4817 49446 I A06666/.huawei.hmos.aidispatchservice/SceneEngine: [AbilityEventManager.cpp:producer:19]: Create AbilityEventManager thread, get_id : 392391072032
03-28 16:03:36.866  4817 49446 I A06666/.huawei.hmos.aidispatchservice/SceneEngine: [EventObserver.cpp:EventLoop:12]: EventLoop start
03-28 16:03:36.866  4817 49447 I A06666/.huawei.hmos.aidispatchservice/SceneEngine: [RuleEventManager.cpp:producer:18]: Create RuleEventManager thread, get_id : 392392132896,
03-28 16:03:36.866  4817  4817 I A06666/.huawei.hmos.aidispatchservice/SceneEngine: [a92ab68b58c8dee 7d5692 32997a9][RuleEventManager.cpp:RuleEventManager:48]: RuleEventManager create succeed
03-28 16:03:36.866  4817 49447 I A06666/.huawei.hmos.aidispatchservice/SceneEngine: [EventObserver.cpp:EventLoop:12]: EventLoop start
03-28 16:03:36.866  4817 49446 I A06666/.huawei.hmos.aidispatchservice/SceneEngine: [AbilityEventManager.cpp:HandleEvent:73]: Handle ABILITY_MANAGER_INIT - 
03-28 16:03:36.866  4817 49446 I A06666/.huawei.hmos.aidispatchservice/SceneEngine: [AbilityManager.cpp:Init:28]: Initialize ability manager
03-28 16:03:36.866  4817 49445 I A06666/.huawei.hmos.aidispatchservice/SceneEngine: [SceneEventManager.cpp:HandleEvent:90]: Handle SCENE_MANAGER_INIT - 
03-28 16:03:36.866  4817 49447 I A06666/.huawei.hmos.aidispatchservice/SceneEngine: [RuleEventManager.cpp:HandleEvent:62]: Handle RULE_ENGINE_INIT - {"ruleIdsPath":"/data/storage/el1/base/files/ids_dev_config/scenesengine/rule","ruleRawPath":"rule"}
03-28 16:03:36.866  4817 49445 I A06666/.huawei.hmos.aidispatchservice/SceneEngine: [SceneEventManager.cpp:Init:67]: SceneEventManager Init...
03-28 16:03:36.867  4817 49445 I A06666/.huawei.hmos.aidispatchservice/SceneEngine: [BaseJsonCfg.cpp:LoadContent:22]: Load cfg from initFilePath
03-28 16:03:36.867  4817  4817 I A06666/.huawei.hmos.aidispatchservice/AIDispatch_51112400: [a92ab68b58c8dee 4c11d0 7d5692]SceneEngine_JS:SceneManagerModule init succeed
03-28 16:03:36.867  4817 49446 I A06666/.huawei.hmos.aidispatchservice/SceneEngine: [BaseJsonCfg.cpp:LoadContent:22]: Load cfg from initFilePath
03-28 16:03:36.867  4817 49447 I A06666/.huawei.hmos.aidispatchservice/SceneEngine: [RuleManager.cpp:Init:44]: Init RuleManager {"ruleIdsPath":"/data/storage/el1/base/files/ids_dev_config/scenesengine/rule","ruleRawPath":"rule"}
03-28 16:03:36.867  4817  4817 I A06666/.huawei.hmos.aidispatchservice/AIDispatch_51112400: [a92ab68b58c8dee 33b0083 7d5692]AiDispatchReportManager:onEvent eventId=CallInterface needWrite2Local=undefined
03-28 16:03:36.867  4817  4817 I A06666/.huawei.hmos.aidispatchservice/SceneEngine: [a92ab68b58c8dee 23bc66a 4c11d0][EngineNapi.cpp:EngineSnapShotUpdate:298]: Napi EngineSnapShotUpdate
03-28 16:03:36.867  4817  4817 I A06666/.huawei.hmos.aidispatchservice/SceneEngine: [a92ab68b58c8dee 23bc66a 4c11d0][EngineNapi.cpp:EngineQueryDetail:230]: Napi EngineQueryDetail
03-28 16:03:36.867  4817 49445 I A06666/.huawei.hmos.aidispatchservice/SceneEngine: [BaseJsonCfg.cpp:LoadContent:34]: Load config/scenemanager/sceneConfig.json version 1 succeed
03-28 16:03:36.868  4817 49446 I A06666/.huawei.hmos.aidispatchservice/SceneEngine: [BaseJsonCfg.cpp:LoadContent:34]: Load config/abilitymanager/abilityManagerCfg.json version 1 succeed
03-28 16:03:36.868  4817 49446 I A06666/.huawei.hmos.aidispatchservice/SceneEngine: [BaseJsonCfg.cpp:LoadContent:22]: Load cfg from initFilePath
03-28 16:03:36.868  4817 49446 I A06666/.huawei.hmos.aidispatchservice/SceneEngine: [BaseJsonCfg.cpp:LoadContent:34]: Load config/abilitymanager/abilityManagerCfg.json version 1 succeed
03-28 16:03:36.868  4817 49445 I A06666/.huawei.hmos.aidispatchservice/SceneEngine: [SceneCfgManager.cpp:LoadBusinessContent:30]: SceneCfgManager load businessContent succeed
03-28 16:03:36.868  4817 49446 I A06666/.huawei.hmos.aidispatchservice/SceneEngine: [BaseJsonCfg.cpp:LoadContent:22]: Load cfg from initFilePath
03-28 16:03:36.868  4817 49445 I A06666/.huawei.hmos.aidispatchservice/SceneEngine: [BaseJsonCfg.cpp:LoadContent:22]: Load cfg from initFilePath
03-28 16:03:36.868  4817  4817 I A0FFEE/.huawei.hmos.aidispatchservice/ReportCoreManager: [a92ab68b58c8dee e39208 39a8453]report-onReport instanceTag: AIDispatcherEngineOH,
03-28 16:03:36.868  4817  4817 I A0FFEE/.huawei.hmos.aidispatchservice/ReportCoreManager:             reportType: 0, eventId: CallInterface
03-28 16:03:36.868  4817 49446 I A06666/.huawei.hmos.aidispatchservice/SceneEngine: [BaseJsonCfg.cpp:LoadContent:34]: Load config/abilitymanager/abilityManagerCfg.json version 1 succeed
03-28 16:03:36.869  4817 49445 I A06666/.huawei.hmos.aidispatchservice/SceneEngine: [BaseJsonCfg.cpp:LoadContent:34]: Load config/scenemanager/preRegister.json version 1 succeed
03-28 16:03:36.869  4817 49445 I A06666/.huawei.hmos.aidispatchservice/SceneEngine: [PreRegSub.cpp:LoadBusinessContent:28]: PreRegSub load businessContent succeed
03-28 16:03:36.871  4817  4817 I A0FFEE/.huawei.hmos.aidispatchservice/ReportCoreManager: [a92ab68b58c8dee 351d6d3 52d5ed]report-onReport  onEvent  Success
03-28 16:03:36.872  4817 49445 E A06666/.huawei.hmos.aidispatchservice/SceneEngine: [SceneCfgChecker.cpp:CheckVersionUpdate:213]: No scene version config for 020052025012108
03-28 16:03:36.872  4817 49445 W A06666/.huawei.hmos.aidispatchservice/PafLog_CPP: [paf_logger_impl.cpp(GVFormat:25)] Format fail code is -1
03-28 16:03:36.873  4817 49445 I A06666/.huawei.hmos.aidispatchservice/SceneEngine: [SceneQuerySub.cpp:ExecuteActivated:105]: QueryEnterScenes result : []
03-28 16:03:36.873  4817  4817 I A06666/.huawei.hmos.aidispatchservice/AIDispatch_51112400: AiDispatchServiceManager:QUERY_ENTERED cost time 24
03-28 16:03:36.873  4817  4817 I A00F00/.huawei.hmos.aidispatchservice/AIDispatcherEngineOH: ServiceCallbackProxy:writeStringInSegments: utf8 strSize -> 376
03-28 16:03:36.873  4817  4817 I A00F00/.huawei.hmos.aidispatchservice/AIDispatcherEngineOH: ServiceCallbackProxy:writeStringInSegments success
03-28 16:03:36.874  4817  4817 I A06666/.huawei.hmos.aidispatchservice/AIDispatch_51112400: AiDispatchReportManager:onEvent eventId=SDKCallServerLatency needWrite2Local=undefined
03-28 16:03:36.874  4817  4817 I A06666/.huawei.hmos.aidispatchservice/SceneEngine: [TsFunction.cpp:operator():73]: UV resolve deferred succeed
03-28 16:03:36.874 49185 49185 I A06666/com.huawei.hmos.aidispatch.1/SubDispatch_51112400: MainProcessServiceManager:sendMessageToAiDispatch onResult 1
03-28 16:03:36.874 49185 49185 I A00F00/com.huawei.hmos.aidispatch.1/AIDispatcherEngineOH: BaseSdkPresenter:release service
03-28 16:03:36.874 49185 49185 I A00F00/com.huawei.hmos.aidispatch.1/AIDispatcherEngineOH: JsonUtil:parseStrToClass
03-28 16:03:36.875  4817  4817 I A0FFEE/.huawei.hmos.aidispatchservice/ReportCoreManager: report-onReport instanceTag: AIDispatcherEngineOH,
03-28 16:03:36.875  4817  4817 I A0FFEE/.huawei.hmos.aidispatchservice/ReportCoreManager:             reportType: 1, eventId: SDKCallServerLatency
03-28 16:03:36.875  4817  4817 I A0FFEE/.huawei.hmos.aidispatchservice/ReportCoreManager: report-onReport  onEvent  Success
03-28 16:03:36.886 49185 49185 E A00F00/com.huawei.hmos.aidispatch.1/AIDispatcherEngineOH: JsonUtil:parseStrToClass::source is not JSON string
03-28 16:03:36.886 49185 49185 E A00F00/com.huawei.hmos.aidispatch.1/AIDispatcherEngineOH: BaseSdkPresenter:json transfer failed when release service
03-28 16:03:36.889 49185 49185 W A06666/com.huawei.hmos.aidispatch.1/SubDispatch_51112400: PunchInHelper:isInRecPeriod, workRecTime = 090,105, isWorkTime = true
03-28 16:03:36.889 49185 49185 W A06666/com.huawei.hmos.aidispatch.1/SubDispatch_51112400: PunchInHelper:isInRecPeriod, workRecTime = 000,060, isWorkTime = false
03-28 16:03:36.889 49185 49185 W A06666/com.huawei.hmos.aidispatch.1/SubDispatch_51112400: SceneManagerTs:handlerConflictScene, enterScenes is empty
03-28 16:03:36.890 49185 49185 I A06666/com.huawei.hmos.aidispatch.1/SubDispatch_51112400: DevConfigManager:getConfig: getFromInnerConfigFiles ruleRegisterConfig.json
03-28 16:03:36.895 49185 49185 I A06666/com.huawei.hmos.aidispatch.1/SubDispatch_51112400: TableDao:query table_version setTimeout
03-28 16:03:36.895 49185 49185 I A06666/com.huawei.hmos.aidispatch.1/SubDispatch_51112400: PromiseUtil:promiseUtil timeout setTimeout
03-28 16:03:36.895 49185 49185 I A06666/com.huawei.hmos.aidispatch.1/SubDispatch_51112400: FileUtil:getObjectFromRawFile ruleRegisterConfig.json success
03-28 16:03:36.901 49185 49185 I A06666/com.huawei.hmos.aidispatch.1/SubDispatch_51112400: ParentControlChildModelSwitch:isSwitchOpen -> null
03-28 16:03:36.901 49185 49185 I A06666/com.huawei.hmos.aidispatch.1/SubDispatch_51112400: MinorsProtectionUtil:isMinorsProtectionMode isChildModelOpen: null
03-28 16:03:36.901 49185 49185 I A06666/com.huawei.hmos.aidispatch.1/SubDispatch_51112400: MinorsProtectionUtil:isParentControlModeForChild=false
03-28 16:03:36.901 49185 49185 I A06666/com.huawei.hmos.aidispatch.1/SubDispatch_51112400: MinorsProtectionUtil:isMinorsProtectionMode isParentControlModel: false
03-28 16:03:36.912 49185 49185 I A06666/com.huawei.hmos.aidispatch.1/SubDispatch_51112400: ParentControlChildModelSwitch:isSwitchOpen -> null
03-28 16:03:36.912 49185 49185 I A06666/com.huawei.hmos.aidispatch.1/SubDispatch_51112400: MinorsProtectionUtil:isMinorsProtectionMode isChildModelOpen: null
03-28 16:03:36.912 49185 49185 I A06666/com.huawei.hmos.aidispatch.1/SubDispatch_51112400: MinorsProtectionUtil:isParentControlModeForChild=false
03-28 16:03:36.912 49185 49185 I A06666/com.huawei.hmos.aidispatch.1/SubDispatch_51112400: MinorsProtectionUtil:isMinorsProtectionMode isParentControlModel: false
03-28 16:03:36.912 49185 49185 I A06666/com.huawei.hmos.aidispatch.1/SubDispatch_51112400: LocationRecSwitch:isSwitchOpen: realStatus=true relateStatus=true isOpen=true
03-28 16:03:36.915 49185 49185 I A06666/com.huawei.hmos.aidispatch.1/SubDispatch_51112400: ParentControlChildModelSwitch:isSwitchOpen -> null
03-28 16:03:36.915 49185 49185 I A06666/com.huawei.hmos.aidispatch.1/SubDispatch_51112400: MinorsProtectionUtil:isMinorsProtectionMode isChildModelOpen: null
03-28 16:03:36.915 49185 49185 I A06666/com.huawei.hmos.aidispatch.1/SubDispatch_51112400: MinorsProtectionUtil:isParentControlModeForChild=false
03-28 16:03:36.915 49185 49185 I A06666/com.huawei.hmos.aidispatch.1/SubDispatch_51112400: MinorsProtectionUtil:isMinorsProtectionMode isParentControlModel: false
03-28 16:03:36.916 49185 49185 I A06666/com.huawei.hmos.aidispatch.1/SubDispatch_51112400: BundleUtil:getMetadataValueSync update cache: key=com.ohos.sceneboard_DesktopProviderService_ohos.extension.version, val=12
03-28 16:03:36.917 49185 49185 I A06666/com.huawei.hmos.aidispatch.1/SubDispatch_51112400: BundleUtil:getMetadataValueSync update cache: key=com.ohos.sceneboard_DesktopProviderService_aisuggestion.feature.version, val=6
03-28 16:03:36.917 49185 49185 I A06666/com.huawei.hmos.aidispatch.1/SubDispatch_51112400: BundleUtil:getMetadataValueSync real-time query: key=com.ohos.sceneboard_DesktopProviderService_ohos.extension.version, val=12, useCache=true
