03-27 21:44:13.025     0     0 I I00000/HiLog: ========Zeroth log of type: init
03-27 21:44:12.958   592   592 I I02C01/hmos_cust_carrier_mount/CustCarrierMount: MountCarrierToShared start
03-27 21:44:12.958   592   592 I I02C01/hmos_cust_carrier_mount/CustCarrierMount: success to mount carrier to shared
03-27 21:44:12.958   592   592 I I02C01/hmos_cust_carrier_mount/CustCarrierMount: MountCarrierToShared start
03-27 21:44:12.959   592   592 I I02C01/hmos_cust_carrier_mount/CustCarrierMount: success to mount ANCO_APP_DATA to shared
03-27 21:44:15.034  1055  1055 E I04301/light_sensor/LIGHT_SENSOR: AlsGetDetailInfo: readBytes fail, readBytes 12
03-27 21:44:15.035  1055  1055 E I04301/light_sensor/LIGHT_SENSOR: AlsGetDetailInfo: readBytes fail, readBytes 13
03-27 21:44:15.289  1207  1207 W I02C01/hmos_cust_carrier_mount/CustCarrierMount: not exsit CUST_GLOBAL_CARRIER_DIR or COTA_PARAM_CARRIER_DIR
03-28 16:03:34.552 48248 48248 I A0DFFF/wei.hmos.asde:staticSubscriber/DistEngine_1.0.18.301: EcoRuleStaticSubscriber -> onReceiveEvent, event: usual.event.PACKAGE_CHANGED
03-28 16:03:34.552 55001 56686 I A00000/AppGalleryService/NK_CPP: [INFO][OnLogMessage] cronet stats is pcss_pacing_rate:0 bits/s (0 bytes/s),rri_pcc_version:,dns_cache:-1,zero_rtt_early_data_reason:2,packets_discarded:0,packets_sent:20,pcss_bandwidth_at_last_round:0 bits/s (0 bytes/s),is_ript_enabled:1,rri_quic_version:5.7.3,bytes_sent:11500,alternativejob_race_res:0,pcss_rounds_without_bandwidth_gain:0,is_text_transmission_used:0,pcss_bytes_sent_since_start:0,pcss_monitor_window:0,pcss_exit_reason:0,received_packet_estimated_bandwidth_bps:0,srtt_us:27005,pcss_total_rounds:0,packets_lost:0,is_pcch_enabled:0,packets_processed:18,packet_loss_rate:0,bytes_retransmitted:0,packets_spuriously_retransmitted:0,zero_rtt_para_error_code:0,rri_container_received:0,estimated_bandwidth_bps:929644,sending_rate:0 bits/s (0 bytes/s),bandwidth_status:0,congestion_control_type:2,tlp_count:0,server_ip:210.51.35.154,rto_count:0,protocol:h3,dns_type:HTTPDNS,pto_count:0,is_fec_enabled:0,ript_count:3,gso_status:0,bytes_spuriously_retransmitted:0,packets_received:18,zero_rtt_mode:2,is_report_data:1,bytes_received:3099,packets_retransmitted:0,gro_status:0,net_retry_cnt:0,gro_packet_read:0
03-28 16:03:34.552  4726 48887 W A01B00/com.ohos.sceneboard/SCB: BundleManagerFwk --> getIconResource start
03-28 16:03:34.552  4726 48887 W A01B00/com.ohos.sceneboard/SCB: BundleManagerFwk --> getIconResource from bms getLauncherAbilityResourceInfo for com.yjsoft.hmrdp 0
03-28 16:03:34.555 55001 49014 I A00000/AppGalleryService/NK_CPP: [INFO][NotifyStatusChanged] rqId:7740772966484361217 is done
03-28 16:03:34.556 55001 49014 I A00000/AppGalleryService/NK_CPP: [INFO][OnSucceeded] rqId:7740772966484361217, code:200 
03-28 16:03:34.556 55001 49014 I A00000/AppGalleryService/NK_CPP: [INFO][NotifyStatusChanged] rqId:7740772966484361216 is done
03-28 16:03:34.556 55001 49014 I A00000/AppGalleryService/NK_CPP: [INFO][OnSucceeded] rqId:7740772966484361216, code:200 
03-28 16:03:34.556 55001 49014 I A00000/AppGalleryService/NK_CPP: [INFO][NotifyStatusChanged] rqId:7740772966484361218 is done
03-28 16:03:34.556 55001 49014 I A00000/AppGalleryService/NK_CPP: [INFO][OnSucceeded] rqId:7740772966484361218, code:200 
03-28 16:03:34.556 55001 49014 I A00000/AppGalleryService/NK_CPP: [INFO][OnRequestFinished] rqId:7740772966484361217 enter urlCallBackStatus: 1
03-28 16:03:34.556 55001 49014 I A00000/AppGalleryService/NK_CPP: [INFO][PreProcessQuicInfoReportData] rqId: 7740772966484361217, quic: dns_cache:1,zero_rtt_early_data_reason:2,packets_discarded:0,packets_sent:20,is_ript_enabled:1,bytes_sent:11500,alternativejob_race_res:0,is_text_transmission_used:0,srtt_us:26934,packets_lost:0,is_pcch_enabled:0,packets_processed:17,packet_loss_rate:0,bytes_retransmitted:0,packets_spuriously_retransmitted:0,estimated_bandwidth_bps:929644,congestion_control_type:2,tlp_count:0,rto_count:0,protocol:h3,dns_type:HTTPDNS,pto_count:0,is_fec_enabled:0,ript_count:3,gso_status:0,bytes_spuriously_retransmitted:0,packets_received:17,zero_rtt_mode:2,is_report_data:1,bytes_received:3071,packets_retransmitted:0,gro_status:0,gro_packet_read:0,
03-28 16:03:34.557 55001 49014 I A00000/AppGalleryService/NK_CPP: [INFO][OnRequestFinished] rqId:7740772966484361216 enter urlCallBackStatus: 1
03-28 16:03:34.557 55001 49014 I A00000/AppGalleryService/NK_CPP: [INFO][PreProcessQuicInfoReportData] rqId: 7740772966484361216, quic: bytes_sent:11500,alternativejob_race_res:0,is_text_transmission_used:0,packets_sent:20,zero_rtt_early_data_reason:2,packets_discarded:0,srtt_us:27005,packets_lost:0,is_pcch_enabled:0,packets_processed:18,packet_loss_rate:0,bytes_retransmitted:0,estimated_bandwidth_bps:929644,congestion_control_type:2,tlp_count:0,pto_count:0,is_fec_enabled:0,ript_count:3,gso_status:0,gro_packet_read:0,is_report_data:1,rto_count:0,dns_type:HTTPDNS,protocol:h3,packets_spuriously_retransmitted:0,dns_stat:,dns_server_source:1,bytes_received:3099,packets_retransmitted:0,gro_status:0,dns_cache:1,is_ript_enabled:1,bytes_spuriously_retransmitted:0,packets_received:18,zero_rtt_mode:2,
03-28 16:03:34.557 55001 49014 I A00000/AppGalleryService/NK_CPP: [INFO][OnRequestFinished] rqId:7740772966484361218 enter urlCallBackStatus: 1
03-28 16:03:34.557 55001 49014 I A00000/AppGalleryService/NK_CPP: [INFO][PreProcessQuicInfoReportData] rqId: 7740772966484361218, quic: dns_cache:-1,zero_rtt_early_data_reason:2,packets_discarded:0,packets_sent:20,is_ript_enabled:1,bytes_sent:11500,alternativejob_race_res:0,is_text_transmission_used:0,srtt_us:27005,packets_lost:0,is_pcch_enabled:0,packets_processed:18,packet_loss_rate:0,bytes_retransmitted:0,packets_spuriously_retransmitted:0,estimated_bandwidth_bps:929644,congestion_control_type:2,tlp_count:0,rto_count:0,protocol:h3,dns_type:HTTPDNS,pto_count:0,is_fec_enabled:0,ript_count:3,gso_status:0,bytes_spuriously_retransmitted:0,packets_received:18,zero_rtt_mode:2,is_report_data:1,bytes_received:3099,packets_retransmitted:0,gro_status:0,gro_packet_read:0,
03-28 16:03:34.561 55001 55001 I A00000/AppGalleryService/NK_URL_NAPI: [a92ab79fb7da7c5 33bb56 398bbc1]BundleInfo clientId:07ac141a-557a-404a-912f-db6a0e195af5 reqID:2ea5c4d6-a7dd-43b9-a65a-a79dbba405f1 ResCode:200 ResMsg:http_status_code:200 RedirectCount:0 ReadDataCount:1 createReqTime:1774685014352 startReqTime:1774685014352 ResStartedTime:1774685014531 ResFirstDataTime:1774685014548 ResSuccessTime:1774685014556 ResFailureTime:0 ResFinishTime:1774685014556 ReleaseReqTime:1774685014561 CreateToStart:0 ReqStartToResStart:179 ResStartToResFinish:25 ReqStartToRelease:209
03-28 16:03:34.561 55001 55001 I A00000/AppGalleryService/NK_URL_NAPI: [a92ab79fb7da7c5 33bb56 398bbc1]RequestBundle::~RequestBundle() leave
03-28 16:03:34.562 55001 55001 I A06666/AppGalleryService/AG/AppGallery: [a92ab79fb7da7c5 2e55fb1 3825b8f]random:1774685233258, index:0,[ServerRequest]:response method:client.getAppOperInfos, url:https://store-drcn.hispace.dbankcloud.com/hwmarket/harmony/client?method=client.getAppOperInfos&ts=1774685014351&msgver=1&clientVersionCode=1470106302&nonce=214c1f53-5be5-43da-8c30-83396a82d152, random:1774685014351, xTraceId:69c78b56cd38c76b, transId:2a02b0be2723440eaa9651d414f26d04, request time:223, response length:9, data:not print
03-28 16:03:34.563 55001 55001 I A06666/AppGalleryService/AG/AppGallery: [a92ab79fb7da7c5 2e55fb1 3825b8f]random:1774685649294, index:0,[RefreshSessionIdListener]:onPreProcessResponse rtnCode 0, isIgnoreMethod:false, method:client.getAppOperInfos
03-28 16:03:34.563  4726 48885 I A01B00/com.ohos.sceneboard/SCB: ModeChangeUtils: ispcmode, res:false
03-28 16:03:34.563 55001 55001 I A06666/AppGalleryService/AG/AppGallery: [a92ab79fb7da7c5 2e55fb1 3825b8f]random:1774685640580, index:0,[RequestSDKAdapter]:printNetworkMetrics metrics url:https://store-drcn.hispace.dbankcloud.com/hwmarket/harmony/client?method=client.getAppOperInfos&ts=1774685014351&msgver=1&clientVersionCode=1470106302&nonce=214c1f53-5be5-43da-8c30-83396a82d152,xTraceId:69c78b56cd38c76b,nuwaTraceId:2a02b0be2723440eaa9651d414f26d04,totalTime:176,connectRetryTime:0,requestByteCount:1289,responseByteCount:121,protocol:h3,dnsType:HTTPDNS,successIp:210.51.35.***,callTime:176,dnsTime:0,connectTime:0,sslTime:0,requestHeaderTime:20,requestBodyTime:0,responseHeadersTime:0,responseBodyTime:29
03-28 16:03:34.563 55001 55001 I A06666/AppGalleryService/AG/AppGallery: [a92ab79fb7da7c5 cd488b 989efb]random:1774685182920, index:0,[BaseRequest]:request jsonData rtnCode=0
03-28 16:03:34.563 55001 55001 I A06666/AppGalleryService/AG/AppGallery: [a92ab79fb7da7c5 cd488b 989efb]random:1774685706999, index:0,[BaseRequest]:saveData
03-28 16:03:34.563 55001 55001 I A06666/AppGalleryService/AG/AppGallery: [a92ab79fb7da7c5 75bdf1 cd488b]random:1774685112511, index:0,[AppOperationManagerImpl]:request appInfo success.
03-28 16:03:34.563 55001 55001 I A06666/AppGalleryService/AG/AppGallery: [a92ab79fb7da7c5 1ea55e1 1cdf472]random:1774685894140, index:0,[AppTagInfoManager]:getAppOperationsInfo success: [{"packageName":"com.yjsoft.hmrdp","tagInfos":[]}]
03-28 16:03:34.563  4726  4726 W A01A00/com.ohos.sceneboard/SYS_UI: TaskQueue: stop run task, queueName NotificationSubscribeManager, isFreeze: false, runningCount: 0, tasks length: 0
03-28 16:03:34.563 55001 55001 I A06666/AppGalleryService/AG/AppGallery: [a92ab79fb7da7c5 106de00 2ab7244]random:1774685420082, index:0,[AppFoundationServiceExtensionStub]:APP_TAG_INFO end
03-28 16:03:34.563 55001 55001 I A06666/AppGalleryService/AG/AppGallery: [a92ab79fb7da7c5 8db8 f558d7]random:1774685054668, index:0,[AbsServiceExtensionStub]:IPC request reomve:212-AppGallery.AppFoundationServiceExtensionAbility-11226-7009-1774685014337-40dc5352-57b5-4004-b3bd-f0934d08dec1,count:0,total:170,mapSize:0
03-28 16:03:34.567 55001 55001 I A00000/AppGalleryService/NK_URL_NAPI: [a92ab79fb7da7c5 33bb56 398bbc1]BundleInfo clientId:07ac141a-557a-404a-912f-db6a0e195af5 reqID:f562b5b0-e065-4758-bb8c-bfb8c2dafa9a ResCode:200 ResMsg:http_status_code:200 RedirectCount:0 ReadDataCount:1 createReqTime:1774685014323 startReqTime:1774685014324 ResStartedTime:1774685014531 ResFirstDataTime:1774685014548 ResSuccessTime:1774685014556 ResFailureTime:0 ResFinishTime:1774685014557 ReleaseReqTime:1774685014567 CreateToStart:1 ReqStartToResStart:207 ResStartToResFinish:26 ReqStartToRelease:243
03-28 16:03:34.567 55001 55001 I A00000/AppGalleryService/NK_URL_NAPI: [a92ab79fb7da7c5 33bb56 398bbc1]RequestBundle::~RequestBundle() leave
03-28 16:03:34.568 55001 55001 I A06666/AppGalleryService/AG/AppGallery: [a92ab79fb7da7c5 2f8d730 185c00c]random:1774685811695, index:0,[ServerRequest]:response method:client.batchAppDetail, url:https://store-drcn.hispace.dbankcloud.com/hwmarket/harmony/client?method=client.batchAppDetail&ts=1774685014321&msgver=1&clientVersionCode=1470106302&nonce=17d8f70c-dc6b-4cfe-a63d-6f07585a33fd, random:1774685014321, xTraceId:69c78b5656627214, transId:9357f39bbc314570955e9e5d949629ac, request time:253, response length:9, data:not print
03-28 16:03:34.568 55001 55001 I A06666/AppGalleryService/AG/AppGallery: [a92ab79fb7da7c5 2f8d730 185c00c]random:1774685152349, index:0,[RefreshSessionIdListener]:onPreProcessResponse rtnCode 0, isIgnoreMethod:false, method:client.batchAppDetail
03-28 16:03:34.568 55001 55001 I A06666/AppGalleryService/AG/AppGallery: [a92ab79fb7da7c5 2f8d730 185c00c]random:1774685176768, index:0,[RequestSDKAdapter]:printNetworkMetrics metrics url:https://store-drcn.hispace.dbankcloud.com/hwmarket/harmony/client?method=client.batchAppDetail&ts=1774685014321&msgver=1&clientVersionCode=1470106302&nonce=17d8f70c-dc6b-4cfe-a63d-6f07585a33fd,xTraceId:69c78b5656627214,nuwaTraceId:9357f39bbc314570955e9e5d949629ac,totalTime:210,connectRetryTime:0,requestByteCount:1185,responseByteCount:74,protocol:h3,dnsType:HTTPDNS,successIp:210.51.35.***,callTime:210,dnsTime:22,connectTime:31,sslTime:31,requestHeaderTime:21,requestBodyTime:0,responseHeadersTime:0,responseBodyTime:28
03-28 16:03:34.568 55001 55001 I A06666/AppGalleryService/AG/AppGallery: [a92ab79fb7da7c5 3d3cebe 3c358a4]random:1774685658881, index:0,[BaseRequest]:request jsonData rtnCode=0
03-28 16:03:34.568 55001 55001 I A06666/AppGalleryService/AG/AppGallery: [a92ab79fb7da7c5 3d3cebe 3c358a4]random:1774685221204, index:0,[BaseRequest]:saveData
03-28 16:03:34.568 55001 55001 I A06666/AppGalleryService/AG/AppGallery: [a92ab79fb7da7c5 3ac4c54 3d3cebe]random:1774685853746, index:0,[AppDetailInfoManager]:onPackageChange getSingleAppDetailInfo return, waitAppDetailCount=0
03-28 16:03:34.572 55001 55001 I A00000/AppGalleryService/NK_URL_NAPI: [a92ab79fb7da7c5 33bb56 398bbc1]BundleInfo clientId:07ac141a-557a-404a-912f-db6a0e195af5 reqID:7cd7c1a3-0633-4110-a23f-4beafae6bfab ResCode:200 ResMsg:http_status_code:200 RedirectCount:0 ReadDataCount:1 createReqTime:1774685014410 startReqTime:1774685014411 ResStartedTime:1774685014531 ResFirstDataTime:1774685014548 ResSuccessTime:1774685014556 ResFailureTime:0 ResFinishTime:1774685014557 ReleaseReqTime:1774685014572 CreateToStart:1 ReqStartToResStart:120 ResStartToResFinish:26 ReqStartToRelease:161
03-28 16:03:34.572 55001 55001 I A00000/AppGalleryService/NK_URL_NAPI: [a92ab79fb7da7c5 33bb56 398bbc1]RequestBundle::~RequestBundle() leave
03-28 16:03:34.572 55001 55001 I A06666/AppGalleryService/AG/AppGallery: [a92ab79fb7da7c5 c7924 ee71fe]random:1774685150183, index:0,[ServerRequest]:response method:client.getAppOperInfos, url:https://store-drcn.hispace.dbankcloud.com/hwmarket/harmony/client?method=client.getAppOperInfos&ts=1774685014402&msgver=1&clientVersionCode=1470106302&nonce=c8577ba9-ecd8-46b5-80a6-18ef8d7c23d6, random:1774685014404, xTraceId:69c78b56def48fa0, transId:4b6c4d553381484f88eb1241af6e021d, request time:189, response length:9, data:not print
03-28 16:03:34.573 55001 55001 I A06666/AppGalleryService/AG/AppGallery: [a92ab79fb7da7c5 c7924 ee71fe]random:1774685234074, index:0,[RefreshSessionIdListener]:onPreProcessResponse rtnCode 0, isIgnoreMethod:false, method:client.getAppOperInfos
03-28 16:03:34.573 55001 55001 I A06666/AppGalleryService/AG/AppGallery: [a92ab79fb7da7c5 c7924 ee71fe]random:1774685495107, index:0,[RequestSDKAdapter]:printNetworkMetrics metrics url:https://store-drcn.hispace.dbankcloud.com/hwmarket/harmony/client?method=client.getAppOperInfos&ts=1774685014402&msgver=1&clientVersionCode=1470106302&nonce=c8577ba9-ecd8-46b5-80a6-18ef8d7c23d6,xTraceId:69c78b56def48fa0,nuwaTraceId:4b6c4d553381484f88eb1241af6e021d,totalTime:131,connectRetryTime:0,requestByteCount:1592,responseByteCount:141,protocol:h3,dnsType:HTTPDNS,successIp:210.51.35.***,callTime:131,dnsTime:0,connectTime:0,sslTime:0,requestHeaderTime:18,requestBodyTime:0,responseHeadersTime:0,responseBodyTime:27
03-28 16:03:34.573 55001 55001 I A06666/AppGalleryService/AG/AppGallery: [a92ab79fb7da7c5 b64a1d 13b426d]random:1774685452663, index:0,[BaseRequest]:request jsonData rtnCode=0
03-28 16:03:34.573 55001 55001 I A06666/AppGalleryService/AG/AppGallery: [a92ab79fb7da7c5 b64a1d 13b426d]random:1774685887796, index:0,[BaseRequest]:saveData
03-28 16:03:34.573 55001 55001 I A06666/AppGalleryService/AG/AppGallery: [a92ab79fb7da7c5 3b0e1d6 b64a1d]random:1774685663404, index:0,[AppOperationManagerImpl]:request appInfo success.
03-28 16:03:34.573 55001 55001 I A06666/AppGalleryService/AG/AppGallery: [a92ab79fb7da7c5 2f17985 2a0523c]random:1774685727378, index:0,[AppOperationManagerImpl]:getAppOperationsInfo success. info size=1
03-28 16:03:34.573 55001 55001 I A00000/AppGalleryService/moduleframework: [a92ab79fb7da7c5 2f17985 2a0523c]use cache config: AppOperationInfoOpt
03-28 16:03:34.573 55001 55001 I A06666/AppGalleryService/AG/AppGallery: [a92ab79fb7da7c5 2c24f41 2f17985]random:1774685433790, index:0,[AppOperationProducer]:handleAppOperationChange getDynamicConfig: [{"moduleName":"appAssist4Developer","name":"","src":"src/main/ets/impl/privacy/PrivacyAppOperationProcessor"},{"moduleName":"appAssist4Developer","name":"","src":"src/main/ets/impl/dynamicicon/DynamicIconAppOperationProcessor"}]
03-28 16:03:34.573 55001 55001 I A00000/AppGalleryService/moduleframework: [a92ab79fb7da7c5 2c24f41 2f17985]ohpmModuleName: app-Assist-4-Developer
03-28 16:03:34.573  4726 48959 W A01B00/com.ohos.sceneboard/SCB: BundleManagerFwk --> getIconResource start
03-28 16:03:34.573 55001 55001 I A00000/AppGalleryService/moduleframework: [a92ab79fb7da7c5 2c24f41 2f17985]ohpmModuleName: app-Assist-4-Developer
03-28 16:03:34.573  4726 48959 W A01B00/com.ohos.sceneboard/SCB: BundleManagerFwk --> getIconResource from bms getLauncherAbilityResourceInfo for com.yjsoft.hmrdp 0
03-28 16:03:34.573 55001 55001 I A00000/AppGalleryService/moduleframework: [a92ab79fb7da7c5 f969bb 24706be]getConfigInstance import:PrivacyAppOperationProcessor,
03-28 16:03:34.573 55001 55001 I A00000/AppGalleryService/moduleframework:                 full path:@normalized:N&appAssist4Developer&&@hw-ae-business/app-assist-4-developer/src/main/ets/impl/privacy/PrivacyAppOperationProcessor&, clazzName:PrivacyAppOperationProcessor
03-28 16:03:34.573 55001 55001 I A00000/AppGalleryService/moduleframework: [a92ab79fb7da7c5 3af2ecc 24c1ee8]getConfigInstance import:DynamicIconAppOperationProcessor,
03-28 16:03:34.573 55001 55001 I A00000/AppGalleryService/moduleframework:                 full path:@normalized:N&appAssist4Developer&&@hw-ae-business/app-assist-4-developer/src/main/ets/impl/dynamicicon/DynamicIconAppOperationProcessor&, clazzName:DynamicIconAppOperationProcessor
03-28 16:03:34.573 55001 55001 I A06666/AppGalleryService/AG/AppGallery: [a92ab79fb7da7c5 2a52412 f969bb]random:1774685563122, index:0,[AppOperationProducer]:handleAppOperationChange {"moduleName":"appAssist4Developer","name":"","src":"src/main/ets/impl/privacy/PrivacyAppOperationProcessor"}
03-28 16:03:34.573 55001 55001 I A06666/AppGalleryService/AG/AppGallery: [a92ab79fb7da7c5 2a52412 f969bb]random:1774685245480, index:0,[PrivacyAppOperationProcessor]:changeAppOperationsInfo syncType=1 isPrivacyNeedProcess=true
03-28 16:03:34.573 55001 55001 I A06666/AppGalleryService/AG/AppGallery: [a92ab79fb7da7c5 2a52412 f969bb]random:1774685935007, index:0,[AppPrivacyManager]:handlePrivacyInfoResponse enter isAdvanceCache:falseinfoLength:1, isPrivacyNeedProcess:true
03-28 16:03:34.573 55001 55001 I A06666/AppGalleryService/AG/AppGallery: [a92ab79fb7da7c5 2a52412 f969bb]random:1774685208913, index:0,[InstalledAppInfoCacheManager]:getSingleFromCache bundleName: com.yjsoft.hmrdp
03-28 16:03:34.574 55001 55001 I A06666/AppGalleryService/AG/AppGallery: [a92ab79fb7da7c5 12bb929 3af2ecc]random:1774685030257, index:0,[AppOperationProducer]:handleAppOperationChange {"moduleName":"appAssist4Developer","name":"","src":"src/main/ets/impl/dynamicicon/DynamicIconAppOperationProcessor"}
03-28 16:03:34.574 55001 55001 I A06666/AppGalleryService/AG/AppGallery: [a92ab79fb7da7c5 12bb929 3af2ecc]random:1774685233329, index:0,[DynamicIconAppOperationProcessor]:changeAppOperationsInfo
03-28 16:03:34.574 55001 55001 I A06666/AppGalleryService/AG/AppGallery: [a92ab79fb7da7c5 12bb929 3af2ecc]random:1774685208047, index:0,[DynamicIconManager]:setDynamicIconInfoMap, com.yjsoft.hmrdp's dynamicIconInfos is undefine
03-28 16:03:34.574 55001 55001 I A06666/AppGalleryService/AG/AppGallery: [a92ab79fb7da7c5 293a58b 2a52412]random:1774685439107, index:0,[PrivacyManageInfoUtil]:app com.yjsoft.hmrdp is in debug mode, try builtin info
03-28 16:03:34.574 55001 55001 I A06666/AppGalleryService/AG/AppGallery: [a92ab79fb7da7c5 19f1824 3e68993]random:1774685492432, index:0,[AppOperationManagerImpl]:handleAppOperationsInfo start taskpool syncType=1
03-28 16:03:34.575  4827  4827 I A06666/com.huawei.hmos.aidataservice/160002307: RdbMgr: (e803aa31) t_aidata_recoverable_app: batchInsert success (20 rows)
03-28 16:03:34.575  4827  4827 I A06666/com.huawei.hmos.aidataservice/160002307: DataChangeNotifyManager: RecoverableApp change, type: insertOrUpdate
03-28 16:03:34.576  4827  4827 I A06666/com.huawei.hmos.aidataservice/160002307: OpennessModuleManager: dispatchMessage:WaterlineChange
03-28 16:03:34.576  4827  4827 I A06666/com.huawei.hmos.aidataservice/160002307: SWTMgr: get RecoverableApp Change
03-28 16:03:34.576  4827  4827 I A06666/com.huawei.hmos.aidataservice/160002307: ThermalUtil: get thermal level: 0
03-28 16:03:34.576  4827  4827 I A06666/com.huawei.hmos.aidataservice/160002307: AppIntentManager: dataName: PackageChange, bundleName: com.yjsoft.hmrdp
03-28 16:03:34.579  4827  4827 I A06666/com.huawei.hmos.aidataservice/160002307: AppIntentManager: typeValue is = 0
03-28 16:03:34.579  4827  4827 I A06666/com.huawei.hmos.aidataservice/160002307: AppIntentManager: app update or install
03-28 16:03:34.579  4827  4827 I A06666/com.huawei.hmos.aidataservice/160002307: BaseDataService_DataItem: delete
03-28 16:03:34.579  4827  4827 I A06666/com.huawei.hmos.aidataservice/160002307: RdbMgr: (66ef2dd5) t_aidata_app_intent: delete start
03-28 16:03:34.580  4726 49054 W A01B00/com.ohos.sceneboard/SCB: GraphicUtils --> getHdsLayeredIcon bundleName: com.yjsoft.hmrdp
03-28 16:03:34.581  4726 49054 W A01B00/com.ohos.sceneboard/SCB: GraphicUtils --> com.yjsoft.hmrdp Layered background Image, size: (512, 512), pixelFormat: 4, leftTopPixel is transparent: false, 245-121-44-254
03-28 16:03:34.581  4827  4827 I A06666/com.huawei.hmos.aidataservice/160002307: RdbMgr: (66ef2dd5) t_aidata_app_intent: delete success (0 rows)
03-28 16:03:34.581  4726 49054 W A01B00/com.ohos.sceneboard/SCB: GraphicUtils --> com.yjsoft.hmrdp Layered foreground Image, size: (512, 512), pixelFormat: 4, leftTopPixel is transparent: true, 0-0-0-0
03-28 16:03:34.582  4827 10279 I A00F00/com.huawei.hmos.aidataservice/BaseWorker: worker1-onmessage name: QuerySyncWaterline
03-28 16:03:34.583  4827  4827 I A06666/com.huawei.hmos.aidataservice/160002307: SWTMgr: startNotify RecoverableApp.insertOrUpdate: 0 SyncWaterline(s)
03-28 16:03:34.584  4726 48885 W A01B00/com.ohos.sceneboard/SCB: RdbOperation_RdbStoreHelper: this.mRdbStore is undefined
03-28 16:03:34.584 55001 55001 I A06666/AppGalleryService/AG/AppGallery: [a92ab79fb7da7c5 1c90f41 8204e3]random:1774685686363, index:0,[Dispose_InstallInfoManager]:[stage_supply] Target info cannot be found from cache.Bundle name:com.yjsoft.hmrdp.
03-28 16:03:34.584 55001 55001 I A06666/AppGalleryService/AG/AppGallery: [a92ab79fb7da7c5 1c90f41 8204e3]random:1774685326699, index:0,[Dispose_InstallInfoManager]:[stage_cache] start cache item from bms.
03-28 16:03:34.585  4726 48660 W A01B00/com.ohos.sceneboard/SCB: RdbOperation_RdbStoreHelper: createRdbStore -> getRdbStore with schema version 2.4 success, area=0
03-28 16:03:34.585  4726 48887 W A01B00/com.ohos.sceneboard/SCB: GraphicUtils --> getHdsLayeredIcon bundleName: com.yjsoft.hmrdp
03-28 16:03:34.585  4726 48887 W A01B00/com.ohos.sceneboard/SCB: GraphicUtils --> com.yjsoft.hmrdp Layered background Image, size: (512, 512), pixelFormat: 4, leftTopPixel is transparent: false, 245-121-44-254
03-28 16:03:34.585  4726 48887 W A01B00/com.ohos.sceneboard/SCB: GraphicUtils --> com.yjsoft.hmrdp Layered foreground Image, size: (512, 512), pixelFormat: 4, leftTopPixel is transparent: true, 0-0-0-0
03-28 16:03:34.589 55001 49041 I A06666/AppGalleryService/PafLog_TS: initConfig configChange:nodeType from hi_logger to paf_logger;appTag from  to AG
03-28 16:03:34.590 55001 49041 W A06666/AppGalleryService/PafLog_TS: The callInfoMaxLength must be an integer. Use 0.
03-28 16:03:34.591 55001 49041 I A06666/AppGalleryService/PafLog_TS: initBundleInfo bundleInfo debug:false packageName:com.huawei.hmsapp.appgallery.
03-28 16:03:34.592  4726 48660 I A01B01/com.ohos.sceneboard/HOME: RdbOperation_taskPool --> insertIntoRecentDock success
03-28 16:03:34.598 55001 49014 I A00000/AppGalleryService/NK_CPP: [INFO][OnResponseStarted] rqId:7740772966484377600, protocol:h3, statusCode:200, statusText:
03-28 16:03:34.598 55001 49014 I A00000/AppGalleryService/NK_CPP: [INFO][OnResponseStarted] rqId:7740772966484377601, protocol:h3, statusCode:200, statusText:
03-28 16:03:34.599 55001 56686 I A00000/AppGalleryService/NK_CPP: [INFO][OnLogMessage] cronet stats is pcss_pacing_rate:0 bits/s (0 bytes/s),rri_pcc_version:,dns_cache:-1,zero_rtt_early_data_reason:2,packets_discarded:0,packets_sent:23,pcss_bandwidth_at_last_round:0 bits/s (0 bytes/s),is_ript_enabled:1,rri_quic_version:5.7.3,bytes_sent:11642,alternativejob_race_res:0,pcss_rounds_without_bandwidth_gain:0,is_text_transmission_used:0,pcss_bytes_sent_since_start:0,pcss_monitor_window:0,pcss_exit_reason:0,received_packet_estimated_bandwidth_bps:0,srtt_us:26625,pcss_total_rounds:0,packets_lost:0,is_pcch_enabled:0,packets_processed:23,packet_loss_rate:0,bytes_retransmitted:0,packets_spuriously_retransmitted:0,zero_rtt_para_error_code:0,rri_container_received:0,estimated_bandwidth_bps:929644,sending_rate:0 bits/s (0 bytes/s),bandwidth_status:0,congestion_control_type:2,tlp_count:0,server_ip:210.51.35.154,rto_count:0,protocol:h3,dns_type:HTTPDNS,pto_count:0,is_fec_enabled:0,ript_count:3,gso_status:0,bytes_spuriously_retransmitted:0,packets_received:23,zero_rtt_mode:2,is_report_data:1,bytes_received:3668,packets_retransmitted:0,gro_status:0,net_retry_cnt:0,gro_packet_read:0
03-28 16:03:34.599 55001 49014 I A00000/AppGalleryService/NK_CPP: [INFO][NotifyStatusChanged] rqId:7740772966484377600 is done
03-28 16:03:34.599 55001 49014 I A00000/AppGalleryService/NK_CPP: [INFO][OnSucceeded] rqId:7740772966484377600, code:200 
03-28 16:03:34.599 55001 49014 I A00000/AppGalleryService/NK_CPP: [INFO][OnRequestFinished] rqId:7740772966484377600 enter urlCallBackStatus: 1
03-28 16:03:34.599 55001 49014 I A00000/AppGalleryService/NK_CPP: [INFO][PreProcessQuicInfoReportData] rqId: 7740772966484377600, quic: dns_cache:-1,zero_rtt_early_data_reason:2,packets_discarded:0,packets_sent:23,is_ript_enabled:1,bytes_sent:11642,alternativejob_race_res:0,is_text_transmission_used:0,srtt_us:26625,packets_lost:0,is_pcch_enabled:0,packets_processed:23,packet_loss_rate:0,bytes_retransmitted:0,packets_spuriously_retransmitted:0,estimated_bandwidth_bps:929644,congestion_control_type:2,tlp_count:0,rto_count:0,protocol:h3,dns_type:HTTPDNS,pto_count:0,is_fec_enabled:0,ript_count:3,gso_status:0,bytes_spuriously_retransmitted:0,packets_received:23,zero_rtt_mode:2,is_report_data:1,bytes_received:3668,packets_retransmitted:0,gro_status:0,gro_packet_read:0,
03-28 16:03:34.599 55001 49041 I A06666/AppGalleryService/PafLog_CPP: [paf_logger_impl.cpp(PafLoggerImpl:174)] PafLoggerImpl version:2504300
03-28 16:03:34.600 55001 56686 I A00000/AppGalleryService/NK_CPP: [INFO][OnLogMessage] cronet stats is pcss_pacing_rate:0 bits/s (0 bytes/s),rri_pcc_version:,dns_cache:-1,zero_rtt_early_data_reason:2,packets_discarded:0,packets_sent:23,pcss_bandwidth_at_last_round:0 bits/s (0 bytes/s),is_ript_enabled:1,rri_quic_version:5.7.3,bytes_sent:11642,alternativejob_race_res:0,pcss_rounds_without_bandwidth_gain:0,is_text_transmission_used:0,pcss_bytes_sent_since_start:0,pcss_monitor_window:0,pcss_exit_reason:0,received_packet_estimated_bandwidth_bps:0,srtt_us:26625,pcss_total_rounds:0,packets_lost:0,is_pcch_enabled:0,packets_processed:23,packet_loss_rate:0,bytes_retransmitted:0,packets_spuriously_retransmitted:0,zero_rtt_para_error_code:0,rri_container_received:0,estimated_bandwidth_bps:929644,sending_rate:0 bits/s (0 bytes/s),bandwidth_status:0,congestion_control_type:2,tlp_count:0,server_ip:210.51.35.154,rto_count:0,protocol:h3,dns_type:HTTPDNS,pto_count:0,is_fec_enabled:0,ript_count:3,gso_status:0,bytes_spuriously_retransmitted:0,packets_received:23,zero_rtt_mode:2,is_report_data:1,bytes_received:3668,packets_retransmitted:0,gro_status:0,net_retry_cnt:0,gro_packet_read:0
03-28 16:03:34.600 55001 49014 I A00000/AppGalleryService/NK_CPP: [INFO][NotifyStatusChanged] rqId:7740772966484377601 is done
03-28 16:03:34.600 55001 49014 I A00000/AppGalleryService/NK_CPP: [INFO][OnSucceeded] rqId:7740772966484377601, code:200 
03-28 16:03:34.600 55001 49014 I A00000/AppGalleryService/NK_CPP: [INFO][OnRequestFinished] rqId:7740772966484377601 enter urlCallBackStatus: 1
03-28 16:03:34.600 55001 49014 I A00000/AppGalleryService/NK_CPP: [INFO][PreProcessQuicInfoReportData] rqId: 7740772966484377601, quic: dns_cache:-1,zero_rtt_early_data_reason:2,packets_discarded:0,packets_sent:23,is_ript_enabled:1,bytes_sent:11642,alternativejob_race_res:0,is_text_transmission_used:0,srtt_us:26625,packets_lost:0,is_pcch_enabled:0,packets_processed:23,packet_loss_rate:0,bytes_retransmitted:0,packets_spuriously_retransmitted:0,estimated_bandwidth_bps:929644,congestion_control_type:2,tlp_count:0,rto_count:0,protocol:h3,dns_type:HTTPDNS,pto_count:0,is_fec_enabled:0,ript_count:3,gso_status:0,bytes_spuriously_retransmitted:0,packets_received:23,zero_rtt_mode:2,is_report_data:1,bytes_received:3668,packets_retransmitted:0,gro_status:0,gro_packet_read:0,
03-28 16:03:34.601  4726 48959 W A01B00/com.ohos.sceneboard/SCB: GraphicUtils --> getHdsLayeredIcon bundleName: com.yjsoft.hmrdp
03-28 16:03:34.601  4726 48959 W A01B00/com.ohos.sceneboard/SCB: GraphicUtils --> com.yjsoft.hmrdp Layered background Image, size: (512, 512), pixelFormat: 4, leftTopPixel is transparent: false, 245-121-44-254
03-28 16:03:34.601 55001 49041 I A06666/AppGalleryService/PafLog_CPP: [LogServiceManager.cpp(CreateLogService:52)] CreateLogService enter
03-28 16:03:34.601 55001 49041 W A06666/AppGalleryService/PafLog_CPP: [LogServiceManager.cpp(CreateLogService:73)] call CreateLogService, but reuse the LogService
03-28 16:03:34.601 55001 49041 W A06666/AppGalleryService/PafLog_CPP: [LogServiceManager.cpp(SetDefaultLogService:27)] defaultLogService already exist
03-28 16:03:34.601  4726 48959 W A01B00/com.ohos.sceneboard/SCB: GraphicUtils --> com.yjsoft.hmrdp Layered foreground Image, size: (512, 512), pixelFormat: 4, leftTopPixel is transparent: true, 0-0-0-0
03-28 16:03:34.601 55001 49041 I A06666/AppGalleryService/PafLog_TS: PafLogNode init success, packageName=com.huawei.hmsapp.appgallery result=0
03-28 16:03:34.601 55001 49041 I A06666/AppGalleryService/PafLog_TS: PafLogNode global init success, and sendMessage To Native
03-28 16:03:34.602 55001 55001 I A00000/AppGalleryService/NK_URL_NAPI: [a92ab79fb7da7c5 33bb56 398bbc1]BundleInfo clientId:07ac141a-557a-404a-912f-db6a0e195af5 reqID:969d504c-1d37-4d5f-8c3b-9e50d22e5e13 ResCode:200 ResMsg:http_status_code:200 RedirectCount:0 ReadDataCount:1 createReqTime:1774685014486 startReqTime:1774685014487 ResStartedTime:1774685014598 ResFirstDataTime:1774685014598 ResSuccessTime:1774685014599 ResFailureTime:0 ResFinishTime:1774685014599 ReleaseReqTime:1774685014602 CreateToStart:1 ReqStartToResStart:111 ResStartToResFinish:1 ReqStartToRelease:115
03-28 16:03:34.602 55001 55001 I A00000/AppGalleryService/NK_URL_NAPI: [a92ab79fb7da7c5 33bb56 398bbc1]RequestBundle::~RequestBundle() leave
03-28 16:03:34.603 55001 55001 I A06666/AppGalleryService/AG/AppGallery: [a92ab79fb7da7c5 3eb1b26 715eb7]random:1774685099899, index:0,[ServerRequest]:response method:client.syncAppExtensionConfig, url:https://store-drcn.hispace.dbankcloud.com/hwmarket/harmony/client?method=client.syncAppExtensionConfig&ts=1774685014400&msgver=1&clientVersionCode=1470106302&nonce=0e5b5fe7-dae9-48aa-8419-19d0ae09dd2b, random:1774685014486, xTraceId:69c78b562ea740fb, transId:5d281ea942ff49a9b7db86e0b28a13a6, request time:224, response length:9, data:not print
03-28 16:03:34.603 55001 55001 I A06666/AppGalleryService/AG/AppGallery: [a92ab79fb7da7c5 3eb1b26 715eb7]random:1774685153404, index:0,[RefreshSessionIdListener]:onPreProcessResponse rtnCode 0, isIgnoreMethod:false, method:client.syncAppExtensionConfig
03-28 16:03:34.604 55001 55001 I A06666/AppGalleryService/AG/AppGallery: [a92ab79fb7da7c5 3eb1b26 715eb7]random:1774685475943, index:0,[RequestSDKAdapter]:printNetworkMetrics metrics url:https://store-drcn.hispace.dbankcloud.com/hwmarket/harmony/client?method=client.syncAppExtensionConfig&ts=1774685014400&msgver=1&clientVersionCode=1470106302&nonce=0e5b5fe7-dae9-48aa-8419-19d0ae09dd2b,xTraceId:69c78b562ea740fb,nuwaTraceId:5d281ea942ff49a9b7db86e0b28a13a6,totalTime:103,connectRetryTime:0,requestByteCount:1205,responseByteCount:199,protocol:h3,dnsType:HTTPDNS,successIp:210.51.35.***,callTime:103,dnsTime:0,connectTime:0,sslTime:0,requestHeaderTime:11,requestBodyTime:0,responseHeadersTime:8,responseBodyTime:1
03-28 16:03:34.604 55001 55001 I A06666/AppGalleryService/AG/AppGallery: [a92ab79fb7da7c5 37ebf51 1ff115d]random:1774685572653, index:0,[BaseRequest]:request jsonData rtnCode=0
03-28 16:03:34.604 55001 55001 I A06666/AppGalleryService/AG/AppGallery: [a92ab79fb7da7c5 37ebf51 1ff115d]random:1774685074949, index:0,[BaseRequest]:saveData
03-28 16:03:34.604 55001 55001 I A06666/AppGalleryService/AG/AppGallery: [a92ab79fb7da7c5 38d5a57 37ebf51]random:1774685776554, index:0,[AppExtensionConfigRequest]:syncAppExtConfigData doRequest finish, response is:{"configData":[],"packageList":{"dhAppWhiteList":[],"fileOpenWhiteList":[],"suffixTransformWhiteList":["pages","key","numbers"],"supportPoiList":[]},"result":{"resultCode":0,"resultDesc":"Operation success"},"rtnCode":0,"rtnDesc":"Operation success","xTraceId":"69c78b562ea740fb","nuwaTraceId":"5d281ea942ff49a9b7db86e0b28a13a6","requestTime":116,"grsTimeCost":0,"ucsTimeCost":86,"readyRequestTime":107}
03-28 16:03:34.604 55001 55001 I A06666/AppGalleryService/AG/AppGallery: [a92ab79fb7da7c5 38d5a57 37ebf51]random:1774685387461, index:0,[AppExtensionConfigRequest]:doRequest request end
03-28 16:03:34.604 55001 55001 I A06666/AppGalleryService/AG/AppGallery: [a92ab79fb7da7c5 1706cac b619a6]random:1774685914059, index:0,[AppExtensionConfigRequest]: syncAppExtConfigData: result from server is empty, return current sync task.
03-28 16:03:34.611 55001 55001 I A06666/AppGalleryService/AG/AppGallery: [a92ab79fb7da7c5 1706cac b619a6]random:1774685344419, index:0,[AppExtensionConfigRequest]: syncAppExtConfigData sync syncType: 1apps [{"bundleName":"com.yjsoft.hmrdp"}]
03-28 16:03:34.611 55001 55001 I A06666/AppGalleryService/AG/AppGallery: [a92ab79fb7da7c5 1706cac b619a6]random:1774685929166, index:0,[AppExtensionConfigRequest]:processDhAppWhiteList:  , isUpdate is true
03-28 16:03:34.611  4726 49055 W A01B00/com.ohos.sceneboard/SCB: GraphicUtils --> combinePic from HdsLayeredIcon, bundleName: com.yjsoft.hmrdp, iconSizeOfGrid: 58, hasBorder: false
03-28 16:03:34.614 55001 55001 I A00000/AppGalleryService/NK_URL_NAPI: [a92ab79fb7da7c5 33bb56 398bbc1]BundleInfo clientId:07ac141a-557a-404a-912f-db6a0e195af5 reqID:f8cd0ef8-9d49-4695-915a-660d30d98772 ResCode:200 ResMsg:http_status_code:200 RedirectCount:0 ReadDataCount:1 createReqTime:1774685014489 startReqTime:1774685014489 ResStartedTime:1774685014598 ResFirstDataTime:1774685014599 ResSuccessTime:1774685014600 ResFailureTime:0 ResFinishTime:1774685014600 ReleaseReqTime:1774685014614 CreateToStart:0 ReqStartToResStart:109 ResStartToResFinish:2 ReqStartToRelease:125
03-28 16:03:34.614 55001 55001 I A00000/AppGalleryService/NK_URL_NAPI: [a92ab79fb7da7c5 33bb56 398bbc1]RequestBundle::~RequestBundle() leave
03-28 16:03:34.614  4726 48880 W A01B00/com.ohos.sceneboard/SCB: GraphicUtils --> combinePic from HdsLayeredIcon, bundleName: com.yjsoft.hmrdp, iconSizeOfGrid: 58, hasBorder: false
03-28 16:03:34.614 55001 55001 I A06666/AppGalleryService/AG/AppGallery: [a92ab79fb7da7c5 30837f 1af0f93]random:1774685102978, index:0,[ServerRequest]:response method:client.syncFulfillmentRules, url:https://store-drcn.hispace.dbankcloud.com/hwmarket/harmony/client?method=client.syncFulfillmentRules&ts=1774685014400&msgver=1&clientVersionCode=1470106302&nonce=ad8528ec-30e4-422b-bf41-52482a91b55c, random:1774685014488, xTraceId:69c78b56ceac9289, transId:91ea91522b944c51b7623d56bf512b17, request time:235, response length:9, data:not print
03-28 16:03:34.615 55001 55001 I A06666/AppGalleryService/AG/AppGallery: [a92ab79fb7da7c5 30837f 1af0f93]random:1774685540093, index:0,[RefreshSessionIdListener]:onPreProcessResponse rtnCode 0, isIgnoreMethod:false, method:client.syncFulfillmentRules
03-28 16:03:34.615 55001 55001 I A06666/AppGalleryService/AG/AppGallery: [a92ab79fb7da7c5 30837f 1af0f93]random:1774685636328, index:0,[RequestSDKAdapter]:printNetworkMetrics metrics url:https://store-drcn.hispace.dbankcloud.com/hwmarket/harmony/client?method=client.syncFulfillmentRules&ts=1774685014400&msgver=1&clientVersionCode=1470106302&nonce=ad8528ec-30e4-422b-bf41-52482a91b55c,xTraceId:69c78b56ceac9289,nuwaTraceId:91ea91522b944c51b7623d56bf512b17,totalTime:89,connectRetryTime:0,requestByteCount:1221,responseByteCount:88,protocol:h3,dnsType:HTTPDNS,successIp:210.51.35.***,callTime:89,dnsTime:0,connectTime:0,sslTime:0,requestHeaderTime:16,requestBodyTime:0,responseHeadersTime:0,responseBodyTime:2
03-28 16:03:34.615 55001 55001 I A06666/AppGalleryService/AG/AppGallery: [a92ab79fb7da7c5 6f8c23 efe76e]random:1774685291648, index:0,[BaseRequest]:request jsonData rtnCode=0
03-28 16:03:34.615 55001 55001 I A06666/AppGalleryService/AG/AppGallery: [a92ab79fb7da7c5 6f8c23 efe76e]random:1774685774708, index:0,[BaseRequest]:saveData
03-28 16:03:34.615 55001 55001 I A06666/AppGalleryService/AG/AppGallery: [a92ab79fb7da7c5 3724663 6f8c23]random:1774685179289, index:0,[FulfillmentRequest]:syncFulfillmentRules result rules is empty, clear all rules.
03-28 16:03:34.626 55001 49041 I A06666/AppGalleryService/AG/AppGallery: random:1774686005055, index:0,[AppOperationTask]:sendOperationInfo syncType:1
03-28 16:03:34.627  4726 48887 W A01B00/com.ohos.sceneboard/SCB: GraphicUtils --> combinePic from HdsLayeredIcon, bundleName: com.yjsoft.hmrdp, iconSizeOfGrid: 58, hasBorder: false
03-28 16:03:34.639  4726  4726 W A01B01/com.ohos.sceneboard/HOME: PhoneLayoutRulesControllers --> calculateDock DockHeight: 90, mSysUIBottomHeight: 0
03-28 16:03:34.639  4726  4726 W A01B01/com.ohos.sceneboard/HOME: PhoneLayoutRulesControllers --> calculateDock DockHeight: 90, mSysUIBottomHeight: 0
03-28 16:03:34.639  4726  4726 W A01B01/com.ohos.sceneboard/HOME: PhoneLayoutRulesControllers --> calculateDock DockHeight: 90, mSysUIBottomHeight: 0
03-28 16:03:34.640  4726  4726 W A01B01/com.ohos.sceneboard/HOME: PhoneLayoutRulesControllers --> calculateDock DockHeight: 90, mSysUIBottomHeight: 0
03-28 16:03:34.640  4726  4726 W A01B01/com.ohos.sceneboard/HOME: PhoneLayoutRulesControllers --> calculateDock DockHeight: 90, mSysUIBottomHeight: 0
03-28 16:03:34.640  4726  4726 W A01B01/com.ohos.sceneboard/HOME: PhoneLayoutRulesControllers --> calculateDock DockHeight: 90, mSysUIBottomHeight: 0
03-28 16:03:34.640  4726  4726 W A01B01/com.ohos.sceneboard/HOME: PhoneLayoutRulesControllers --> calculateDock DockHeight: 90, mSysUIBottomHeight: 0
03-28 16:03:34.641  4726  4726 W A01B01/com.ohos.sceneboard/HOME: PhoneLayoutRulesControllers --> calculateDock DockHeight: 90, mSysUIBottomHeight: 0
03-28 16:03:34.641  4726  4726 W A01B01/com.ohos.sceneboard/HOME: PhoneLayoutRulesControllers --> calculateDock DockHeight: 90, mSysUIBottomHeight: 0
03-28 16:03:34.641  4726  4726 W A01B01/com.ohos.sceneboard/HOME: PhoneLayoutRulesControllers --> calculateDock DockHeight: 90, mSysUIBottomHeight: 0
03-28 16:03:34.641  4726  4726 W A01B01/com.ohos.sceneboard/HOME: PhoneLayoutRulesControllers --> calculateDock DockHeight: 90, mSysUIBottomHeight: 0
03-28 16:03:34.642 48907 48907 I A06666/om.huawei.hmos.aidataservice.1/PafLog_CPP: [LogBridge.cpp(RegisterCallback:446)] Register configChangeToJsFun success
03-28 16:03:34.643 48907 48907 I A06666/om.huawei.hmos.aidataservice.1/PafLog_CPP: [LogBridge.cpp(RegisterCallback:455)] Register getPsNameFormJsFun success
03-28 16:03:34.643 55001 49041 I A06666/AppGalleryService/AG/AppGallery: random:1774685113877, index:0,[AppOperationTask]:handleAppOperationsInfo start
03-28 16:03:34.643 55001 49041 I A06666/AppGalleryService/AG/AppGallery: random:1774685032691, index:0,[AppOperationTask]:handleAppOperationsInfo end
03-28 16:03:34.643 48907 48907 I A06666/om.huawei.hmos.aidataservice.1/PafLog_TS: setConfig start nodeType:hi_logger appTag: level:4
03-28 16:03:34.643 48907 48907 I A06666/om.huawei.hmos.aidataservice.1/PafLog_TS: setConfig start nodeType:hi_logger appTag: level:3
03-28 16:03:34.647  4726  4726 W A01B00/com.ohos.sceneboard/SCB: BundleManagerFwk --> getIconResourceFromFwk for com.yjsoft.hmrdp entry EntryAbility  0 false  undefined false end
03-28 16:03:34.647  4726  4726 W A01B00/com.ohos.sceneboard/SCB: MemoryCache --> setCacheIconPicTypeToMemory: cacheKey com.yjsoft.hmrdp#entryEntryAbility0 iconType adaptive, foregroundLength:3202, backgroundLength:11634, combinePicLength:12098
03-28 16:03:34.647  4726  4726 W A01B00/com.ohos.sceneboard/SCB: IconResourceManager: combinePicSrc is empty: false, bundleName: com.yjsoft.hmrdp, combinePicLength:12098, lastClearAppResourceCacheTag:None
03-28 16:03:34.650  4726  4726 W A01C06/com.ohos.sceneboard/ICON: AppIconModel --> disableShadow:false, isBarPhone:false, isOuterHome:false, isOnlineTheme:false, extra:true, enforceEnableShadow: false
03-28 16:03:34.652  4726  4726 W A01C06/com.ohos.sceneboard/ICON: AppIconCommonEvent --> image load finish. bundleName: com.yjsoft.hmrdp, loadStatus:0, icon is empty: false, isReleased: false
03-28 16:03:34.652  4726  4726 W A01C06/com.ohos.sceneboard/ICON: AppIconCommonEvent --> image load finish. bundleName: com.yjsoft.hmrdp, loadStatus:1, icon is empty: false, isReleased: false
03-28 16:03:34.654  4726  4726 W A01B00/com.ohos.sceneboard/SCB: BundleManagerFwk --> getIconResourceFromFwk for com.yjsoft.hmrdp entry EntryAbility  0 false  undefined false end
03-28 16:03:34.654  4726  4726 W A01B00/com.ohos.sceneboard/SCB: MemoryCache --> setCacheIconPicTypeToMemory: cacheKey com.yjsoft.hmrdp#entryEntryAbility0 iconType adaptive, foregroundLength:3202, backgroundLength:11634, combinePicLength:12098
03-28 16:03:34.654  4726  4726 W A01B00/com.ohos.sceneboard/SCB: IconResourceManager: combinePicSrc is empty: false, bundleName: com.yjsoft.hmrdp, combinePicLength:12098, lastClearAppResourceCacheTag:None
03-28 16:03:34.654  4726  4726 W A01B00/com.ohos.sceneboard/SCB: DbCache --> setIconResource, tableName: icon_info insert: 1696 iconInfo.iconType adaptive,bundleName com.yjsoft.hmrdp combinePicLength:12098, foregroundLength:3202, backgroundLength:11634
03-28 16:03:34.654  4726  4726 W A01B00/com.ohos.sceneboard/SCB: BundleManagerFwk --> getIconResourceFromFwk for com.yjsoft.hmrdp entry EntryAbility  0 false  undefined false end
03-28 16:03:34.655  4726  4726 W A01B00/com.ohos.sceneboard/SCB: MemoryCache --> setCacheIconPicTypeToMemory: cacheKey com.yjsoft.hmrdp#entryEntryAbility0 iconType adaptive, foregroundLength:3202, backgroundLength:11634, combinePicLength:12098
03-28 16:03:34.655  4726  4726 W A01B00/com.ohos.sceneboard/SCB: IconResourceManager: combinePicSrc is empty: false, bundleName: com.yjsoft.hmrdp, combinePicLength:12098, lastClearAppResourceCacheTag:None
03-28 16:03:34.658  4726  4726 W A01C06/com.ohos.sceneboard/ICON: AppIconModel --> disableShadow:false, isBarPhone:false, isOuterHome:false, isOnlineTheme:false, extra:true, enforceEnableShadow: false
03-28 16:03:34.660  4726  4726 W A01C06/com.ohos.sceneboard/ICON: AppIconCommonEvent --> image load finish. bundleName: com.yjsoft.hmrdp, loadStatus:0, icon is empty: false, isReleased: false
03-28 16:03:34.660  4726  4726 W A01C06/com.ohos.sceneboard/ICON: AppIconCommonEvent --> image load finish. bundleName: com.yjsoft.hmrdp, loadStatus:1, icon is empty: false, isReleased: false
03-28 16:03:34.660 48907 48907 I A06666/om.huawei.hmos.aidataservice.1/PafLog_TS: setConfig start nodeType:hi_logger appTag: level:3
03-28 16:03:34.661 48907 48907 I A06666/om.huawei.hmos.aidataservice.1/PafLog_TS: setConfig start nodeType:paf_logger appTag: level:3
03-28 16:03:34.661 48907 48907 I A06666/om.huawei.hmos.aidataservice.1/160002307: DataManagerServiceAbility: service onCreate
03-28 16:03:34.661 48907 48907 I A06666/om.huawei.hmos.aidataservice.1/PafLog_TS: setConfig start nodeType:hi_logger appTag: level:3
03-28 16:03:34.661 48907 48907 I A06666/om.huawei.hmos.aidataservice.1/PafLog_TS: setConfig start nodeType:hi_logger appTag: level:3
03-28 16:03:34.661  4726  4726 W A01C06/com.ohos.sceneboard/ICON: AppIconModel --> disableShadow:false, isBarPhone:false, isOuterHome:false, isOnlineTheme:false, extra:true, enforceEnableShadow: false
03-28 16:03:34.662 48907 48907 I A00F00/om.huawei.hmos.aidataservice.1/160002307: HiAnalyticsService: start init
03-28 16:03:34.662  4726  4726 W A01C06/com.ohos.sceneboard/ICON: AppIconCommonEvent --> image load finish. bundleName: com.yjsoft.hmrdp, loadStatus:0, icon is empty: false, isReleased: false
03-28 16:03:34.663  4726  4726 W A01C06/com.ohos.sceneboard/ICON: AppIconCommonEvent --> image load finish. bundleName: com.yjsoft.hmrdp, loadStatus:1, icon is empty: false, isReleased: false
03-28 16:03:34.664  4726  4726 W A01B00/com.ohos.sceneboard/SCB: DbCache --> setIconResource, tableName: icon_info insert: 1697 iconInfo.iconType adaptive,bundleName com.yjsoft.hmrdp combinePicLength:12098, foregroundLength:3202, backgroundLength:11634
03-28 16:03:34.664  4726  4726 W A01B00/com.ohos.sceneboard/SCB: DbCache --> setIconResource, tableName: icon_info insert: 1698 iconInfo.iconType adaptive,bundleName com.yjsoft.hmrdp combinePicLength:12098, foregroundLength:3202, backgroundLength:11634
03-28 16:03:34.665 48907 48907 I A00F00/om.huawei.hmos.aidataservice.1/160002307: UnifiedAccessManager: resave v6 AT
03-28 16:03:34.666 55001 49041 I A06666/AppGalleryService/AG/AppGallery: random:1774685507222, index:0,[AppOperationTask]:dealAppOperationInfo start
03-28 16:03:34.671  4726  4726 W A01B00/com.ohos.sceneboard/SCB: BundleManagerFwk --> getIconResourceFromFwk for com.yjsoft.hmrdp entry EntryAbility  0 false  undefined false end
03-28 16:03:34.671  4726  4726 W A01B00/com.ohos.sceneboard/SCB: MemoryCache --> setCacheIconPicTypeToMemory: cacheKey com.yjsoft.hmrdp#entryEntryAbility0 iconType adaptive, foregroundLength:3202, backgroundLength:11634, combinePicLength:12098
03-28 16:03:34.671 48907 48907 I A00F00/om.huawei.hmos.aidataservice.1/160002307: initializeExtention, path: /data/storage/el2/base/files/log/com.huawei.hmos.aidataservice.1, pName: com.huawei.hmos.aidataservice.1
03-28 16:03:34.671 48907 48907 W A06666/om.huawei.hmos.aidataservice.1/PafLog_TS: The callInfoMaxLength must be a number. Use 0 instead.
03-28 16:03:34.671  4726  4726 W A01B00/com.ohos.sceneboard/SCB: IconResourceManager: combinePicSrc is empty: false, bundleName: com.yjsoft.hmrdp, combinePicLength:12098, lastClearAppResourceCacheTag:None
03-28 16:03:34.671 48907 48907 I A06666/om.huawei.hmos.aidataservice.1/PafLog_TS: initBundleInfo applicationInfo debug:false packageName:com.huawei.hmos.aidataservice.
03-28 16:03:34.671 48907 48907 I A06666/om.huawei.hmos.aidataservice.1/PafLog_CPP: [LogBridge.cpp(JSInit:64)] call JSInit
03-28 16:03:34.672 55001 49041 I A06666/AppGalleryService/AG/AppGallery: random:1774685890679, index:0,[AppOperationTask]:dealAppOperationInfo dealWithSingleSliceData
03-28 16:03:34.672 48907 48907 I A06666/om.huawei.hmos.aidataservice.1/PafLog_CPP: [paf_logger_impl.cpp(PafLoggerImpl:185)] PafLoggerImpl version:2503305
03-28 16:03:34.672 48907 48907 I A06666/om.huawei.hmos.aidataservice.1/PafLog_CPP: [LogServiceManager.cpp(CreateLogService:52)] CreateLogService enter
03-28 16:03:34.672 48907 48907 I A06666/om.huawei.hmos.aidataservice.1/PafLog_CPP: [LogService.cpp(InitHmsLog:68)] InitHmsLog logFileSize:512, totalSize:2, pkgName:com.huawei.hmos.aidataservice
03-28 16:03:34.672 48907 48907 I A06666/om.huawei.hmos.aidataservice.1/PafLog_CPP: [LogServiceManager.cpp(CreateLogService:64)] CreateLogService success
03-28 16:03:34.672 48907 48907 I A06666/om.huawei.hmos.aidataservice.1/PafLog_CPP: [LogServiceManager.cpp(SetDefaultLogService:24)] SetDefaultLogService enter
03-28 16:03:34.672 48907 48907 I A06666/om.huawei.hmos.aidataservice.1/PafLog_CPP: [LogServiceManager.cpp(SetDefaultLogService:39)] defaultLogService set success
03-28 16:03:34.672 48907 48907 I A06666/om.huawei.hmos.aidataservice.1/PafLog_TS: PafLogNode init success, packageName=com.huawei.hmos.aidataservice result=0
03-28 16:03:34.672 48907 49129 I A06666/om.huawei.hmos.aidataservice.1/PafLog_CPP: [Dump.cpp(InitDumpInfo:15)] InitDumpInfo enter.
03-28 16:03:34.672 48907 48907 I A06666/om.huawei.hmos.aidataservice.1/PafLog_TS: PafLogNode global init success, and sendMessage To Native
03-28 16:03:34.674  4726  4726 W A01B00/com.ohos.sceneboard/SCB: BundleManagerFwk --> getIconResourceFromFwk for com.yjsoft.hmrdp entry EntryAbility  0 false  undefined false end
03-28 16:03:34.674  4726  4726 W A01B00/com.ohos.sceneboard/SCB: MemoryCache --> setCacheIconPicTypeToMemory: cacheKey com.yjsoft.hmrdp#entryEntryAbility0 iconType adaptive, foregroundLength:3202, backgroundLength:11634, combinePicLength:12098
03-28 16:03:34.674  4726  4726 W A01B00/com.ohos.sceneboard/SCB: IconResourceManager: combinePicSrc is empty: false, bundleName: com.yjsoft.hmrdp, combinePicLength:12098, lastClearAppResourceCacheTag:None
03-28 16:03:34.675  4726  4726 W A01C06/com.ohos.sceneboard/ICON: AppIconModel --> disableShadow:false, isBarPhone:false, isOuterHome:false, isOnlineTheme:false, extra:true, enforceEnableShadow: false
03-28 16:03:34.676  4726  4726 W A01C06/com.ohos.sceneboard/ICON: AppIconCommonEvent --> image load finish. bundleName: com.yjsoft.hmrdp, loadStatus:0, icon is empty: false, isReleased: false
03-28 16:03:34.677  4726  4726 W A01C06/com.ohos.sceneboard/ICON: AppIconCommonEvent --> image load finish. bundleName: com.yjsoft.hmrdp, loadStatus:1, icon is empty: false, isReleased: false
03-28 16:03:34.677  4726  4726 W A01C06/com.ohos.sceneboard/ICON: AppIconModel --> disableShadow:false, isBarPhone:false, isOuterHome:false, isOnlineTheme:false, extra:true, enforceEnableShadow: false
