03-28 16:03:34.679  4726  4726 W A01C06/com.ohos.sceneboard/ICON: AppIconCommonEvent --> image load finish. bundleName: com.yjsoft.hmrdp, loadStatus:0, icon is empty: false, isReleased: false
03-28 16:03:34.679  4726  4726 W A01C06/com.ohos.sceneboard/ICON: AppIconCommonEvent --> image load finish. bundleName: com.yjsoft.hmrdp, loadStatus:1, icon is empty: false, isReleased: false
03-28 16:03:34.680  4726  4726 W A01B00/com.ohos.sceneboard/SCB: DbCache --> setIconResource, tableName: icon_info insert: 1699 iconInfo.iconType adaptive,bundleName com.yjsoft.hmrdp combinePicLength:12098, foregroundLength:3202, backgroundLength:11634
03-28 16:03:34.680  4726  4726 W A01B00/com.ohos.sceneboard/SCB: BundleManagerFwk --> getIconResourceFromFwk for com.yjsoft.hmrdp entry EntryAbility  0 false  undefined false end
03-28 16:03:34.681  4726  4726 W A01B00/com.ohos.sceneboard/SCB: MemoryCache --> setCacheIconPicTypeToMemory: cacheKey com.yjsoft.hmrdp#entryEntryAbility0 iconType adaptive, foregroundLength:3202, backgroundLength:11634, combinePicLength:12098
03-28 16:03:34.681  4726  4726 W A01B00/com.ohos.sceneboard/SCB: IconResourceManager: combinePicSrc is empty: false, bundleName: com.yjsoft.hmrdp, combinePicLength:12098, lastClearAppResourceCacheTag:None
03-28 16:03:34.683  4726  4726 W A01C06/com.ohos.sceneboard/ICON: AppIconModel --> disableShadow:false, isBarPhone:false, isOuterHome:false, isOnlineTheme:false, extra:true, enforceEnableShadow: false
03-28 16:03:34.684  4726  4726 W A01C06/com.ohos.sceneboard/ICON: AppIconCommonEvent --> image load finish. bundleName: com.yjsoft.hmrdp, loadStatus:0, icon is empty: false, isReleased: false
03-28 16:03:34.684  4726  4726 W A01C06/com.ohos.sceneboard/ICON: AppIconCommonEvent --> image load finish. bundleName: com.yjsoft.hmrdp, loadStatus:1, icon is empty: false, isReleased: false
03-28 16:03:34.685  4726  4726 W A01B00/com.ohos.sceneboard/SCB: DbCache --> setIconResource, tableName: icon_info insert: 1700 iconInfo.iconType adaptive,bundleName com.yjsoft.hmrdp combinePicLength:12098, foregroundLength:3202, backgroundLength:11634
03-28 16:03:34.687  4726  4726 W A01B00/com.ohos.sceneboard/SCB: DbCache --> setIconResource, tableName: icon_info insert: 1701 iconInfo.iconType adaptive,bundleName com.yjsoft.hmrdp combinePicLength:12098, foregroundLength:3202, backgroundLength:11634
03-28 16:03:34.689  4827  4827 I A06666/com.huawei.hmos.aidataservice/AIDispatcherEngineOH: BaseSdkServiceProxy: processMessage will not use RawData
03-28 16:03:34.691 48907 48907 I A00F00/om.huawei.hmos.aidataservice.1/AIDispatcherEngineOH: BaseSdkServiceStub: receive BaseSdkSupportedCheck message
03-28 16:03:34.691 48907 48907 I A00F00/om.huawei.hmos.aidataservice.1/AIDispatcherEngineOH: ServiceCallbackProxy: onResult will use RawData
03-28 16:03:34.692  4827  4827 I A06666/com.huawei.hmos.aidataservice/AIDispatcherEngineOH: BaseSdkServiceManager: bundleName: com.huawei.hmos.aidataservice, isRemoteSupportRawData: true
03-28 16:03:34.693  4827  4827 I A02D00/com.huawei.hmos.aidataservice/Hilog_JS: domain mismatch
03-28 16:03:34.693  4827  4827 I A06666/com.huawei.hmos.aidataservice/160002307: BaseSdkStrategy: connected to DataManagerService, records:{"DataManagerService":1}
03-28 16:03:34.693  4827  4827 I A06666/com.huawei.hmos.aidataservice/AIDispatcherEngineOH: BaseSdkPresenter: dispatchMessage is called
03-28 16:03:34.693  4827  4827 I A06666/com.huawei.hmos.aidataservice/AIDispatcherEngineOH: DataManagerService: dispatchMessage is called
03-28 16:03:34.694  4827  4827 I A06666/com.huawei.hmos.aidataservice/AIDispatcherEngineOH: BaseSdkServiceProxy: sendMessageRequest res: {"errCode":0,"code":0,"data":{},"reply":{}}
03-28 16:03:34.695 48907 48907 I A00F00/om.huawei.hmos.aidataservice.1/AIDispatcherEngineOH: BaseSdkPresenter: enter bind service
03-28 16:03:34.695 48907 48907 I A02D00/om.huawei.hmos.aidataservice.1/Hilog_JS: domain mismatch
03-28 16:03:34.695 48907 48907 I A00F00/om.huawei.hmos.aidataservice.1/AIDispatcherEngineOH: AiDataServiceManager: connectService
03-28 16:03:34.696  4827  4827 I A06666/com.huawei.hmos.aidataservice/AIDispatcherEngineOH: BaseSdkServiceProxy: processMessageRawData sendMessageRequest res: {"errCode":0,"code":100,"data":{},"reply":{}}
03-28 16:03:34.702 48907 48907 I A00F00/om.huawei.hmos.aidataservice.1/AIDispatcherEngineOH: [a92ab18b56aa1aa 30dc86 2215744]BaseSdkServiceProxy: processMessage will not use RawData
03-28 16:03:34.705  4726  4726 E A04200/com.ohos.sceneboard/WINDOW: [a92ab18b56aa8f1 32ddd41 3af4ee8][SCBMission]SCBSceneMissionManager: findMainSessionGlobalById error, not exist.
03-28 16:03:34.705  4726  4726 E A04222/com.ohos.sceneboard/WMSMission: [a92ab18b56aa8f1 32ddd41 3af4ee8][Screen:0][Panel:1] invalid persistentId
03-28 16:03:34.708 55001 49041 I A06666/AppGalleryService/AG/AppGallery: random:1774685995278, index:0,[AppOperationTask]:successfully set app operation info for single slice.
03-28 16:03:34.708 55001 49041 I A06666/AppGalleryService/AG/AppGallery: random:1774685487042, index:0,[AppOperationTask]:sendOperationInfo end
03-28 16:03:34.709  4827  4827 I A06666/com.huawei.hmos.aidataservice/AIDispatcherEngineOH: [a92ab18b56aa1aa a8b92a 345a99b]BaseSdkServiceStub: receive BaseSdkSupportedCheck message
03-28 16:03:34.709  4827  4827 I A06666/com.huawei.hmos.aidataservice/AIDispatcherEngineOH: [a92ab18b56aa1aa a8b92a 345a99b]ServiceCallbackProxy: onResult will use RawData
03-28 16:03:34.709  4726  4726 E A0420A/com.ohos.sceneboard/WMSLife: [a92ab18b56aa8f1 32ddd41 3af4ee8]error items in container session.
03-28 16:03:34.709  4726  4726 E A0420A/com.ohos.sceneboard/WMSLife: [a92ab18b56aa8f1 32ddd41 3af4ee8]error items in container session.
03-28 16:03:34.709  4726  4726 E A0420A/com.ohos.sceneboard/WMSLife: [a92ab18b56aa8f1 32ddd41 3af4ee8]error items in container session.
03-28 16:03:34.709  4726  4726 E A0420A/com.ohos.sceneboard/WMSLife: [a92ab18b56aa8f1 32ddd41 3af4ee8]error items in container session.
03-28 16:03:34.709  4726  4726 E A0420A/com.ohos.sceneboard/WMSLife: [a92ab18b56aa8f1 32ddd41 3af4ee8]error items in container session.
03-28 16:03:34.710  4726  4726 E A0420A/com.ohos.sceneboard/WMSLife: [a92ab18b56aa8f1 32ddd41 3af4ee8]error items in container session.
03-28 16:03:34.710  4726  4726 E A0420A/com.ohos.sceneboard/WMSLife: [a92ab18b56aa8f1 32ddd41 3af4ee8]error items in container session.
03-28 16:03:34.710  4726  4726 E A0420A/com.ohos.sceneboard/WMSLife: [a92ab18b56aa8f1 32ddd41 3af4ee8]error items in container session.
03-28 16:03:34.710  4726  4726 E A0420A/com.ohos.sceneboard/WMSLife: [a92ab18b56aa8f1 32ddd41 3af4ee8]error items in container session.
03-28 16:03:34.710  4726  4726 E A0420A/com.ohos.sceneboard/WMSLife: [a92ab18b56aa8f1 32ddd41 3af4ee8]error items in container session.
03-28 16:03:34.710  4726  4726 E A0420A/com.ohos.sceneboard/WMSLife: [a92ab18b56aa8f1 32ddd41 3af4ee8]error items in container session.
03-28 16:03:34.710  4726  4726 E A0420A/com.ohos.sceneboard/WMSLife: [a92ab18b56aa8f1 32ddd41 3af4ee8]error items in container session.
03-28 16:03:34.710  4726  4726 I A04222/com.ohos.sceneboard/WMSMission: [a92ab18b56aa8f1 32ddd41 3af4ee8][Screen:0][Panel:1] get none existing session.
03-28 16:03:34.710  4726  4726 E A04222/com.ohos.sceneboard/WMSMission: [a92ab18b56aa8f1 32ddd41 3af4ee8][Screen:0][Panel:2] invalid persistentId
03-28 16:03:34.710  4726  4726 I A04222/com.ohos.sceneboard/WMSMission: [a92ab18b56aa8f1 32ddd41 3af4ee8][Screen:0][Panel:2] get none existing session.
03-28 16:03:34.710  4726  4726 I A04223/com.ohos.sceneboard/SCBMain: [a92ab18b56aa8f1 32ddd41 3af4ee8]no exist container session match the info to be found.
03-28 16:03:34.710 48907 48907 I A00F00/om.huawei.hmos.aidataservice.1/AIDispatcherEngineOH: [a92ab18b56aa1aa 2edba65 5e16e]BaseSdkServiceManager: bundleName: com.huawei.hmos.aidataservice, isRemoteSupportRawData: true
03-28 16:03:34.710 48907 48907 I A02D00/om.huawei.hmos.aidataservice.1/Hilog_JS: [a92ab18b56aa1aa 19dcb35 3ed4404]domain mismatch
03-28 16:03:34.710 48907 48907 I A00F00/om.huawei.hmos.aidataservice.1/160002307: [a92ab18b56aa1aa 19dcb35 3ed4404]BaseSdkStrategy: connected to AiDataService, records:{"AiDataService":1}
03-28 16:03:34.711 48907 48907 I A00F00/om.huawei.hmos.aidataservice.1/160002307: [a92ab18b56aa1aa 35c6123 1c8362c]ProcessManager: business started, msgName: SyncLatestData
03-28 16:03:34.711 48907 48907 I A00F00/om.huawei.hmos.aidataservice.1/160002307: [a92ab18b56aa1aa 35c6123 1c8362c]SingleDirectionSyncHelper: sync tableName:db_datamanager_encrypted-t_aidata_launcher_app, direction:write
03-28 16:03:34.712  4726  4726 W A04223/com.ohos.sceneboard/SCBMain: [a92ab18b56aa8f1 32ddd41 3af4ee8]startSceneFromOther:{persistentId:543, screenId: 0, bundleInfo:EntryAbility/com.yjsoft.hmrdp/entry/0, unclearableSession:undefined, callerPersistentId:0, callerAbilityName: , toPersistentId:0, launchType:0, isNewInstance:false, fullScreenStart:false, _windowMode:1, isAppUseControl:undefined, isUnclearableInRecent:undefined, focusedOnShow:true, isAtomicService:falseisStartupInstallFree:false, isNewAppInstance:false, appInstanceKey:}, startMode:1, forceStart:null, forceNewWant:null
03-28 16:03:34.712  4726  4726 W A04200/com.ohos.sceneboard/WINDOW: [a92ab18b56aa8f1 32ddd41 3af4ee8]SCBSSM: isExclusion, app startup detect
03-28 16:03:34.712  4726  4726 W A01B00/com.ohos.sceneboard/SCB: [a92ab18b56aa8f1 32ddd41 3af4ee8]ExclusiveChecker: Check exclusive for bundleName: com.yjsoft.hmrdp, mode: FULL_SCREEN
03-28 16:03:34.713  4726  4726 E A01B00/com.ohos.sceneboard/SCB: [a92ab18b56aa8f1 32ddd41 3af4ee8]ExclusiveChecker: getRssData result is empty
03-28 16:03:34.713  4726  4726 W A01B01/com.ohos.sceneboard/HOME: [a92ab18b56aa8f1 32ddd41 3af4ee8]SCBSPVM: [SCBMain][id:543][sceneInfo:com.yjsoft.hmrdp/entry/EntryAbility/0][screenId:0]onStartSceneFromOther.
03-28 16:03:34.713  4726  4726 I A04222/com.ohos.sceneboard/WMSMission: [a92ab18b56aa8f1 32ddd41 3af4ee8][Screen:0][Panel:1] get none existing session.
03-28 16:03:34.713  4726  4726 E A0420A/com.ohos.sceneboard/WMSLife: [a92ab18b56aa8f1 32ddd41 3af4ee8]error items in container session.
03-28 16:03:34.713  4726  4726 E A0420A/com.ohos.sceneboard/WMSLife: [a92ab18b56aa8f1 32ddd41 3af4ee8]error items in container session.
03-28 16:03:34.713  4726  4726 E A0420A/com.ohos.sceneboard/WMSLife: [a92ab18b56aa8f1 32ddd41 3af4ee8]error items in container session.
03-28 16:03:34.713  4726  4726 E A0420A/com.ohos.sceneboard/WMSLife: [a92ab18b56aa8f1 32ddd41 3af4ee8]error items in container session.
03-28 16:03:34.713  4726  4726 E A0420A/com.ohos.sceneboard/WMSLife: [a92ab18b56aa8f1 32ddd41 3af4ee8]error items in container session.
03-28 16:03:34.713  4726  4726 E A0420A/com.ohos.sceneboard/WMSLife: [a92ab18b56aa8f1 32ddd41 3af4ee8]error items in container session.
03-28 16:03:34.713  4726  4726 E A0420A/com.ohos.sceneboard/WMSLife: [a92ab18b56aa8f1 32ddd41 3af4ee8]error items in container session.
03-28 16:03:34.713  4726  4726 E A0420A/com.ohos.sceneboard/WMSLife: [a92ab18b56aa8f1 32ddd41 3af4ee8]error items in container session.
03-28 16:03:34.713  4726  4726 E A0420A/com.ohos.sceneboard/WMSLife: [a92ab18b56aa8f1 32ddd41 3af4ee8]error items in container session.
03-28 16:03:34.713  4726  4726 E A0420A/com.ohos.sceneboard/WMSLife: [a92ab18b56aa8f1 32ddd41 3af4ee8]error items in container session.
03-28 16:03:34.713  4726  4726 E A0420A/com.ohos.sceneboard/WMSLife: [a92ab18b56aa8f1 32ddd41 3af4ee8]error items in container session.
03-28 16:03:34.713  4726  4726 E A0420A/com.ohos.sceneboard/WMSLife: [a92ab18b56aa8f1 32ddd41 3af4ee8]error items in container session.
03-28 16:03:34.713  4726  4726 I A04222/com.ohos.sceneboard/WMSMission: [a92ab18b56aa8f1 32ddd41 3af4ee8][Screen:0][Panel:1] get none existing session.
03-28 16:03:34.713  4726  4726 I A04222/com.ohos.sceneboard/WMSMission: [a92ab18b56aa8f1 32ddd41 3af4ee8][Screen:0][Panel:2] get none existing session.
03-28 16:03:34.713  4726  4726 I A04222/com.ohos.sceneboard/WMSMission: [a92ab18b56aa8f1 32ddd41 3af4ee8][Screen:0][Panel:2] get none existing session.
03-28 16:03:34.713  4726  4726 I A04223/com.ohos.sceneboard/SCBMain: [a92ab18b56aa8f1 32ddd41 3af4ee8]no exist container session match the info to be found.
03-28 16:03:34.713  4726  4726 I A04222/com.ohos.sceneboard/WMSMission: [a92ab18b56aa8f1 32ddd41 3af4ee8][Screen:0][Panel:1] get none existing session.
03-28 16:03:34.713  4726  4726 E A0420A/com.ohos.sceneboard/WMSLife: [a92ab18b56aa8f1 32ddd41 3af4ee8]error items in container session.
03-28 16:03:34.713  4726  4726 E A0420A/com.ohos.sceneboard/WMSLife: [a92ab18b56aa8f1 32ddd41 3af4ee8]error items in container session.
03-28 16:03:34.713  4726  4726 E A0420A/com.ohos.sceneboard/WMSLife: [a92ab18b56aa8f1 32ddd41 3af4ee8]error items in container session.
03-28 16:03:34.713  4726  4726 E A0420A/com.ohos.sceneboard/WMSLife: [a92ab18b56aa8f1 32ddd41 3af4ee8]error items in container session.
03-28 16:03:34.713  4726  4726 E A0420A/com.ohos.sceneboard/WMSLife: [a92ab18b56aa8f1 32ddd41 3af4ee8]error items in container session.
03-28 16:03:34.713  4726  4726 E A0420A/com.ohos.sceneboard/WMSLife: [a92ab18b56aa8f1 32ddd41 3af4ee8]error items in container session.
03-28 16:03:34.713  4726  4726 E A0420A/com.ohos.sceneboard/WMSLife: [a92ab18b56aa8f1 32ddd41 3af4ee8]error items in container session.
03-28 16:03:34.713  4726  4726 E A0420A/com.ohos.sceneboard/WMSLife: [a92ab18b56aa8f1 32ddd41 3af4ee8]error items in container session.
03-28 16:03:34.713  4726  4726 E A0420A/com.ohos.sceneboard/WMSLife: [a92ab18b56aa8f1 32ddd41 3af4ee8]error items in container session.
03-28 16:03:34.713  4726  4726 E A0420A/com.ohos.sceneboard/WMSLife: [a92ab18b56aa8f1 32ddd41 3af4ee8]error items in container session.
03-28 16:03:34.714  4726  4726 E A0420A/com.ohos.sceneboard/WMSLife: [a92ab18b56aa8f1 32ddd41 3af4ee8]error items in container session.
03-28 16:03:34.714  4726  4726 E A0420A/com.ohos.sceneboard/WMSLife: [a92ab18b56aa8f1 32ddd41 3af4ee8]error items in container session.
03-28 16:03:34.714  4726  4726 I A04222/com.ohos.sceneboard/WMSMission: [a92ab18b56aa8f1 32ddd41 3af4ee8][Screen:0][Panel:1] get none existing session.
03-28 16:03:34.714  4726  4726 I A04222/com.ohos.sceneboard/WMSMission: [a92ab18b56aa8f1 32ddd41 3af4ee8][Screen:0][Panel:2] get none existing session.
03-28 16:03:34.714  4726  4726 I A04222/com.ohos.sceneboard/WMSMission: [a92ab18b56aa8f1 32ddd41 3af4ee8][Screen:0][Panel:2] get none existing session.
03-28 16:03:34.714  4726  4726 I A04223/com.ohos.sceneboard/SCBMain: [a92ab18b56aa8f1 32ddd41 3af4ee8]no exist container session match the info to be found.
03-28 16:03:34.714  4726  4726 W A01B01/com.ohos.sceneboard/HOME: [a92ab18b56aa8f1 32ddd41 3af4ee8]SCBSPVM: onStartSceneFromOther get CardId from formID cardId =  isStartCard=false
03-28 16:03:34.714  4726  4726 I A04223/com.ohos.sceneboard/SCBMain: [a92ab18b56aa8f1 32ddd41 3af4ee8][id:543][screenId:0]requestSceneSession, callerPersistentId:0, needLinkCaller:true
03-28 16:03:34.714  4726  4726 I A04223/com.ohos.sceneboard/SCBMain: [a92ab18b56aa8f1 32ddd41 3af4ee8]find sceneSession from other screen
03-28 16:03:34.714  4726  4726 I A04222/com.ohos.sceneboard/WMSMission: [a92ab18b56aa8f1 32ddd41 3af4ee8][Screen:0][Panel:1] get none existing session.
03-28 16:03:34.714  4726  4726 E A0420A/com.ohos.sceneboard/WMSLife: [a92ab18b56aa8f1 32ddd41 3af4ee8]error items in container session.
03-28 16:03:34.714  4726  4726 E A0420A/com.ohos.sceneboard/WMSLife: [a92ab18b56aa8f1 32ddd41 3af4ee8]error items in container session.
03-28 16:03:34.714  4726  4726 E A0420A/com.ohos.sceneboard/WMSLife: [a92ab18b56aa8f1 32ddd41 3af4ee8]error items in container session.
03-28 16:03:34.714  4726  4726 E A0420A/com.ohos.sceneboard/WMSLife: [a92ab18b56aa8f1 32ddd41 3af4ee8]error items in container session.
03-28 16:03:34.714  4726  4726 E A0420A/com.ohos.sceneboard/WMSLife: [a92ab18b56aa8f1 32ddd41 3af4ee8]error items in container session.
03-28 16:03:34.714  4726  4726 E A0420A/com.ohos.sceneboard/WMSLife: [a92ab18b56aa8f1 32ddd41 3af4ee8]error items in container session.
03-28 16:03:34.714  4726  4726 E A0420A/com.ohos.sceneboard/WMSLife: [a92ab18b56aa8f1 32ddd41 3af4ee8]error items in container session.
03-28 16:03:34.714  4726  4726 E A0420A/com.ohos.sceneboard/WMSLife: [a92ab18b56aa8f1 32ddd41 3af4ee8]error items in container session.
03-28 16:03:34.714  4726  4726 E A0420A/com.ohos.sceneboard/WMSLife: [a92ab18b56aa8f1 32ddd41 3af4ee8]error items in container session.
03-28 16:03:34.714  4726  4726 E A0420A/com.ohos.sceneboard/WMSLife: [a92ab18b56aa8f1 32ddd41 3af4ee8]error items in container session.
03-28 16:03:34.714  4726  4726 E A0420A/com.ohos.sceneboard/WMSLife: [a92ab18b56aa8f1 32ddd41 3af4ee8]error items in container session.
03-28 16:03:34.714  4726  4726 E A0420A/com.ohos.sceneboard/WMSLife: [a92ab18b56aa8f1 32ddd41 3af4ee8]error items in container session.
03-28 16:03:34.714  4726  4726 I A04222/com.ohos.sceneboard/WMSMission: [a92ab18b56aa8f1 32ddd41 3af4ee8][Screen:0][Panel:1] get none existing session.
03-28 16:03:34.714  4726  4726 I A04222/com.ohos.sceneboard/WMSMission: [a92ab18b56aa8f1 32ddd41 3af4ee8][Screen:0][Panel:2] get none existing session.
03-28 16:03:34.714  4726  4726 I A04222/com.ohos.sceneboard/WMSMission: [a92ab18b56aa8f1 32ddd41 3af4ee8][Screen:0][Panel:2] get none existing session.
03-28 16:03:34.714  4726  4726 I A04223/com.ohos.sceneboard/SCBMain: [a92ab18b56aa8f1 32ddd41 3af4ee8]no exist container session match the info to be found.
03-28 16:03:34.714  4726  4726 E A04200/com.ohos.sceneboard/WINDOW: [a92ab18b56aa8f1 32ddd41 3af4ee8][SCBMission]SCBSceneMissionManager: findMainSessionGlobalById error, not exist.
03-28 16:03:34.714  4726  4726 I A04223/com.ohos.sceneboard/SCBMain: [a92ab18b56aa8f1 32ddd41 3af4ee8]requestSceneSession using exist persistentId: 543
03-28 16:03:34.714  4726  4726 W A04200/com.ohos.sceneboard/WINDOW: [a92ab18b56aa8f1 32ddd41 3af4ee8]SCBSPVM: getSceneSessionByPersistentId find nothing, id 543
03-28 16:03:34.714  4726  4726 W A04223/com.ohos.sceneboard/SCBMain: [a92ab18b56aa8f1 32ddd41 3af4ee8][id:543][sceneInfo:com.yjsoft.hmrdp/entry/EntryAbility/0][screenId:0]request New SceneSession.
03-28 16:03:34.714  4726  4726 W A04200/com.ohos.sceneboard/WINDOW: [a92ab18b56aa8f1 32ddd41 3af4ee8][SCBMission]SCBSceneMissionManager: getTargetAppCountOldestSceneSession:session is new.
03-28 16:03:34.714  4726  4726 I A04223/com.ohos.sceneboard/SCBMain: [a92ab18b56aa8f1 32ddd41 3af4ee8]set isAbilityHook false
03-28 16:03:34.715  4726  4726 I A04223/com.ohos.sceneboard/SCBMain: [a92ab18b56aa8f1 32ddd41 3af4ee8][id:543][sceneInfo:com.yjsoft.hmrdp/entry/EntryAbility/0][screenId:0]requestSceneSession suceess, udpate persistentId from 543 to 543, udpate appInstanceKey from  to 
03-28 16:03:34.717  4726  4726 W A01B00/com.ohos.sceneboard/SCB: [a92ab18b56aa8f1 32ddd41 3af4ee8]SCBCategoryResourceManager: pcAppwhitelistConfig is null
03-28 16:03:34.717  4726  4726 E A01B00/com.ohos.sceneboard/SCB: [a92ab18b56aa8f1 32ddd41 3af4ee8]SCBCategoryResourceManager: isLayoutFullScreen is not pcMode
03-28 16:03:34.717 48907 48907 I A00F00/om.huawei.hmos.aidataservice.1/AIDispatcherEngineOH: [a92ab18b56aa1aa 3ecf0c2 12e2bc4]BaseSdkPresenter: dispatchMessage is called
03-28 16:03:34.718 48907 48907 I A00F00/om.huawei.hmos.aidataservice.1/AIDispatcherEngineOH: [a92ab18b56aa1aa 3ecf0c2 12e2bc4]AiDataServiceManager: dispatchMessage is called
03-28 16:03:34.718 48907 48907 I A00F00/om.huawei.hmos.aidataservice.1/AIDispatcherEngineOH: [a92ab18b56aa1aa 25f3aab 2c78da6]BaseSdkServiceProxy: sendMessageRequest res: {"errCode":0,"code":0,"data":{},"reply":{}}
03-28 16:03:34.718 48907 48907 I A00F00/om.huawei.hmos.aidataservice.1/160002307: HiAnalyticsService: init success
03-28 16:03:34.719 48907 48907 I A00F00/om.huawei.hmos.aidataservice.1/AIDispatcherEngineOH: [a92ab18b56aa1aa 259a77c 305a90d]BaseSdkServiceProxy: processMessageRawData sendMessageRequest res: {"errCode":0,"code":100,"data":{},"reply":{}}
03-28 16:03:34.720  4726  4726 I A04223/com.ohos.sceneboard/SCBMain: [a92ab18b56aa8f1 32ddd41 3af4ee8]cacheNewSceneSession of id: 543, exist: false.
03-28 16:03:34.721  4726  4726 W A04200/com.ohos.sceneboard/WINDOW: [a92ab18b56aa8f1 32ddd41 3af4ee8]SCBSPVM: Failed to get scene containerSession with session id: 543
03-28 16:03:34.722  4726  4726 W A04200/com.ohos.sceneboard/WINDOW: [a92ab18b56aa8f1 32ddd41 3af4ee8]SCBSplitViewAnimationManager: BackAndOneSplitAnimationBreak containerSession is not availiable
03-28 16:03:34.722  4726  4726 W A04200/com.ohos.sceneboard/WINDOW: [a92ab18b56aa8f1 32ddd41 3af4ee8]SCBSPVM: Failed to get scene containerSession with session id: 543
03-28 16:03:34.722  4726  4726 W A04200/com.ohos.sceneboard/WINDOW: [a92ab18b56aa8f1 32ddd41 3af4ee8]SCBSPVM: Failed to getSessionFromFloatingScene with session id: 543
03-28 16:03:34.722  4726  4726 W A01B01/com.ohos.sceneboard/HOME: [a92ab18b56aa8f1 32ddd41 3af4ee8]PageDesktopModel: findTransitionController shortcutId empty bundleName:com.yjsoft.hmrdp
03-28 16:03:34.722  4726  4726 W A01B01/com.ohos.sceneboard/HOME: [a92ab18b56aa8f1 32ddd41 3af4ee8]PageDesktopModel: findTransitionController bundleName: com.yjsoft.hmrdp, abilityName: EntryAbility, startType: 0, formCardId: undefined, cardId: undefined, extraId: undefined, appIndex: 0, shortcutId: undefined, appInstanceKey: %{public}s
03-28 16:03:34.722  4726  4726 W A01B01/com.ohos.sceneboard/HOME: [a92ab18b56aa8f1 32ddd41 3af4ee8]SCBTM: Find controller success ? true, findData: {"bundleName":"com.yjsoft.hmrdp","abilityName":"EntryAbility","appIndex":0,"appIconId":"","iconRadius":0,"appIconNumber":0,"startAppType":0,"isOpenFolder":false}
03-28 16:03:34.723  4726  4726 W A01B01/com.ohos.sceneboard/HOME: [a92ab18b56aa8f1 32ddd41 3af4ee8]SCBSPVM: [SCBMain]onStartSceneFromOther isNewWant false. StartApp:com.yjsoft.hmrdp
03-28 16:03:34.723  4726  4726 W A01C06/com.ohos.sceneboard/ICON: [a92ab18b56aa8f1 32ddd41 3af4ee8]AppIconClockEvent --> success to updateTimer, reason:invisible, focus: false, isVisible: false
03-28 16:03:34.723  4726  4726 W A01C06/com.ohos.sceneboard/ICON: [a92ab18b56aa8f1 32ddd41 3af4ee8]AppIconWeatherCache --> success to updateWeather, focus is false
03-28 16:03:34.723  4726  4726 I A0420A/com.ohos.sceneboard/WMSLife: [a92ab18b56aa8f1 32ddd41 3af4ee8]registerData category:0.
03-28 16:03:34.723  4726  4726 I A0420A/com.ohos.sceneboard/WMSLife: [a92ab18b56aa8f1 32ddd41 3af4ee8]registerData category:1.
03-28 16:03:34.723  4726  4726 I A0420A/com.ohos.sceneboard/WMSLife: [a92ab18b56aa8f1 32ddd41 3af4ee8]registerState category:1.
03-28 16:03:34.723  4726  4726 I A0420A/com.ohos.sceneboard/WMSLife: [a92ab18b56aa8f1 32ddd41 3af4ee8]registerState category:0.
03-28 16:03:34.724  4726  4726 I A04200/com.ohos.sceneboard/WMS: [a92ab18b56aa8f1 32ddd41 3af4ee8]create container success: isAnco:false, EntryAbility/com.yjsoft.hmrdp/entry/0(persistentId: 543)(containerId: 123)
03-28 16:03:34.725  4827  4827 I A06666/com.huawei.hmos.aidataservice/160002307: [a92ab18b56aa1aa 1721a28 5d32c1]OpennessModuleManager: dispatchMessage:QueryTableInfo
03-28 16:03:34.727  4827  4827 I A06666/com.huawei.hmos.aidataservice/160002307: [a92ab18b56aa1aa 12cf966 249677a]TimeoutUtil: id: 5283
03-28 16:03:34.727  4726  4726 W A0421D/com.ohos.sceneboard/WMSRotation: [a92ab18b56aa8f1 32ddd41 3af4ee8][getTargetRotation] bundleName:com.yjsoft.hmrdp requestOrientation:0 isScreenLocked:true isPlacedRotateFriendlyDevicePlaced:false fixedRotation: -1 rotationCommand: {"isIgnorePlacedState":false,"isFromDropDown":false}
03-28 16:03:34.727  4827  4827 I A06666/com.huawei.hmos.aidataservice/160002307: [a92ab18b56aa1aa e857fd 2596261]BaseDataService_TableInfo: query
03-28 16:03:34.727  4726  4726 I A04208/com.ohos.sceneboard/WMSLayout: [a92ab18b56aa8f1 32ddd41 3af4ee8]name:EntryAbility/com.yjsoft.hmrdp/entry/0(persistentId: 543) updateSizeChangeReason:7
03-28 16:03:34.727  4726  4726 I A04208/com.ohos.sceneboard/WMSLayout: [a92ab18b56aa8f1 32ddd41 3af4ee8]SCBSceneSession.currRect is replaced to new object
03-28 16:03:34.728  4726  4726 E A04200/com.ohos.sceneboard/WINDOW: [a92ab18b56aa8f1 32ddd41 3af4ee8]MidSceneManagerForPad: [SCBMidScene] rotate clear persistentId is null
03-28 16:03:34.728  4726  4726 I A04223/com.ohos.sceneboard/SCBMain: [a92ab18b56aa8f1 32ddd41 3af4ee8][id:543][screenId:0]requestSceneSession, callerPersistentId:0, needLinkCaller:true
03-28 16:03:34.728  4726  4726 I A04223/com.ohos.sceneboard/SCBMain: [a92ab18b56aa8f1 32ddd41 3af4ee8]find sceneSession from other screen
03-28 16:03:34.728  4726  4726 I A04222/com.ohos.sceneboard/WMSMission: [a92ab18b56aa8f1 32ddd41 3af4ee8][Screen:0][Panel:1] get existing session from usage-total list.
03-28 16:03:34.728  4726  4726 I A04223/com.ohos.sceneboard/SCBMain: [a92ab18b56aa8f1 32ddd41 3af4ee8]requestSceneSession using exist persistentId: 543
03-28 16:03:34.728  4726  4726 I A04223/com.ohos.sceneboard/SCBMain: [a92ab18b56aa8f1 32ddd41 3af4ee8]getSceneSessionByPersistentId from containerSessionList id: 543
03-28 16:03:34.729  4726  4726 I A04223/com.ohos.sceneboard/SCBMain: [a92ab18b56aa8f1 32ddd41 3af4ee8][id:543][screenId:0]requestSceneSession, callerPersistentId:0, needLinkCaller:true
03-28 16:03:34.729  4726  4726 I A04223/com.ohos.sceneboard/SCBMain: [a92ab18b56aa8f1 32ddd41 3af4ee8]find sceneSession from other screen
03-28 16:03:34.729  4726  4726 I A04222/com.ohos.sceneboard/WMSMission: [a92ab18b56aa8f1 32ddd41 3af4ee8][Screen:0][Panel:1] get existing session from usage-total list.
03-28 16:03:34.729  4726  4726 I A04223/com.ohos.sceneboard/SCBMain: [a92ab18b56aa8f1 32ddd41 3af4ee8]requestSceneSession using exist persistentId: 543
03-28 16:03:34.729  4726  4726 I A04223/com.ohos.sceneboard/SCBMain: [a92ab18b56aa8f1 32ddd41 3af4ee8]getSceneSessionByPersistentId from containerSessionList id: 543
03-28 16:03:34.729  4726  4726 I A04223/com.ohos.sceneboard/SCBMain: [a92ab18b56aa8f1 32ddd41 3af4ee8][id:543][screenId:0]requestSceneSession, callerPersistentId:0, needLinkCaller:true
03-28 16:03:34.729  4726  4726 I A04223/com.ohos.sceneboard/SCBMain: [a92ab18b56aa8f1 32ddd41 3af4ee8]find sceneSession from other screen
03-28 16:03:34.729  4726  4726 I A04222/com.ohos.sceneboard/WMSMission: [a92ab18b56aa8f1 32ddd41 3af4ee8][Screen:0][Panel:1] get existing session from usage-total list.
03-28 16:03:34.729  4726  4726 I A04223/com.ohos.sceneboard/SCBMain: [a92ab18b56aa8f1 32ddd41 3af4ee8]requestSceneSession using exist persistentId: 543
03-28 16:03:34.729  4726  4726 I A04223/com.ohos.sceneboard/SCBMain: [a92ab18b56aa8f1 32ddd41 3af4ee8]getSceneSessionByPersistentId from containerSessionList id: 543
03-28 16:03:34.729  4726  4726 W A01B01/com.ohos.sceneboard/HOME: [a92ab18b56aa8f1 32ddd41 3af4ee8]PageDesktopModel: findTransitionController shortcutId empty bundleName:com.yjsoft.hmrdp
03-28 16:03:34.729  4726  4726 W A01B01/com.ohos.sceneboard/HOME: [a92ab18b56aa8f1 32ddd41 3af4ee8]PageDesktopModel: findTransitionController bundleName: com.yjsoft.hmrdp, abilityName: EntryAbility, startType: 0, formCardId: undefined, cardId: undefined, extraId: undefined, appIndex: 0, shortcutId: undefined, appInstanceKey: %{public}s
03-28 16:03:34.729  4726  4726 W A01B01/com.ohos.sceneboard/HOME: [a92ab18b56aa8f1 32ddd41 3af4ee8]SCBTM: Find controller success ? true, findData: {"bundleName":"com.yjsoft.hmrdp","abilityName":"EntryAbility","appIndex":0,"appIconId":"","iconRadius":0,"appIconNumber":0,"startAppType":0,"isOpenFolder":false}
03-28 16:03:34.729  4726  4726 E A01B01/com.ohos.sceneboard/HOME: [a92ab18b56aa8f1 32ddd41 3af4ee8]SCBSPVM: overlayCardInfo is invalid
03-28 16:03:34.730  4726  4726 W A01B01/com.ohos.sceneboard/HOME: [a92ab18b56aa8f1 32ddd41 3af4ee8]SCBSPVM: onStartSceneFromOther get CardId from formID cardId =  isStartCard=false
03-28 16:03:34.730  4726  4726 W A01B01/com.ohos.sceneboard/HOME: [a92ab18b56aa8f1 32ddd41 3af4ee8]PageDesktopModel: findTransitionController shortcutId empty bundleName:com.yjsoft.hmrdp
03-28 16:03:34.730  4726  4726 W A01B01/com.ohos.sceneboard/HOME: [a92ab18b56aa8f1 32ddd41 3af4ee8]PageDesktopModel: findTransitionController bundleName: com.yjsoft.hmrdp, abilityName: EntryAbility, startType: 0, formCardId: undefined, cardId: undefined, extraId: undefined, appIndex: 0, shortcutId: undefined, appInstanceKey: %{public}s
03-28 16:03:34.730  4726  4726 W A01B01/com.ohos.sceneboard/HOME: [a92ab18b56aa8f1 32ddd41 3af4ee8]SCBTM: Find controller success ? true, findData: {"bundleName":"com.yjsoft.hmrdp","abilityName":"EntryAbility","appIndex":0,"appIconId":"","iconRadius":0,"appIconNumber":0,"startAppType":0,"isOpenFolder":false}
03-28 16:03:34.730  4726  4726 W A01B01/com.ohos.sceneboard/HOME: [a92ab18b56aa8f1 32ddd41 3af4ee8]SCBSPVM: onStartSceneFromOther get CardId from formID cardId =  isStartCard=false
03-28 16:03:34.730  4726  4726 I A04223/com.ohos.sceneboard/SCBMain: [a92ab18b56aa8f1 32ddd41 3af4ee8][id:543][screenId:0]requestSceneSession, callerPersistentId:0, needLinkCaller:true
03-28 16:03:34.730  4726  4726 I A04223/com.ohos.sceneboard/SCBMain: [a92ab18b56aa8f1 32ddd41 3af4ee8]find sceneSession from other screen
03-28 16:03:34.730  4726  4726 I A04222/com.ohos.sceneboard/WMSMission: [a92ab18b56aa8f1 32ddd41 3af4ee8][Screen:0][Panel:1] get existing session from usage-total list.
03-28 16:03:34.730  4726  4726 I A04223/com.ohos.sceneboard/SCBMain: [a92ab18b56aa8f1 32ddd41 3af4ee8]requestSceneSession using exist persistentId: 543
03-28 16:03:34.730  4726  4726 I A04223/com.ohos.sceneboard/SCBMain: [a92ab18b56aa8f1 32ddd41 3af4ee8]getSceneSessionByPersistentId from containerSessionList id: 543
03-28 16:03:34.730  4726  4726 W A01B01/com.ohos.sceneboard/HOME: [a92ab18b56aa8f1 32ddd41 3af4ee8]SCBSPVM: isTransitionForPhoneCall: false,  isFadeInAnimationForCallUI: false, isSceneContainerStartOther: true
03-28 16:03:34.730  4726  4726 I A04223/com.ohos.sceneboard/SCBMain: [a92ab18b56aa8f1 32ddd41 3af4ee8][id:543][screenId:0]requestSceneSession, callerPersistentId:0, needLinkCaller:true
03-28 16:03:34.730  4726  4726 I A04223/com.ohos.sceneboard/SCBMain: [a92ab18b56aa8f1 32ddd41 3af4ee8]find sceneSession from other screen
03-28 16:03:34.730  4726  4726 I A04222/com.ohos.sceneboard/WMSMission: [a92ab18b56aa8f1 32ddd41 3af4ee8][Screen:0][Panel:1] get existing session from usage-total list.
03-28 16:03:34.730  4726  4726 I A04223/com.ohos.sceneboard/SCBMain: [a92ab18b56aa8f1 32ddd41 3af4ee8]requestSceneSession using exist persistentId: 543
03-28 16:03:34.730  4726  4726 I A04223/com.ohos.sceneboard/SCBMain: [a92ab18b56aa8f1 32ddd41 3af4ee8]getSceneSessionByPersistentId from containerSessionList id: 543
03-28 16:03:34.731  4726  4726 I A04223/com.ohos.sceneboard/SCBMain: [a92ab18b56aa8f1 32ddd41 3af4ee8][id:543][screenId:0]requestSceneSession, callerPersistentId:0, needLinkCaller:true
03-28 16:03:34.731  4726  4726 I A04223/com.ohos.sceneboard/SCBMain: [a92ab18b56aa8f1 32ddd41 3af4ee8]find sceneSession from other screen
03-28 16:03:34.731  4726  4726 I A04222/com.ohos.sceneboard/WMSMission: [a92ab18b56aa8f1 32ddd41 3af4ee8][Screen:0][Panel:1] get existing session from usage-total list.
03-28 16:03:34.731  4726  4726 I A04223/com.ohos.sceneboard/SCBMain: [a92ab18b56aa8f1 32ddd41 3af4ee8]requestSceneSession using exist persistentId: 543
03-28 16:03:34.731  4726  4726 I A04223/com.ohos.sceneboard/SCBMain: [a92ab18b56aa8f1 32ddd41 3af4ee8]getSceneSessionByPersistentId from containerSessionList id: 543
03-28 16:03:34.731  4726  4726 I A04223/com.ohos.sceneboard/SCBMain: [a92ab18b56aa8f1 32ddd41 3af4ee8][id:543][screenId:0]requestSceneSession, callerPersistentId:0, needLinkCaller:true
03-28 16:03:34.731  4726  4726 I A04223/com.ohos.sceneboard/SCBMain: [a92ab18b56aa8f1 32ddd41 3af4ee8]find sceneSession from other screen
03-28 16:03:34.731  4726  4726 I A04222/com.ohos.sceneboard/WMSMission: [a92ab18b56aa8f1 32ddd41 3af4ee8][Screen:0][Panel:1] get existing session from usage-total list.
03-28 16:03:34.731  4726  4726 I A04223/com.ohos.sceneboard/SCBMain: [a92ab18b56aa8f1 32ddd41 3af4ee8]requestSceneSession using exist persistentId: 543
03-28 16:03:34.731  4726  4726 I A04223/com.ohos.sceneboard/SCBMain: [a92ab18b56aa8f1 32ddd41 3af4ee8]getSceneSessionByPersistentId from containerSessionList id: 543
03-28 16:03:34.731  4726  4726 W A01B01/com.ohos.sceneboard/HOME: [a92ab18b56aa8f1 32ddd41 3af4ee8]PageDesktopModel: findTransitionController shortcutId empty bundleName:com.yjsoft.hmrdp
03-28 16:03:34.731  4726  4726 W A01B01/com.ohos.sceneboard/HOME: [a92ab18b56aa8f1 32ddd41 3af4ee8]PageDesktopModel: findTransitionController bundleName: com.yjsoft.hmrdp, abilityName: EntryAbility, startType: 0, formCardId: undefined, cardId: undefined, extraId: undefined, appIndex: 0, shortcutId: undefined, appInstanceKey: %{public}s
03-28 16:03:34.731  4726  4726 W A01B01/com.ohos.sceneboard/HOME: [a92ab18b56aa8f1 32ddd41 3af4ee8]SCBTM: Find controller success ? true, findData: {"bundleName":"com.yjsoft.hmrdp","abilityName":"EntryAbility","appIndex":0,"appIconId":"","iconRadius":0,"appIconNumber":0,"startAppType":0,"isOpenFolder":false}
03-28 16:03:34.731  4726  4726 E A01B01/com.ohos.sceneboard/HOME: [a92ab18b56aa8f1 32ddd41 3af4ee8]SCBSPVM: overlayCardInfo is invalid
03-28 16:03:34.731  4726  4726 W A01B01/com.ohos.sceneboard/HOME: [a92ab18b56aa8f1 32ddd41 3af4ee8]SCBSPVM: onStartSceneFromOther get CardId from formID cardId =  isStartCard=false
03-28 16:03:34.731  4726  4726 W A01B01/com.ohos.sceneboard/HOME: [a92ab18b56aa8f1 32ddd41 3af4ee8]PageDesktopModel: findTransitionController shortcutId empty bundleName:com.yjsoft.hmrdp
03-28 16:03:34.731  4726  4726 W A01B01/com.ohos.sceneboard/HOME: [a92ab18b56aa8f1 32ddd41 3af4ee8]PageDesktopModel: findTransitionController bundleName: com.yjsoft.hmrdp, abilityName: EntryAbility, startType: 0, formCardId: undefined, cardId: undefined, extraId: undefined, appIndex: 0, shortcutId: undefined, appInstanceKey: %{public}s
03-28 16:03:34.731  4726  4726 W A01B01/com.ohos.sceneboard/HOME: [a92ab18b56aa8f1 32ddd41 3af4ee8]SCBTM: Find controller success ? true, findData: {"bundleName":"com.yjsoft.hmrdp","abilityName":"EntryAbility","appIndex":0,"appIconId":"","iconRadius":0,"appIconNumber":0,"startAppType":0,"isOpenFolder":false}
03-28 16:03:34.731  4726  4726 W A01B01/com.ohos.sceneboard/HOME: [a92ab18b56aa8f1 32ddd41 3af4ee8]SCBSPVM: onStartSceneFromOther get CardId from formID cardId =  isStartCard=false
03-28 16:03:34.731  4726  4726 I A04223/com.ohos.sceneboard/SCBMain: [a92ab18b56aa8f1 32ddd41 3af4ee8][id:543][screenId:0]requestSceneSession, callerPersistentId:0, needLinkCaller:true
03-28 16:03:34.731  4726  4726 I A04223/com.ohos.sceneboard/SCBMain: [a92ab18b56aa8f1 32ddd41 3af4ee8]find sceneSession from other screen
03-28 16:03:34.731  4726  4726 I A04222/com.ohos.sceneboard/WMSMission: [a92ab18b56aa8f1 32ddd41 3af4ee8][Screen:0][Panel:1] get existing session from usage-total list.
03-28 16:03:34.731  4726  4726 I A04223/com.ohos.sceneboard/SCBMain: [a92ab18b56aa8f1 32ddd41 3af4ee8]requestSceneSession using exist persistentId: 543
03-28 16:03:34.732  4726  4726 I A04223/com.ohos.sceneboard/SCBMain: [a92ab18b56aa8f1 32ddd41 3af4ee8]getSceneSessionByPersistentId from containerSessionList id: 543
03-28 16:03:34.732  4726  4726 W A01B01/com.ohos.sceneboard/HOME: [a92ab18b56aa8f1 32ddd41 3af4ee8]SCBSPVM: isNeed :false, windowAnimation: true
03-28 16:03:34.732  4726  4726 I A0421D/com.ohos.sceneboard/WMSRotation: [a92ab18b56aa8f1 32ddd41 3af4ee8][startSceneWithRotationIfNeed] containerSession EntryAbility/com.yjsoft.hmrdp/entry/0(persistentId: 543)(containerId: 123), needAnimation false isFromRecent false fromUser false isPageRotation false
03-28 16:03:34.732  4726  4726 I A0421D/com.ohos.sceneboard/WMSRotation: [a92ab18b56aa8f1 32ddd41 3af4ee8][startSceneWithRotationIfNeed] containerSession EntryAbility/com.yjsoft.hmrdp/entry/0(persistentId: 543)(containerId: 123)needAnimation false isFromRecent false fromUser false isPageRotation false
03-28 16:03:34.732  4726  4726 I A0421D/com.ohos.sceneboard/WMSRotation: [a92ab18b56aa8f1 32ddd41 3af4ee8][coverSensorRotation] cover sensor rotation.
03-28 16:03:34.732  4726  4726 W A0421D/com.ohos.sceneboard/WMSRotation: [a92ab18b56aa8f1 32ddd41 3af4ee8][getTargetRotation] bundleName:com.yjsoft.hmrdp requestOrientation:0 isScreenLocked:true isPlacedRotateFriendlyDevicePlaced:false fixedRotation: -1 rotationCommand: {"isIgnorePlacedState":false,"isFromDropDown":false}
03-28 16:03:34.732  4726  4726 I A0421D/com.ohos.sceneboard/WMSRotation: [a92ab18b56aa8f1 32ddd41 3af4ee8][notifySupportRotationChange] container requestOrientation: 0 scene requestOrientation: 0
03-28 16:03:34.732  4726  4726 I A0421D/com.ohos.sceneboard/WMSRotation: [a92ab18b56aa8f1 32ddd41 3af4ee8][notifySupportRotationChange] displayId: 0 persistentId: 543 container: [true,true,true,true] scene: [true,true,true,true] reason: ContainerRequestedOrientationChange
03-28 16:03:34.732  4726  4726 I A0421D/com.ohos.sceneboard/WMSRotation: [a92ab18b56aa8f1 32ddd41 3af4ee8][startSceneWithRotationIfNeed] before rotate with targetRotation=270, sensorRotation=270, currentScreenRotation=270, currentContainerRotation=270, tempRotation=, name=com.yjsoft.hmrdp
03-28 16:03:34.732  4726  4726 I A0421D/com.ohos.sceneboard/WMSRotation: [a92ab18b56aa8f1 32ddd41 3af4ee8][rotateScreenPolicy] rotate with screen policyisPageRotation:false
03-28 16:03:34.732  4726  4726 I A0421D/com.ohos.sceneboard/WMSRotation: [a92ab18b56aa8f1 32ddd41 3af4ee8][setExpandStartContainerSession]
03-28 16:03:34.732  4726  4726 I A0421D/com.ohos.sceneboard/WMSRotation: [a92ab18b56aa8f1 32ddd41 3af4ee8][setExpandStartContainerSession] called
03-28 16:03:34.732  4726  4726 I A0421D/com.ohos.sceneboard/WMSRotation: [a92ab18b56aa8f1 32ddd41 3af4ee8][windowRotateEntry] targetRotation: 270, description:scenePanelStartScene, needAnimation: false, isForce: false, isPageRotation:false, rotationCommand:{"isIgnorePlacedState":false,"isFromDropDown":false}
03-28 16:03:34.732  4726  4726 I A0421D/com.ohos.sceneboard/WMSRotation: [a92ab18b56aa8f1 32ddd41 3af4ee8][windowRotateEntry] no need rotate with same rotation: 270
03-28 16:03:34.732  4726  4726 I A0421D/com.ohos.sceneboard/WMSRotation: [a92ab18b56aa8f1 32ddd41 3af4ee8][setExpandStartContainerSession]
03-28 16:03:34.732  4726  4726 I A0421D/com.ohos.sceneboard/WMSRotation: [a92ab18b56aa8f1 32ddd41 3af4ee8][setExpandStartContainerSession] called
03-28 16:03:34.733  4726  4726 W A01B01/com.ohos.sceneboard/HOME: [a92ab18b56aa8f1 32ddd41 3af4ee8]SCBSPVM: [SCBMain]onStartSceneFromOther EntryAbility/com.yjsoft.hmrdp/entry/0(persistentId: 543)(containerId: 123) isActive:false isStartCard:false needBlurAnimation:true scenePanelState:1
03-28 16:03:34.733  4726  4726 I A04223/com.ohos.sceneboard/SCBMain: [a92ab18b56aa8f1 32ddd41 3af4ee8]getSceneSessionByPersistentId from containerSessionList id: 276
03-28 16:03:34.733  4726  4726 W A04200/com.ohos.sceneboard/WINDOW: [a92ab18b56aa8f1 32ddd41 3af4ee8]SCBSPVM: Failed to get scene containerSession with session id: 0
03-28 16:03:34.733  4726  4726 W A0420A/com.ohos.sceneboard/WMSLife: [a92ab18b56aa8f1 32ddd41 3af4ee8]Request scene container session activation, name: EntryAbility/com.yjsoft.hmrdp/entry/0(persistentId: 543)(containerId: 123) isNewActive: false, isPersist: true, reason: undefined
03-28 16:03:34.733  4726  4726 W A04223/com.ohos.sceneboard/SCBMain: [a92ab18b56aa8f1 32ddd41 3af4ee8]requestSessionActivation primarySession priNewActive: false
03-28 16:03:34.733  4726  4726 I A04223/com.ohos.sceneboard/SCBMain: [a92ab18b56aa8f1 32ddd41 3af4ee8]requestSceneSessionActivation: isNewActive: false, isPersist: true, reason: undefined, name: EntryAbility/com.yjsoft.hmrdp/entry/0(persistentId: 543), containerRotation: 270
03-28 16:03:34.733  4726  4726 I A0420A/com.ohos.sceneboard/WMSLife: [a92ab18b56aa8f1 32ddd41 3af4ee8][id:543]requestSceneSessionActivation.
03-28 16:03:34.733  4726  4726 I A0420A/com.ohos.sceneboard/WMSLife: [a92ab18b56aa8f1 32ddd41 3af4ee8]setIsPendingToBackgroundState, state:false
03-28 16:03:34.733  4726  4726 I A0420A/com.ohos.sceneboard/WMSLife: [a92ab18b56aa8f1 32ddd41 3af4ee8]setIsActivatedAfterScreenLocked, isScreenLocked: false
03-28 16:03:34.734  4726  4726 I A04223/com.ohos.sceneboard/SCBMain: [a92ab18b56aa8f1 32ddd41 3af4ee8]isForegroundAndActive: sessionState: 0, isActive: true
03-28 16:03:34.734  4726  4726 I A04200/com.ohos.sceneboard/WMS: [a92ab18b56aa8f1 32ddd41 3af4ee8]modifyPersistentMap, bundleName: com.yjsoft.hmrdp
03-28 16:03:34.734  4726  4726 I A04204/com.ohos.sceneboard/WMSScb: [a92ab18b56aa8f1 32ddd41 3af4ee8]setSessionTouchable:false this.sessionChangeCallback:undefined
03-28 16:03:34.734  4726  4726 W A0420A/com.ohos.sceneboard/WMSLife: [a92ab18b56aa8f1 32ddd41 3af4ee8]requestSceneBackground, name: com.huawei.hmos.settings.MainAbility/com.huawei.hmos.settings/phone_settings/0(persistentId: 276)(containerId: 2) isToDeskTop:undefined isDelegator:undefined isSaveSnapshot:undefined
03-28 16:03:34.734  4726  4726 I A04200/com.ohos.sceneboard/WMS: [a92ab18b56aa8f1 32ddd41 3af4ee8]modifyPersistentMap, bundleName: com.huawei.hmos.settings
03-28 16:03:34.735  4726  4726 W A0421F/com.ohos.sceneboard/WMSMultiSplit: [a92ab18b56aa8f1 32ddd41 3af4ee8]current is not split or primarySession is null or secondarySession is null
03-28 16:03:34.735  4726  4726 I A04223/com.ohos.sceneboard/SCBMain: [a92ab18b56aa8f1 32ddd41 3af4ee8]requestSceneSessionBackground: name: com.huawei.hmos.settings.MainAbility/com.huawei.hmos.settings/phone_settings/0(persistentId: 276)
03-28 16:03:34.735  4726  4726 I A04223/com.ohos.sceneboard/SCBMain: [a92ab18b56aa8f1 32ddd41 3af4ee8][id:276]requestSceneSessionBackground, isDelegator:undefined isToDeskTop:undefined isSaveSnapshot:undefinedlockReason:0
03-28 16:03:34.735  4726  4726 I A0420A/com.ohos.sceneboard/WMSLife: [a92ab18b56aa8f1 32ddd41 3af4ee8]setIsPendingToBackgroundState, state:true
03-28 16:03:34.736  4726  4726 W A01B01/com.ohos.sceneboard/HOME: [a92ab18b56aa8f1 32ddd41 3af4ee8]SCBSCS: [SCBSCS] border radius from topLeft: 0, topRight: 0, bottomLeft: 0, bottomRight: 0 to 12. reason: init, extra: com.huawei.hmos.settings.MainAbility/com.huawei.hmos.settings/phone_settings/0(persistentId: 276)(containerId: 2)
03-28 16:03:34.737  4726  4726 W A01B01/com.ohos.sceneboard/HOME: [a92ab18b56aa8f1 32ddd41 3af4ee8]SCBSCS: [SCBSCS] border radius from topLeft: 0, topRight: 0, bottomLeft: 0, bottomRight: 0 to 12. reason: init, extra: EntryAbility/com.yjsoft.hmrdp/entry/0(persistentId: 543)(containerId: 123)
03-28 16:03:34.737  4726  4726 W A01B01/com.ohos.sceneboard/HOME: [a92ab18b56aa8f1 32ddd41 3af4ee8]SCBSCS: [SCBSCS] sceneAlpha from 0 to 1. reason: init, extra: EntryAbility/com.yjsoft.hmrdp/entry/0(persistentId: 543)(containerId: 123)
03-28 16:03:34.737  4726  4726 E A01A00/com.ohos.sceneboard/SYS_UI: [a92ab18b56aa8f1 32ddd41 3af4ee8]OverlayStartAnimHelper: overlayCardInfo is invalid
03-28 16:03:34.737  4726  4726 W A01B01/com.ohos.sceneboard/HOME: [a92ab18b56aa8f1 32ddd41 3af4ee8]SCBSPVM: [SCBMain]onStartSceneFromOther !isActive call sceneContainerZoomIn
03-28 16:03:34.737  4726  4726 W A01B01/com.ohos.sceneboard/HOME: [a92ab18b56aa8f1 32ddd41 3af4ee8]SCBSCS: [SCBScenePanelViewModel] sceneAlpha from 1 to 0. reason: sceneContainerZoomIn, extra: EntryAbility/com.yjsoft.hmrdp/entry/0(persistentId: 543)(containerId: 123)
03-28 16:03:34.737  4726  4726 W A04202/com.ohos.sceneboard/WMSMain: [a92ab18b56aa8f1 32ddd41 3af4ee8]add failed. EntryAbility/com.yjsoft.hmrdp/entry/0(persistentId: 543)(containerId: 123) already existed in array
03-28 16:03:34.738  4726  4726 W A01B01/com.ohos.sceneboard/HOME: [a92ab18b56aa8f1 32ddd41 3af4ee8]SmartDock_VM_SmartDockDisplayController --> SmartDockDisplayController dockMode: PAD_MODE isCollaborationShow: false isRecentShow: true  isBackPlaneShow: true
03-28 16:03:34.738  4726  4726 W A01B01/com.ohos.sceneboard/HOME: [a92ab18b56aa8f1 32ddd41 3af4ee8]execute task: %{public}s --> deleteWithEqual
03-28 16:03:34.738  4726  4726 W A01B01/com.ohos.sceneboard/HOME: [a92ab18b56aa8f1 32ddd41 3af4ee8]SCBSCS: Add count 123, 0
03-28 16:03:34.738  4726  4726 W A01B01/com.ohos.sceneboard/HOME: [a92ab18b56aa8f1 32ddd41 3af4ee8]SCBSCS: getTransitionCount from session 123, 1
03-28 16:03:34.739  4726  4726 W A01B01/com.ohos.sceneboard/HOME: [a92ab18b56aa8f1 32ddd41 3af4ee8]SCBTM: getTransitionCount from animationMap 123, 1
03-28 16:03:34.739  4726  4726 W A01B01/com.ohos.sceneboard/HOME: [a92ab18b56aa8f1 32ddd41 3af4ee8]SCBScenePanelAnimator: sceneContainerZoomIn 
03-28 16:03:34.739  4726  4726 W A01B01/com.ohos.sceneboard/HOME: [a92ab18b56aa8f1 32ddd41 3af4ee8]SCBTM: notifySceneTransitionIn isTransitionInFromOther: true
03-28 16:03:34.741  4726  4726 W A01A01/com.ohos.sceneboard/NC: [a92ab18b56aa8f1 1fd991d 32ddd41]DropdownPanelView: onStartSceneFromOtherEvent return. event: com.yjsoft.hmrdp isViewShowing:false
03-28 16:03:34.742 11780 11780 I A00500/com.huawei.hmos.settings/Settings: [a92ab18b56aa8f1 2979a87 cf47d9]WindowManager :  on window stage changed: 3
03-28 16:03:34.742 11780 11780 I A00500/com.huawei.hmos.settings/Settings: [a92ab18b56aa8f1 333dcb cf47d9]AccountSettings :  on window stage changed: 3
03-28 16:03:34.742  4726  4726 W A01B01/com.ohos.sceneboard/HOME: [a92ab18b56aa8f1 32ddd41 3af4ee8]SCBSceneContainer: [SCBMain] com.huawei.hmos.settings.MainAbility/com.huawei.hmos.settings/phone_settings/0(persistentId: 276)(containerId: 2) enableShow change from true to false. Detail:isPrebuildStageEnableShow:false, showInRecent:false, sceneContainerSession.enableShow:false, showInScrolling:false
03-28 16:03:34.745 11780 11780 I A00500/com.huawei.hmos.settings/Settings: [a92ab18b56aa8f1 f51c12 17cc52a]MainAbility :  Settings MainAbility onBackground is called
03-28 16:03:34.745 11780 11780 I A00500/com.huawei.hmos.settings/Settings: [a92ab18b56aa8f1 f51c12 17cc52a]setWaterMarkFlag, enable: false
03-28 16:03:34.745 11780 11780 I A00500/com.huawei.hmos.settings/Settings: [a92ab18b56aa8f1 f51c12 17cc52a]AccountRecommendationCapsuleView background event Cb
03-28 16:03:34.745 11780 11780 I A00500/com.huawei.hmos.settings/Settings: [a92ab18b56aa8f1 f51c12 17cc52a]CapsuleView background event Cb
03-28 16:03:34.745 11780 11780 I A00500/com.huawei.hmos.settings/Settings: [a92ab18b56aa8f1 f51c12 17cc52a]settings_CommonEventHelper :  already unregister common event
03-28 16:03:34.745 11780 11780 I A00500/com.huawei.hmos.settings/Settings: [a92ab18b56aa8f1 f51c12 17cc52a]CloudSpaceCapsuleView background event Cb
03-28 16:03:34.746  4726  4726 W A01B01/com.ohos.sceneboard/HOME: [a92ab18b56aa8f1 32ddd41 3af4ee8]SmartDock_VM_DockRegionLayoutPropertyVm --> reload LayoutProperties, scale: 1, iconSize: 70
03-28 16:03:34.746 11780 11780 I A00500/com.huawei.hmos.settings/Settings: [a92ab18b56aa8f1 f51c12 17cc52a]FindDeviceCapsuleView background event Cb
03-28 16:03:34.747 11780 11780 I A00500/com.huawei.hmos.settings/Settings: [a92ab18b56aa8f1 f51c12 17cc52a]WindowManager :  --> hideOrShowNonSystemFloatingWindows false
03-28 16:03:34.749 11780 11780 I A00500/com.huawei.hmos.settings/Settings: [a92ab18b56aa8f1 f51c12 17cc52a]SuggestionCardManager page hide hms_account_home_settings navigationMode 1 pathLength 1
03-28 16:03:34.749 11780 11780 I A00500/com.huawei.hmos.settings/Settings:      last page hms_account_home_settings
03-28 16:03:34.749 11780 11780 I A00500/com.huawei.hmos.settings/Settings: [a92ab18b56aa8f1 f51c12 17cc52a]AccountSettings :  NavDestination onHidden
03-28 16:03:34.749 11780 11780 I A00500/com.huawei.hmos.settings/Settings: [a92ab18b56aa8f1 f51c12 17cc52a]WindowManager :  getMainWindow already exists, mainWindow: false
03-28 16:03:34.750 11780 11780 I A00500/com.huawei.hmos.settings/Settings: [a92ab18b56aa8f1 f51c12 17cc52a]SettingsHome :  onPageHide
03-28 16:03:34.750 11780 11780 I A00500/com.huawei.hmos.settings/Settings: [a92ab18b56aa8f1 f51c12 17cc52a]SettingsHome :  top page: hms_account_home_settings
03-28 16:03:34.750 11780 11780 I A00500/com.huawei.hmos.settings/Settings: [a92ab18b56aa8f1 f51c12 17cc52a]SettingsHome :  topName no in safety_pages
03-28 16:03:34.750 11780 11780 I A00500/com.huawei.hmos.settings/Settings: [a92ab18b56aa8f1 f51c12 17cc52a]CommonUtils:  isFromSearch: false
03-28 16:03:34.750 11780 11780 I A00500/com.huawei.hmos.settings/Settings: [a92ab18b56aa8f1 f51c12 17cc52a]SettingsHome :  not from search
03-28 16:03:34.752 11780 11780 I A00500/com.huawei.hmos.settings/Settings: [a92ab18b56aa8f1 2864f01 f51c12]WindowManager :  on window stage changed: 4
03-28 16:03:34.752 11780 11780 I A00500/com.huawei.hmos.settings/Settings: [a92ab18b56aa8f1 1345f1d f51c12]AccountSettings :  on window stage changed: 4
03-28 16:03:34.753 42922 42922 W A06666/account/HWID_680_AccountCenterHomePage: [a92ab18b56aa8f1 36e28c9 26e6918]titleAnimationDuration is invalid
03-28 16:03:34.754 11780 11780 I A00500/com.huawei.hmos.settings/Settings: [a92ab18b56aa8f1 3a0ec11 f51c12]WindowManager :  windowStatusChange, window type is 3
03-28 16:03:34.754 11780 11780 I A00500/com.huawei.hmos.settings/Settings: [a92ab18b56aa8f1 3a0ec11 f51c12]AccountSettings :  send windowMode : 3
03-28 16:03:34.754 11780 11780 I A00500/com.huawei.hmos.settings/Settings: [a92ab18b56aa8f1 3a0ec11 f51c12]SettingsDataUtils :  setSettingsDataWithContext key: settings.windowMode
03-28 16:03:34.754 42922 42922 I A06666/account/HWID_680_AccountCenterHomePage: [a92ab18b56aa8f1 36e28c9 26e6918]setReceiveDataCallback windowStageChange: 1
03-28 16:03:34.754 42922 42922 I A06666/account/HWID_680_AccountCenterLayout: [a92ab18b56aa8f1 36e28c9 26e6918]receive cancelCardHover
03-28 16:03:34.754  4827  4827 I A06666/com.huawei.hmos.aidataservice/AIDispatcherEngineOH: [a92ab18b56aa1aa 222e38f c28a7f]ServiceCallbackProxy: onResult will use RawData
