03-28 16:03:36.917 49185 49185 I A06666/com.huawei.hmos.aidispatch.1/SubDispatch_51112400: LauncherServiceProxy:request method=getFormDistributions
03-28 16:03:36.917 49185 49185 I A06666/com.huawei.hmos.aidispatch.1/SubDispatch_51112400: LauncherServiceProxy:request setTimeout
03-28 16:03:36.917 49185 49185 I A06666/com.huawei.hmos.aidispatch.1/SubDispatch_51112400: PromiseUtil:promiseUtil timeout setTimeout
03-28 16:03:36.927 49185 49185 I A06666/com.huawei.hmos.aidispatch.1/SubDispatch_51112400: [a92ab78b58dffbf 2824671 3a35f98]LauncherServiceProxy:connect successful
03-28 16:03:36.927 49185 49185 I A00F00/com.huawei.hmos.aidispatch.1/AIDispatcherEngineOH: [a92ab78b58dffbf 160c5eb 24d6af6]ServiceCallbackProxy:writeStringInSegments: utf8 strSize -> 469
03-28 16:03:36.927 49185 49185 I A00F00/com.huawei.hmos.aidispatch.1/AIDispatcherEngineOH: [a92ab78b58dffbf 160c5eb 24d6af6]ServiceCallbackProxy:writeStringInSegments success
03-28 16:03:36.929 49185 49185 I A06666/com.huawei.hmos.aidispatch.1/SubDispatch_51112400: [a92ab78b58dffbf 3f2ee6e 2496dcc]LauncherServiceProxy:sendMessageRequest method=getFormDistributions isSupportSegments=true successful
03-28 16:03:36.929 49185 49185 I A06666/com.huawei.hmos.aidispatch.1/SubDispatch_51112400: [a92ab78b58dffbf 257f4e7 31dc59c]LauncherServiceProxy:disConnect setTimeout
03-28 16:03:36.930 49185 49185 W A06666/com.huawei.hmos.aidispatch.1/SubDispatch_51112400: [a92ab78b58dffbf 2086986 2d89a4e]LauncherManager:getFormDistributions  size = 1
03-28 16:03:36.930 49185 49185 W A06666/com.huawei.hmos.aidispatch.1/SubDispatch_51112400: [a92ab78b58dffbf 2086986 2d89a4e]LauncherManager:getFormDistributions screenIndex = 0, formId = 1837961969, dimension = 3, portfolioId = default, cardUniqueTag = , cardType = 0, stackId = undefined, parentFormIndex = undefined, itemCount = undefined
03-28 16:03:36.931 49185 49185 I A06666/com.huawei.hmos.aidispatch.1/SubDispatch_51112400: [a92ab78b58dffbf 33dd2b7 1b618d9]SceneStatusManager:updateCacheSceneFromLocal: delete all local scene
03-28 16:03:36.931 49185 49185 I A06666/com.huawei.hmos.aidispatch.1/SubDispatch_51112400: [a92ab78b58dffbf 157ab5c b2239a]LauncherAppUsageRecCommand:queryAllScenes -> enterSceneIds:
03-28 16:03:36.931 49185 49185 W A06666/com.huawei.hmos.aidispatch.1/SubDispatch_51112400: [a92ab78b58dffbf 35304eb 157ab5c]LauncherAppUsageRecCommand:recommendInWholeProcess -> recId:e3f8c08df38442ab8803a26c34403c45
03-28 16:03:36.931 49185 49185 I A06666/com.huawei.hmos.aidispatch.1/SubDispatch_51112400: [a92ab78b58dffbf 35304eb 157ab5c]LauncherServiceProxy:request method=getExposeEventLogs
03-28 16:03:36.931 49185 49185 I A06666/com.huawei.hmos.aidispatch.1/SubDispatch_51112400: [a92ab78b58dffbf 35304eb 157ab5c]PortfolioHybridPlacementMode:getMaxRecCountConfig -> maxRecCountInOneScene: 1
03-28 16:03:36.932 49185 49185 I A06666/com.huawei.hmos.aidispatch.1/SubDispatch_51112400: [a92ab78b58dffbf 35304eb 157ab5c]LauncherServiceProxy:request method=getFormDistributions
03-28 16:03:36.935 49185 49185 I A06666/com.huawei.hmos.aidispatch.1/SubDispatch_51112400: [a92ab78b58dffbf 35304eb 157ab5c]NewUserScene:romVersion = 600
03-28 16:03:36.935 49185 49185 I A00F00/com.huawei.hmos.aidispatch.1/AIDispatcherEngineOH: [a92ab78b58dffbf 38fd403 35304eb]ServiceCallbackProxy:writeStringInSegments: utf8 strSize -> 31
03-28 16:03:36.935 49185 49185 I A00F00/com.huawei.hmos.aidispatch.1/AIDispatcherEngineOH: [a92ab78b58dffbf 38fd403 35304eb]ServiceCallbackProxy:writeStringInSegments success
03-28 16:03:36.935 49185 49185 I A00F00/com.huawei.hmos.aidispatch.1/AIDispatcherEngineOH: [a92ab78b58dffbf 2bd7049 35304eb]ServiceCallbackProxy:writeStringInSegments: utf8 strSize -> 469
03-28 16:03:36.935 49185 49185 I A00F00/com.huawei.hmos.aidispatch.1/AIDispatcherEngineOH: [a92ab78b58dffbf 2bd7049 35304eb]ServiceCallbackProxy:writeStringInSegments success
03-28 16:03:36.936 49185 49185 I A06666/com.huawei.hmos.aidispatch.1/SubDispatch_51112400: [a92ab78b58dffbf 22db407 35304eb]DispatchContext:isRankModelReady false cost: 0
03-28 16:03:36.936 49185 49185 I A06666/com.huawei.hmos.aidispatch.1/SubDispatch_51112400: [a92ab78b58dffbf 1581606 22db407]PinServiceRecallTask:enter PinServiceRecallTask
03-28 16:03:36.937 49185 49185 I A06666/com.huawei.hmos.aidispatch.1/SubDispatch_51112400: [a92ab78b58dffbf 3fee2c6 501c8b]InnerSceneRecallTask:start recall
03-28 16:03:36.940 49185 49185 I A06666/com.huawei.hmos.aidispatch.1/SubDispatch_51112400: [a92ab78b58dffbf 3fee2c6 501c8b]NewUserScene:romVersion = 600
03-28 16:03:36.940 49185 49185 W A06666/com.huawei.hmos.aidispatch.1/SubDispatch_51112400: [a92ab78b58dffbf 2cf407d 501c8b]FileUtil:readFile: /data/storage/el1/base/files/fallbackConfig.json not exist
03-28 16:03:36.941 49185 49185 I A06666/com.huawei.hmos.aidispatch.1/SubDispatch_51112400: [a92ab78b58dffbf 27b40ce 389922e]TableDao:query cache_info setTimeout
03-28 16:03:36.941 49185 49185 I A06666/com.huawei.hmos.aidispatch.1/SubDispatch_51112400: [a92ab78b58dffbf 27b40ce 389922e]PromiseUtil:promiseUtil timeout setTimeout
03-28 16:03:36.941 49185 49185 I A06666/com.huawei.hmos.aidispatch.1/SubDispatch_51112400: [a92ab78b58dffbf 877bef 216cc88]TableDao:query cache_info setTimeout
03-28 16:03:36.941 49185 49185 I A06666/com.huawei.hmos.aidispatch.1/SubDispatch_51112400: [a92ab78b58dffbf 877bef 216cc88]PromiseUtil:promiseUtil timeout setTimeout
03-28 16:03:36.941 49185 49185 I A06666/com.huawei.hmos.aidispatch.1/SubDispatch_51112400: [a92ab78b58dffbf 11f98c4 272e2ab]TableDao:query cache_info setTimeout
03-28 16:03:36.941 49185 49185 I A06666/com.huawei.hmos.aidispatch.1/SubDispatch_51112400: [a92ab78b58dffbf 11f98c4 272e2ab]PromiseUtil:promiseUtil timeout setTimeout
03-28 16:03:36.942 49185 49185 I A06666/com.huawei.hmos.aidispatch.1/SubDispatch_51112400: [a92ab78b58dffbf c3047e 3152816]DevConfigManager:getConfigs: getFromInnerConfigFiles innerScenesConfig.json
03-28 16:03:36.942 49185 49185 I A06666/com.huawei.hmos.aidispatch.1/SubDispatch_51112400: [a92ab78b58dffbf 347e23e 302de60]RecSearchDevConfigManager:getConfigs: getFromInnerConfigFiles fallbackConfig.json
03-28 16:03:36.946 49185 49185 I A06666/com.huawei.hmos.aidispatch.1/SubDispatch_51112400: [a92ab78b58dffbf b83d1d 3b6c3b4]CloudServiceRecallTask:collectCloudRuleService request rules: 
03-28 16:03:36.949 49185 49185 I A06666/com.huawei.hmos.aidispatch.1/SubDispatch_51112400: [a92ab78b58dffbf 2835b25 25af4aa]ParentControlChildModelSwitch:isSwitchOpen -> null
03-28 16:03:36.949 49185 49185 I A06666/com.huawei.hmos.aidispatch.1/SubDispatch_51112400: [a92ab78b58dffbf 3b193fc 3ceea47]MinorsProtectionUtil:isMinorsProtectionMode isChildModelOpen: null
03-28 16:03:36.949 49185 49185 I A06666/com.huawei.hmos.aidispatch.1/SubDispatch_51112400: [a92ab78b58dffbf 3b193fc 3ceea47]MinorsProtectionUtil:isParentControlModeForChild=false
03-28 16:03:36.949 49185 49185 I A06666/com.huawei.hmos.aidispatch.1/SubDispatch_51112400: [a92ab78b58dffbf 3b193fc 3ceea47]MinorsProtectionUtil:isMinorsProtectionMode isParentControlModel: false
03-28 16:03:36.950 49185 49185 E A06666/com.huawei.hmos.aidispatch.1/SubDispatch_51112400: [a92ab78b58dffbf 2f182dc a01205]PrivacyUtil:canPersonalizedRec. isAgreePrivacy=true isCeliaEnable=true isBaseEnable = false isPersonalized = false
03-28 16:03:36.950 49185 49185 E A06666/com.huawei.hmos.aidispatch.1/SubDispatch_51112400: [a92ab78b58dffbf 35e711e a9a12]PrivacyUtil:canPersonalizedRec. isAgreePrivacy=true isCeliaEnable=true isBaseEnable = false isPersonalized = false
03-28 16:03:36.950 49185 49185 E A06666/com.huawei.hmos.aidispatch.1/SubDispatch_51112400: [a92ab78b58dffbf ed0848 4f3548]PrivacyUtil:canPersonalizedRec. isAgreePrivacy=true isCeliaEnable=true isBaseEnable = false isPersonalized = false
03-28 16:03:36.950 49185 49185 E A06666/com.huawei.hmos.aidispatch.1/SubDispatch_51112400: [a92ab78b58dffbf 2d9fe40 2b7df9b]PrivacyUtil:canPersonalizedRec. isAgreePrivacy=true isCeliaEnable=true isBaseEnable = false isPersonalized = false
03-28 16:03:36.950 49185 49185 E A06666/com.huawei.hmos.aidispatch.1/SubDispatch_51112400: [a92ab78b58dffbf 61535b 2da2d36]PrivacyUtil:canPersonalizedRec. isAgreePrivacy=true isCeliaEnable=true isBaseEnable = false isPersonalized = false
03-28 16:03:36.950 49185 49185 I A06666/com.huawei.hmos.aidispatch.1/SubDispatch_51112400: [a92ab78b58dffbf 3f58004 ed0848]ExpertSystemRecallTask:is disable
03-28 16:03:36.950 49185 49185 I A06666/com.huawei.hmos.aidispatch.1/SubDispatch_51112400: [a92ab78b58dffbf db1886 2a599d6]RoutineRecallTask:is disable
03-28 16:03:36.950 49185 49185 I A06666/com.huawei.hmos.aidispatch.1/SubDispatch_51112400: [a92ab78b58dffbf 137491 1334979]IntentRoutineTask:is disable
03-28 16:03:36.950 49185 49185 I A06666/com.huawei.hmos.aidispatch.1/SubDispatch_51112400: [a92ab78b58dffbf 1dbfe96 36a8269]NewInstallRecallTask:is disable
03-28 16:03:36.951 49185 49185 I A06666/com.huawei.hmos.aidispatch.1/SubDispatch_51112400: [a92ab78b58dffbf 2bbe2c1 1f23906]CacheInfoRepo:queryCacheContentByKey key:isSupportCommercial cacheInfo INVALID
03-28 16:03:36.951 49185 49185 I A06666/com.huawei.hmos.aidispatch.1/SubDispatch_51112400: [a92ab78b58dffbf 3d507ff 55a3eb]AdServiceRecallTask:is disable
03-28 16:03:36.951 49185 49185 I A06666/com.huawei.hmos.aidispatch.1/SubDispatch_51112400: [a92ab78b58dffbf 27b9ae3 2451855]TableDao:query table_version setTimeout
03-28 16:03:36.952 49185 49185 I A06666/com.huawei.hmos.aidispatch.1/SubDispatch_51112400: [a92ab78b58dffbf 27b9ae3 2451855]PromiseUtil:promiseUtil timeout setTimeout
03-28 16:03:36.952 49185 49185 I A06666/com.huawei.hmos.aidispatch.1/SubDispatch_51112400: [a92ab78b58dffbf b3119c c52d74]FileUtil:getObjectArrayFromRawFile innerScenesConfig.json success
03-28 16:03:36.952 49185 49185 I A06666/com.huawei.hmos.aidispatch.1/SubDispatch_51112400: [a92ab78b58dffbf 3812358 ffcb3e]InnerSceneManager:getInnerSceneConfigs -> sceneIds:,sceneConfigs count:0
03-28 16:03:36.953 49185 49185 I A06666/com.huawei.hmos.aidispatch.1/SubDispatch_51112400: [a92ab78b58dffbf 1fa36bf 1bc23ab]InnerSceneRecallTask:recallAbilities: abilities size=0
03-28 16:03:36.954 49185 49185 I A06666/com.huawei.hmos.aidispatch.1/SubDispatch_51112400: [a92ab78b58dffbf 674cac 1345556]HistoryRecallTask:recall: abilities size=25
03-28 16:03:36.954 49185 49185 I A06666/com.huawei.hmos.aidispatch.1/SubDispatch_51112400: [a92ab78b58dffbf 132fc4f 679c74]LauncherServiceProxy:sendMessageRequest method=getExposeEventLogs isSupportSegments=true successful
03-28 16:03:36.955 49185 49185 I A06666/com.huawei.hmos.aidispatch.1/SubDispatch_51112400: [a92ab78b58dffbf 616c16 f45b2a]LauncherServiceProxy:disConnect setTimeout
03-28 16:03:36.955 49185 49185 W A06666/com.huawei.hmos.aidispatch.1/SubDispatch_51112400: [a92ab78b58dffbf 3fb274c 1c714dc]LauncherManager:queryExposeInfo is null or Empty
03-28 16:03:36.955 49185 49185 W A06666/com.huawei.hmos.aidispatch.1/SubDispatch_51112400: [a92ab78b58dffbf 1a5abe 3404c36]ExposeUpdater:updateExposeInfo: exposeEventLogs is empty
03-28 16:03:36.956 49185 49185 I A06666/com.huawei.hmos.aidispatch.1/SubDispatch_51112400: [a92ab78b58dffbf 2d11a6c 20a3ce8]PromiseUtil:promiseUtil timeout setTimeout
03-28 16:03:36.956 49185 49185 I A06666/com.huawei.hmos.aidispatch.1/SubDispatch_51112400: [a92ab78b58dffbf 2552dee 254d669]FileUtil:getObjectArrayFromRawFile fallbackConfig.json success
03-28 16:03:36.956 49185 49185 I A06666/com.huawei.hmos.aidispatch.1/SubDispatch_51112400: [a92ab78b58dffbf 114e1bf f1308d]FallbackConfig:getCurrentTimePeriod currentTime:963
03-28 16:03:36.956 49185 49185 I A06666/com.huawei.hmos.aidispatch.1/SubDispatch_51112400: [a92ab78b58dffbf 114e1bf f1308d]FallbackConfig:getFallbackServices timePeriod: fall_back_afternoon
03-28 16:03:36.956 49185 49185 I A06666/com.huawei.hmos.aidispatch.1/SubDispatch_51112400: [a92ab78b58dffbf 114e1bf f1308d]BundleUtil:getAllLauncherAbilityInfo localId = 100
03-28 16:03:36.956 49185 49185 I A06666/com.huawei.hmos.aidispatch.1/SubDispatch_51112400: [a92ab78b58dffbf 114e1bf f1308d]PromiseUtil:promiseUtil timeout setTimeout
03-28 16:03:36.957 49063 49063 I A03D00/com.yjsoft.hmrdp/JSAPP: LibFreeRDP: newInstance() = 387812805760
03-28 16:03:36.958 49063 49063 I A00000/com.yjsoft.hmrdp/FreeRDP: parse_arguments: ENTER instance=0x<private> argc=<private>
03-28 16:03:36.958 49063 49063 I A00000/com.yjsoft.hmrdp/FreeRDP: parse_arguments: inst=<private>
03-28 16:03:36.958 49063 49063 I A00000/com.yjsoft.hmrdp/FreeRDP: parse_arguments: context=<private>
03-28 16:03:36.958 49063 49063 I A00000/com.yjsoft.hmrdp/FreeRDP: parse_arguments: settings=<private> - All checks passed!
03-28 16:03:36.958 49063 49063 I A00000/com.yjsoft.hmrdp/FreeRDP: parse_arguments: argv allocated, copying args...
03-28 16:03:36.958 49063 49063 I A00000/com.yjsoft.hmrdp/FreeRDP: parse_arguments: argv[<private>]=<private>
03-28 16:03:36.958 49063 49063 I A00000/com.yjsoft.hmrdp/FreeRDP: parse_arguments: argv[<private>]=<private>
03-28 16:03:36.958 49063 49063 I A00000/com.yjsoft.hmrdp/FreeRDP: parse_arguments: argv[<private>]=<private>
03-28 16:03:36.958 49063 49063 I A00000/com.yjsoft.hmrdp/FreeRDP: parse_arguments: argv[<private>]=<private>
03-28 16:03:36.958 49063 49063 I A00000/com.yjsoft.hmrdp/FreeRDP: parse_arguments: argv[<private>]=<private>
03-28 16:03:36.958 49063 49063 I A00000/com.yjsoft.hmrdp/FreeRDP: parse_arguments: argv[<private>]=/p:****
03-28 16:03:36.958 49063 49063 I A00000/com.yjsoft.hmrdp/FreeRDP: parse_arguments: argv[<private>]=<private>
03-28 16:03:36.958 49063 49063 I A00000/com.yjsoft.hmrdp/FreeRDP: parse_arguments: argv[<private>]=<private>
03-28 16:03:36.958 49063 49063 I A00000/com.yjsoft.hmrdp/FreeRDP: parse_arguments: argv[<private>]=<private>
03-28 16:03:36.958 49063 49063 I A00000/com.yjsoft.hmrdp/FreeRDP: parse_arguments: argv[<private>]=<private>
03-28 16:03:36.958 49063 49063 I A00000/com.yjsoft.hmrdp/FreeRDP: parse_arguments: argv[<private>]=<private>
03-28 16:03:36.958 49063 49063 I A00000/com.yjsoft.hmrdp/FreeRDP: parse_arguments: argv[<private>]=<private>
03-28 16:03:36.958 49063 49063 I A00000/com.yjsoft.hmrdp/FreeRDP: parse_arguments: argv[<private>]=<private>
03-28 16:03:36.958 49063 49063 I A00000/com.yjsoft.hmrdp/FreeRDP: parse_arguments: argv[<private>]=<private>
03-28 16:03:36.958 49063 49063 I A00000/com.yjsoft.hmrdp/FreeRDP: parse_arguments: argv[<private>]=<private>
03-28 16:03:36.958 49063 49063 I A00000/com.yjsoft.hmrdp/FreeRDP: parse_arguments: argv[<private>]=<private>
03-28 16:03:36.958 49063 49063 I A00000/com.yjsoft.hmrdp/FreeRDP: parse_arguments: argv[<private>]=<private>
03-28 16:03:36.958 49063 49063 I A00000/com.yjsoft.hmrdp/FreeRDP: parse_arguments: argv[<private>]=<private>
03-28 16:03:36.958 49063 49063 I A00000/com.yjsoft.hmrdp/FreeRDP: parse_arguments: argv[<private>]=<private>
03-28 16:03:36.958 49063 49063 I A00000/com.yjsoft.hmrdp/FreeRDP: parse_arguments: argv[<private>]=<private>
03-28 16:03:36.958 49063 49063 I A00000/com.yjsoft.hmrdp/FreeRDP: parse_arguments: argv[<private>]=<private>
03-28 16:03:36.958 49063 49063 I A00000/com.yjsoft.hmrdp/FreeRDP: parse_arguments: argv[<private>]=<private>
03-28 16:03:36.958 49063 49063 I A00000/com.yjsoft.hmrdp/FreeRDP: parse_arguments: argv[<private>]=<private>
03-28 16:03:36.958 49063 49063 I A00000/com.yjsoft.hmrdp/FreeRDP: parse_arguments: argv[<private>]=<private>
03-28 16:03:36.958 49063 49063 I A00000/com.yjsoft.hmrdp/FreeRDP: parse_arguments: argv[<private>]=<private>
03-28 16:03:36.958 49063 49063 I A00000/com.yjsoft.hmrdp/FreeRDP: parse_arguments: argv[<private>]=<private>
03-28 16:03:36.958 49063 49063 I A00000/com.yjsoft.hmrdp/FreeRDP: parse_arguments: argv[<private>]=<private>
03-28 16:03:36.958 49063 49063 I A00000/com.yjsoft.hmrdp/FreeRDP: parse_arguments: Security protocols set - RDP|TLS|NLA, IgnoreCertificate=TRUE
03-28 16:03:36.958 49063 49063 I A00000/com.yjsoft.hmrdp/FreeRDP: parse_arguments: Calling freerdp_client_settings_parse_command_line...
03-28 16:03:36.958 49063 49063 I A00000/com.yjsoft.hmrdp/FreeRDP: parse_arguments: freerdp_client_settings_parse_command_line returned <private>
03-28 16:03:36.958 49063 49063 W A00000/com.yjsoft.hmrdp/FreeRDP: Failed to set TcpKeepAlive=<private> (possibly unsupported by this build)
03-28 16:03:36.958 49063 49063 I A00000/com.yjsoft.hmrdp/FreeRDP: TCP Keepalive configured: delay=<private>s, interval=<private>s, retries=<private>
03-28 16:03:36.958 49063 49063 I A03D00/com.yjsoft.hmrdp/JSAPP: LibFreeRDP: TCP Keepalive enabled: 15s interval (NAT-friendly)
03-28 16:03:36.958 49063 49063 I A03D00/com.yjsoft.hmrdp/JSAPP: NetworkManager: Reconnection successful
03-28 16:03:36.958 49063 49450 D A00000/com.yjsoft.hmrdp/FreeRDP: Start...
03-28 16:03:36.958 49063 49450 I A00000/com.yjsoft.hmrdp/FreeRDP: Connect... (attempt 1)
03-28 16:03:36.958 49063 49450 I A00000/com.yjsoft.hmrdp/FreeRDP: Checking instance validity...
03-28 16:03:36.958 49063 49450 I A00000/com.yjsoft.hmrdp/FreeRDP: instance=0x5a4b71cc80
03-28 16:03:36.958 49063 49063 I A03D00/com.yjsoft.hmrdp/JSAPP: SessionPage: Reconnect success
03-28 16:03:36.958 49063 49450 I A00000/com.yjsoft.hmrdp/FreeRDP: context=0x5a4b6ff200
03-28 16:03:36.958 49063 49450 I A00000/com.yjsoft.hmrdp/FreeRDP: PreConnect callback=0x5b585901a4
03-28 16:03:36.958 49063 49450 I A00000/com.yjsoft.hmrdp/FreeRDP: PostConnect callback=0x5b5859035c
03-28 16:03:36.958 49063 49450 I A00000/com.yjsoft.hmrdp/FreeRDP: Calling freerdp_connect NOW...
03-28 16:03:36.958 49063 49450 I A00000/com.yjsoft.hmrdp/FreeRDP: harmonyos_pre_connect: ENTER
03-28 16:03:36.958 49063 49450 I A00000/com.yjsoft.hmrdp/FreeRDP: harmonyos_pre_connect: Settings validated, proceeding...
03-28 16:03:36.958 49063 49450 I A00000/com.yjsoft.hmrdp/FreeRDP: harmonyos_pre_connect: ChannelConnected subscribed
03-28 16:03:36.958 49063 49450 I A00000/com.yjsoft.hmrdp/FreeRDP: harmonyos_pre_connect: ChannelDisconnected subscribed
03-28 16:03:36.958 49063 49450 I A00000/com.yjsoft.hmrdp/FreeRDP: harmonyos_pre_connect: returning TRUE
03-28 16:03:36.959 49185 49185 I A06666/com.huawei.hmos.aidispatch.1/SubDispatch_51112400: [a92ab78b58dffbf d16ee8 14510d1]TableDao:query pin_info setTimeout
03-28 16:03:36.959 49185 49185 I A06666/com.huawei.hmos.aidispatch.1/SubDispatch_51112400: [a92ab78b58dffbf d16ee8 14510d1]PromiseUtil:promiseUtil timeout setTimeout
03-28 16:03:36.959 49063 49063 I A03D00/com.yjsoft.hmrdp/JSAPP: [LibFreeRDP] OnPreConnect: instance=387812805760
03-28 16:03:36.959 49063 49063 I A03D00/com.yjsoft.hmrdp/JSAPP: SessionPage: OnPreConnect
03-28 16:03:36.959 49185 49185 I A06666/com.huawei.hmos.aidispatch.1/SubDispatch_51112400: [a92ab78b58dffbf 2b14e39 22d651d]LauncherServiceProxy:sendMessageRequest method=getFormDistributions isSupportSegments=true successful
03-28 16:03:36.959 49185 49185 I A06666/com.huawei.hmos.aidispatch.1/SubDispatch_51112400: [a92ab78b58dffbf 16ee6c2 31b147b]LauncherServiceProxy:disConnect setTimeout
03-28 16:03:36.959 49185 49185 W A06666/com.huawei.hmos.aidispatch.1/SubDispatch_51112400: [a92ab78b58dffbf 312ad6f 373887b]LauncherManager:getFormDistributions  size = 1
03-28 16:03:36.959 49185 49185 W A06666/com.huawei.hmos.aidispatch.1/SubDispatch_51112400: [a92ab78b58dffbf 312ad6f 373887b]LauncherManager:getFormDistributions screenIndex = 0, formId = 1837961969, dimension = 3, portfolioId = default, cardUniqueTag = , cardType = 0, stackId = undefined, parentFormIndex = undefined, itemCount = undefined
03-28 16:03:36.959 49185 49185 I A06666/com.huawei.hmos.aidispatch.1/SubDispatch_51112400: [a92ab78b58dffbf 224210 52ca08]LauncherPlacementMode:queryParentFormInfoList start. length = 1.
03-28 16:03:36.960 49185 49185 I A00F00/com.huawei.hmos.aidispatch.1/AIDispatcherEngineOH: [a92ab78b58dffbf 2da2db3 2e5e1c0]BaseSdkPresenter:dispatchMessage is called
03-28 16:03:36.960 49185 49185 I A00F00/com.huawei.hmos.aidispatch.1/AIDispatcherEngineOH: [a92ab78b58dffbf 2da2db3 2e5e1c0]JsonUtil:parseStrToClass
03-28 16:03:36.960 49185 49185 I A00F00/com.huawei.hmos.aidispatch.1/AIDispatcherEngineOH: [a92ab78b58dffbf 2da2db3 2e5e1c0]AbilityDispatchServiceManager:dispatchMessage is called
03-28 16:03:36.960 49185 49185 E A00F00/com.huawei.hmos.aidispatch.1/AIDispatcherEngineOH: [a92ab78b58dffbf 2da2db3 2e5e1c0]AbilityDispatchServiceManager:dispatchMessage callbackMap size is:1
03-28 16:03:36.960 49185 49185 I A00F00/com.huawei.hmos.aidispatch.1/AIDispatcherEngineOH: [a92ab78b58dffbf 2da2db3 2e5e1c0]BaseSdkServiceProxy:processMessage: utf8 strSize -> 370
03-28 16:03:36.960 49185 49185 I A06666/com.huawei.hmos.aidispatch.1/SubDispatch_51112400: [a92ab78b58dffbf 2da2db3 2e5e1c0]common/AiDataServiceManager:dispatchMessageRetry setTimeout
03-28 16:03:36.960 49185 49185 I A06666/com.huawei.hmos.aidispatch.1/SubDispatch_51112400: [a92ab78b58dffbf 2da2db3 2e5e1c0]PromiseUtil:promiseUtil timeout setTimeout
03-28 16:03:36.960 49185 49185 I A06666/com.huawei.hmos.aidispatch.1/SubDispatch_51112400: [a92ab78b58dffbf ee8d54 30a8c53]CloudServiceRecallTask:recallServiceFromDb
03-28 16:03:36.963 49185 49185 I A06666/com.huawei.hmos.aidispatch.1/SubDispatch_51112400: [a92ab78b58dffbf 3ce546c 362e46b]TableDao:query table_version setTimeout
03-28 16:03:36.963 49185 49185 I A06666/com.huawei.hmos.aidispatch.1/SubDispatch_51112400: [a92ab78b58dffbf 3ce546c 362e46b]PromiseUtil:promiseUtil timeout setTimeout
03-28 16:03:36.963 49185 49185 I A06666/com.huawei.hmos.aidispatch.1/SubDispatch_51112400: [a92ab78b58dffbf 5a2d67 275c188]TableDao:query table_version setTimeout
03-28 16:03:36.963 49185 49185 I A06666/com.huawei.hmos.aidispatch.1/SubDispatch_51112400: [a92ab78b58dffbf 5a2d67 275c188]PromiseUtil:promiseUtil timeout setTimeout
03-28 16:03:36.964 49185 49185 I A06666/com.huawei.hmos.aidispatch.1/SubDispatch_51112400: [a92ab78b58dffbf 2ff1139 14e679b]TableDao:query parent_form_info setTimeout
03-28 16:03:36.964 49185 49185 I A06666/com.huawei.hmos.aidispatch.1/SubDispatch_51112400: [a92ab78b58dffbf 2ff1139 14e679b]PromiseUtil:promiseUtil timeout setTimeout
03-28 16:03:36.965 49185 49185 I A06666/com.huawei.hmos.aidispatch.1/SubDispatch_51112400: [a92ab78b58dffbf 3bc582e 3046cc9]TableDao:query portfolio_display_config setTimeout
03-28 16:03:36.965 49185 49185 I A06666/com.huawei.hmos.aidispatch.1/SubDispatch_51112400: [a92ab78b58dffbf 3bc582e 3046cc9]PromiseUtil:promiseUtil timeout setTimeout
03-28 16:03:36.965 49185 49185 I A06666/com.huawei.hmos.aidispatch.1/SubDispatch_51112400: [a92ab78b58dffbf 1202c80 d24d55]LauncherPlacementMode:getPlacementContexts -> formInfoList size:1; deviceType:tablet
03-28 16:03:36.966 49185 49185 W A06666/com.huawei.hmos.aidispatch.1/SubDispatch_51112400: [a92ab78b58dffbf 1202c80 d24d55]FileUtil:readFile: /data/storage/el1/base/files/cloud_pattern_config.json not exist
03-28 16:03:36.966 49185 49185 I A06666/com.huawei.hmos.aidispatch.1/SubDispatch_51112400: [a92ab78b58dffbf 1202c80 d24d55]DevConfigManager:getConfig: getFromInnerConfigFiles placeCardPatternConfig.json
03-28 16:03:36.966 49185 49185 I A06666/com.huawei.hmos.aidispatch.1/SubDispatch_51112400: [a92ab78b58dffbf 1202c80 d24d55]DevConfigManager:getConfig: getFromInnerConfigFiles portfolioPatternConfig.json
03-28 16:03:36.966 49185 49185 I A06666/com.huawei.hmos.aidispatch.1/SubDispatch_51112400: [a92ab78b58dffbf 1202c80 d24d55]DevConfigManager:getConfig: getFromInnerConfigFiles portfolioPatternConfig.json
03-28 16:03:36.967 49185 49185 I A06666/com.huawei.hmos.aidispatch.1/SubDispatch_51112400: [a92ab78b58dffbf 3b46905 2230c30]CloudServiceRecallTask:portfolioCardServicesFromDb size = 0
03-28 16:03:36.967 49185 49185 I A06666/com.huawei.hmos.aidispatch.1/SubDispatch_51112400: [a92ab78b58dffbf 2ea6b37 2a1a39d]CloudServiceRecallTask:recallCloudServiceFromDb, service: 
03-28 16:03:36.967  4827  4827 I A06666/com.huawei.hmos.aidataservice/160002307: [a92ab78b58dffbf 1885619 3a3075d]OpennessModuleManager: dispatchMessage:QueryRecentRecord
03-28 16:03:36.968 49185 49185 I A06666/com.huawei.hmos.aidispatch.1/SubDispatch_51112400: [a92ab78b58dffbf 30ff7ff 1c93b54]FileUtil:getObjectFromRawFile placeCardPatternConfig.json success
03-28 16:03:36.968 49185 49185 I A06666/com.huawei.hmos.aidispatch.1/SubDispatch_51112400: [a92ab78b58dffbf 38c5daf 1a5737c]FileUtil:getObjectFromRawFile portfolioPatternConfig.json success
03-28 16:03:36.968 49185 49185 I A06666/com.huawei.hmos.aidispatch.1/SubDispatch_51112400: [a92ab78b58dffbf f2c026 225852e]FileUtil:getObjectFromRawFile portfolioPatternConfig.json success
03-28 16:03:36.968  4827  4827 I A06666/com.huawei.hmos.aidataservice/160002307: [a92ab78b58dffbf 2465def 125637f]TimeoutUtil: id: 5293
03-28 16:03:36.968  4827  4827 I A06666/com.huawei.hmos.aidataservice/160002307: [a92ab78b58dffbf 2a6a015 13e2dac]BaseDataService_AppRecentUse: query
03-28 16:03:36.969  4827  4827 I A06666/com.huawei.hmos.aidataservice/160002307: [a92ab78b58dffbf 1c73aca 35905d8]RdbMgr: (2504526a) t_aidata_app_usage: query start
03-28 16:03:36.969 49185 49185 I A06666/com.huawei.hmos.aidispatch.1/SubDispatch_51112400: [a92ab78b58dffbf 2a52f34 2a170ef]TableDao:query table_version setTimeout
03-28 16:03:36.969 49185 49185 I A06666/com.huawei.hmos.aidispatch.1/SubDispatch_51112400: [a92ab78b58dffbf 2a52f34 2a170ef]PromiseUtil:promiseUtil timeout setTimeout
03-28 16:03:36.970  4827  4827 I A06666/com.huawei.hmos.aidataservice/160002307: [a92ab78b58dffbf 3ce9501 259108f]RdbMgr: (2504526a) parseResultSet, table: t_aidata_app_usage, rowCount: 200
03-28 16:03:36.971 49185 49185 I A06666/com.huawei.hmos.aidispatch.1/SubDispatch_51112400: [a92ab78b58dffbf 1be273d 1953d9c]TableDao:query cloud_exp_service_info setTimeout
03-28 16:03:36.971 49185 49185 I A06666/com.huawei.hmos.aidispatch.1/SubDispatch_51112400: [a92ab78b58dffbf 1be273d 1953d9c]PromiseUtil:promiseUtil timeout setTimeout
03-28 16:03:36.972 49185 49185 I A06666/com.huawei.hmos.aidispatch.1/SubDispatch_51112400: [a92ab78b58dffbf 2c5b185 1a98a1b]LauncherCardPatternManager:initConfigData -> complete
03-28 16:03:36.972 49185 49185 I A06666/com.huawei.hmos.aidispatch.1/SubDispatch_51112400: [a92ab78b58dffbf 10484f8 160c0d4]LauncherServiceProxy:request method=getLauncherFormAndFormstackInfos
03-28 16:03:36.973 49185 49185 I A00F00/com.huawei.hmos.aidispatch.1/AIDispatcherEngineOH: [a92ab78b58dffbf 2e8be64 10484f8]ServiceCallbackProxy:writeStringInSegments: utf8 strSize -> 56
03-28 16:03:36.973 49185 49185 I A00F00/com.huawei.hmos.aidispatch.1/AIDispatcherEngineOH: [a92ab78b58dffbf 2e8be64 10484f8]ServiceCallbackProxy:writeStringInSegments success
03-28 16:03:36.973 49185 49185 I A06666/com.huawei.hmos.aidispatch.1/SubDispatch_51112400: [a92ab78b58dffbf d6e599 35dd8c7]CloudServiceRecallTask:recallCloudExpServiceFromDb, service: 
03-28 16:03:36.973 49185 49185 I A06666/com.huawei.hmos.aidispatch.1/SubDispatch_51112400: [a92ab78b58dffbf c19ec2 d6e599]SceneTraceHelper:setServiceSceneTraceCode abilityDetails scene keys: 
03-28 16:03:36.974 49185 49185 I A06666/com.huawei.hmos.aidispatch.1/SubDispatch_51112400: [a92ab78b58dffbf 3410df0 3a3ef00]TableDao:query portfolio_display_config setTimeout
03-28 16:03:36.974 49185 49185 I A06666/com.huawei.hmos.aidispatch.1/SubDispatch_51112400: [a92ab78b58dffbf 3410df0 3a3ef00]PromiseUtil:promiseUtil timeout setTimeout
03-28 16:03:36.974 49185 49185 I A06666/com.huawei.hmos.aidispatch.1/SubDispatch_51112400: [a92ab78b58dffbf 1b130c8 384845a]LauncherServiceProxy:sendMessageRequest method=getLauncherFormAndFormstackInfos isSupportSegments=true successful
03-28 16:03:36.974 49185 49185 I A06666/com.huawei.hmos.aidispatch.1/SubDispatch_51112400: [a92ab78b58dffbf 35b79d7 4db1b5]LauncherServiceProxy:disConnect setTimeout
03-28 16:03:36.974 49185 49185 I A06666/com.huawei.hmos.aidispatch.1/SubDispatch_51112400: [a92ab78b58dffbf 22ecc6e 1c6ff4]LauncherServiceProxy:request method=getSpecifiedScreenInfos
03-28 16:03:36.974 49185 49185 I A00F00/com.huawei.hmos.aidispatch.1/AIDispatcherEngineOH: [a92ab78b58dffbf 38966b 22ecc6e]ServiceCallbackProxy:writeStringInSegments: utf8 strSize -> 65
03-28 16:03:36.974 49185 49185 I A00F00/com.huawei.hmos.aidispatch.1/AIDispatcherEngineOH: [a92ab78b58dffbf 38966b 22ecc6e]ServiceCallbackProxy:writeStringInSegments success
03-28 16:03:36.974 49185 49185 I A06666/com.huawei.hmos.aidispatch.1/SubDispatch_51112400: [a92ab78b58dffbf 1812d49 b5185a]TableDao:query cache_info setTimeout
03-28 16:03:36.974 49185 49185 I A06666/com.huawei.hmos.aidispatch.1/SubDispatch_51112400: [a92ab78b58dffbf 1812d49 b5185a]PromiseUtil:promiseUtil timeout setTimeout
03-28 16:03:36.975 49185 49185 I A06666/com.huawei.hmos.aidispatch.1/SubDispatch_51112400: [a92ab78b58dffbf 390b4f fd0c3c]CacheInfoRepo:queryCacheContentByKey key:portfolioRelatedRuleId cacheInfo INVALID
03-28 16:03:36.975 49185 49185 I A06666/com.huawei.hmos.aidispatch.1/SubDispatch_51112400: [a92ab78b58dffbf 1f8f45 390b4f]DevConfigManager:getConfig: getFromInnerConfigFiles portfolioCardIdRuleIds.json
03-28 16:03:36.976 49185 49185 I A06666/com.huawei.hmos.aidispatch.1/SubDispatch_51112400: [a92ab78b58dffbf 58f86 85befa]FileUtil:getObjectFromRawFile portfolioCardIdRuleIds.json success
03-28 16:03:36.976 49185 49185 I A06666/com.huawei.hmos.aidispatch.1/SubDispatch_51112400: [a92ab78b58dffbf 221f7eb 2b8b4d3]TableDao:query cache_info setTimeout
03-28 16:03:36.976 49185 49185 I A06666/com.huawei.hmos.aidispatch.1/SubDispatch_51112400: [a92ab78b58dffbf 221f7eb 2b8b4d3]PromiseUtil:promiseUtil timeout setTimeout
03-28 16:03:36.976 49185 49185 I A06666/com.huawei.hmos.aidispatch.1/SubDispatch_51112400: [a92ab78b58dffbf 90c90a f27c70]LauncherServiceProxy:sendMessageRequest method=getSpecifiedScreenInfos isSupportSegments=true successful
03-28 16:03:36.976 49185 49185 I A06666/com.huawei.hmos.aidispatch.1/SubDispatch_51112400: [a92ab78b58dffbf 28974ac 26deaa8]LauncherServiceProxy:disConnect setTimeout
03-28 16:03:36.977 49185 49185 I A06666/com.huawei.hmos.aidispatch.1/SubDispatch_51112400: [a92ab78b58dffbf 273ec90 3b2d379]LauncherManager:querySpecifiedScreenInfoList -> hideAppList: [gov.seeyon.cmp.syhmzw,com.tencent.wechat.pc]
03-28 16:03:36.977 49185 49185 I A06666/com.huawei.hmos.aidispatch.1/SubDispatch_51112400: [a92ab78b58dffbf 16589f7 1904528]TableDao:query cache_info setTimeout
03-28 16:03:36.977 49185 49185 I A06666/com.huawei.hmos.aidispatch.1/SubDispatch_51112400: [a92ab78b58dffbf 16589f7 1904528]PromiseUtil:promiseUtil timeout setTimeout
03-28 16:03:36.977 49185 49185 I A06666/com.huawei.hmos.aidispatch.1/SubDispatch_51112400: [a92ab78b58dffbf 13aefb2 106893d]TableDao:query cache_info setTimeout
03-28 16:03:36.977 49185 49185 I A06666/com.huawei.hmos.aidispatch.1/SubDispatch_51112400: [a92ab78b58dffbf 13aefb2 106893d]PromiseUtil:promiseUtil timeout setTimeout
03-28 16:03:36.980 49185 49185 I A06666/com.huawei.hmos.aidispatch.1/SubDispatch_51112400: [a92ab78b58dffbf 5275f7 165ea66]ParentControlChildModelSwitch:isSwitchOpen -> null
03-28 16:03:36.980 49185 49185 I A06666/com.huawei.hmos.aidispatch.1/SubDispatch_51112400: [a92ab78b58dffbf 214a937 407011]MinorsProtectionUtil:isMinorsProtectionMode isChildModelOpen: null
03-28 16:03:36.980 49185 49185 I A06666/com.huawei.hmos.aidispatch.1/SubDispatch_51112400: [a92ab78b58dffbf 214a937 407011]MinorsProtectionUtil:isParentControlModeForChild=false
03-28 16:03:36.980 49185 49185 I A06666/com.huawei.hmos.aidispatch.1/SubDispatch_51112400: [a92ab78b58dffbf 214a937 407011]MinorsProtectionUtil:isMinorsProtectionMode isParentControlModel: false
03-28 16:03:36.980 49185 49185 E A06666/com.huawei.hmos.aidispatch.1/SubDispatch_51112400: [a92ab78b58dffbf 264d8a6 129a91b]PrivacyUtil:canPersonalizedRec. isAgreePrivacy=true isCeliaEnable=true isBaseEnable = false isPersonalized = false
03-28 16:03:36.980 49185 49185 I A06666/com.huawei.hmos.aidispatch.1/SubDispatch_51112400: [a92ab78b58dffbf 2ef30b3 1e852e1]CacheInfoRepo:queryCacheContentByKey key:sceneLabelMappingCloudSceneId cacheInfo INVALID
03-28 16:03:36.981 49185 49185 I A06666/com.huawei.hmos.aidispatch.1/SubDispatch_51112400: [a92ab78b58dffbf 393c512 368b839]CloudSceneIdMapperHelper:initData 771ec4f512aa424b94555972cc50fc9d use preset
03-28 16:03:36.981 49185 49185 I A06666/com.huawei.hmos.aidispatch.1/SubDispatch_51112400: [a92ab78b58dffbf 393c512 368b839]CloudSceneIdMapperHelper:initData 03e7d65025eb48c0a49f12f8a84e6255 use preset
03-28 16:03:36.981 49185 49185 I A06666/com.huawei.hmos.aidispatch.1/SubDispatch_51112400: [a92ab78b58dffbf b5b4cb fdea9e]CacheInfoRepo:queryCacheContentByKey key:isSupportCommercial cacheInfo INVALID
03-28 16:03:36.981 49185 49185 I A06666/com.huawei.hmos.aidispatch.1/SubDispatch_51112400: [a92ab78b58dffbf 2d55e3 f88231]CacheInfoRepo:queryCacheContentByKey key:adsTemplateInfo cacheInfo INVALID
03-28 16:03:36.981 49185 49185 W A06666/com.huawei.hmos.aidispatch.1/SubDispatch_51112400: [a92ab78b58dffbf 8b93e0 25d027d]AdConfigManager:adsTemplates is EMPTY
03-28 16:03:36.985 49185 49185 W A06666/com.huawei.hmos.aidispatch.1/SubDispatch_51112400: [a92ab78b58dffbf f850fd 3079b8e]FileUtil:readFile: /data/storage/el1/base/files/new_user_fallback_config.json not exist
03-28 16:03:36.985 49185 49185 I A06666/com.huawei.hmos.aidispatch.1/SubDispatch_51112400: [a92ab78b58dffbf 63e331 1c1388]RecSearchDevConfigManager:getConfig: getFromInnerConfigFiles newUserFallbackConfig.json
03-28 16:03:36.986 49185 49185 I A06666/com.huawei.hmos.aidispatch.1/SubDispatch_51112400: [a92ab78b58dffbf cbe3de 2292a94]FileUtil:getObjectFromRawFile newUserFallbackConfig.json success
03-28 16:03:36.988 49185 49185 I A06666/com.huawei.hmos.aidispatch.1/SubDispatch_51112400: [a92ab78b58dffbf 2f06799 10a6e14]TableDao:query table_version setTimeout
03-28 16:03:36.988 49185 49185 I A06666/com.huawei.hmos.aidispatch.1/SubDispatch_51112400: [a92ab78b58dffbf 2f06799 10a6e14]PromiseUtil:promiseUtil timeout setTimeout
03-28 16:03:36.989 49185 49185 I A06666/com.huawei.hmos.aidispatch.1/SubDispatch_51112400: [a92ab78b58dffbf 379aa4e 16836cf]TableDao:query fallback_portfolio_service_info setTimeout
03-28 16:03:36.989 49185 49185 I A06666/com.huawei.hmos.aidispatch.1/SubDispatch_51112400: [a92ab78b58dffbf 379aa4e 16836cf]PromiseUtil:promiseUtil timeout setTimeout
03-28 16:03:36.989 49185 49185 I A06666/com.huawei.hmos.aidispatch.1/SubDispatch_51112400: [a92ab78b58dffbf 3311aee 2c9adba]FallbackFaRecall:recall fallbackPortfolioCardServices 0
03-28 16:03:36.989 49185 49185 I A06666/com.huawei.hmos.aidispatch.1/SubDispatch_51112400: [a92ab78b58dffbf 3311aee 2c9adba]ServiceRecManager:initServiceTable
03-28 16:03:36.992  4827  4827 I A06666/com.huawei.hmos.aidataservice/160002307: [a92ab78b58dffbf edf1b5 2ef7763]RdbMgr: (2504526a) t_aidata_app_usage: query success (200 rows)
03-28 16:03:36.993 49185 49185 I A06666/com.huawei.hmos.aidispatch.1/SubDispatch_51112400: [a92ab78b58dffbf 1e50871 3327d04]AbTest:getObject placementPattern from ab
03-28 16:03:36.994 49185 49185 I A06666/com.huawei.hmos.aidispatch.1/SubDispatch_51112400: [a92ab78b58dffbf da1b24 1e50871]AbTest:getPlacementPattern -> {"appOnlyPattern2x4":"1","appOnlyPattern2x2":"0"}
03-28 16:03:36.994 49185 49185 W A06666/com.huawei.hmos.aidispatch.1/SubDispatch_51112400: [a92ab78b58dffbf 7aedf8 da1b24]LauncherFormAndFormStackInfo:addFormStackForm formAndFormStackInfo stacks is empty
03-28 16:03:36.994 49185 49185 I A06666/com.huawei.hmos.aidispatch.1/SubDispatch_51112400: [a92ab78b58dffbf 7aedf8 da1b24]DeduplicateHandler:getFolderApps folder: width: 1, height: 1,itemLength : 9
03-28 16:03:36.994 49185 49185 I A06666/com.huawei.hmos.aidispatch.1/SubDispatch_51112400: [a92ab78b58dffbf 7aedf8 da1b24]DeduplicateHandler:getFolderApps folder: width: 1, height: 1,itemLength : 3
03-28 16:03:36.994 49185 49185 I A06666/com.huawei.hmos.aidispatch.1/SubDispatch_51112400: [a92ab78b58dffbf 7aedf8 da1b24]DeduplicateHandler:getFolderApps folder: width: 2, height: 2,itemLength : 5
03-28 16:03:36.994 49185 49185 I A06666/com.huawei.hmos.aidispatch.1/SubDispatch_51112400: [a92ab78b58dffbf 7aedf8 da1b24]DeduplicateHandler:getFolderApps folder: width: 1, height: 1,itemLength : 6
03-28 16:03:36.994 49185 49185 I A06666/com.huawei.hmos.aidispatch.1/SubDispatch_51112400: [a92ab78b58dffbf 7aedf8 da1b24]DeduplicateHandler:getFolderApps folder: width: 2, height: 2,itemLength : 7
03-28 16:03:36.994 49185 49185 I A06666/com.huawei.hmos.aidispatch.1/SubDispatch_51112400: [a92ab78b58dffbf 7aedf8 da1b24]DeduplicateHandler:getFolderApps folder: width: 1, height: 1,itemLength : 5
03-28 16:03:36.994 49185 49185 I A06666/com.huawei.hmos.aidispatch.1/SubDispatch_51112400: [a92ab78b58dffbf 7aedf8 da1b24]DeduplicateHandler:getFolderApps folder: width: 1, height: 1,itemLength : 9
03-28 16:03:36.995 49185 49185 I A06666/com.huawei.hmos.aidispatch.1/SubDispatch_51112400: [a92ab78b58dffbf 283c19a 177178]DevConfigManager:getConfigs: getFromInnerConfigFiles portfolioThemeConfig.json
03-28 16:03:36.995 49185 49185 I A06666/com.huawei.hmos.aidispatch.1/SubDispatch_51112400: [a92ab78b58dffbf 3d18e81 2040555]TableDao:query table_version setTimeout
03-28 16:03:36.995 49185 49185 I A06666/com.huawei.hmos.aidispatch.1/SubDispatch_51112400: [a92ab78b58dffbf 3d18e81 2040555]PromiseUtil:promiseUtil timeout setTimeout
03-28 16:03:36.996 49185 49185 I A06666/com.huawei.hmos.aidispatch.1/SubDispatch_51112400: [a92ab78b58dffbf 39c51f6 2ae08b7]FileUtil:getObjectArrayFromRawFile portfolioThemeConfig.json success
03-28 16:03:36.996 49185 49185 I A06666/com.huawei.hmos.aidispatch.1/SubDispatch_51112400: [a92ab78b58dffbf 32ea6fa 220dc89]TerminalUtil:device languages is: zh_CN
03-28 16:03:36.996 49185 49185 I A06666/com.huawei.hmos.aidispatch.1/SubDispatch_51112400: [a92ab78b58dffbf 32ea6fa 220dc89]PortfolioHelper:adapterMultiLanguages languageRegion:zh_CN, systemLanguage:zh-Hans
03-28 16:03:36.996 49185 49185 I A06666/com.huawei.hmos.aidispatch.1/SubDispatch_51112400: [a92ab78b58dffbf fc1875 32ea6fa]PortfolioHelper:adapterMultiLanguages similarLanguage:zh_CN
03-28 16:03:36.996 49185 49185 I A06666/com.huawei.hmos.aidispatch.1/SubDispatch_51112400: [a92ab78b58dffbf fc1875 32ea6fa]PortfolioHelper:adapterMultiLanguages checkDefaultConfigValid
03-28 16:03:36.997 49185 49185 I A06666/com.huawei.hmos.aidispatch.1/SubDispatch_51112400: [a92ab78b58dffbf 1f9fd7d 3b4dd03]TableDao:query service_placement_info setTimeout
03-28 16:03:36.997 49185 49185 I A06666/com.huawei.hmos.aidispatch.1/SubDispatch_51112400: [a92ab78b58dffbf 1f9fd7d 3b4dd03]PromiseUtil:promiseUtil timeout setTimeout
03-28 16:03:37.000 49185 49185 W A06666/com.huawei.hmos.aidispatch.1/SubDispatch_51112400: [a92ab78b58dffbf 1d1e9b1 1f25b92]FileUtil:readFile: /data/storage/el1/base/files/pinWhiteListConfig.json not exist
03-28 16:03:37.000 49185 49185 I A06666/com.huawei.hmos.aidispatch.1/SubDispatch_51112400: [a92ab78b58dffbf 29c3b62 2875b9c]DevConfigManager:getConfig: getFromInnerConfigFiles pinWhiteListConfig.json
03-28 16:03:37.000 49185 49185 I A06666/com.huawei.hmos.aidispatch.1/SubDispatch_51112400: [a92ab78b58dffbf 1e6876f 3f7a30b]FileUtil:getObjectFromRawFile pinWhiteListConfig.json success
03-28 16:03:37.000 49185 49185 I A06666/com.huawei.hmos.aidispatch.1/SubDispatch_51112400: [a92ab78b58dffbf 2985d43 3c0d3ad]LauncherPlacementMode:getTemplateWhiteConfigs, d9d8061ce2044d5f9831f0f942d8302d,dfaa814b402c49b2a59346a693c2f141,956a59223a6a4f6a9e46d82793232bba,a6818992877246b08c05f8f137f29f41,0cb7e8a8a5791b32f36ac818f1ddce8e,58abd3106ae74a14c6dbc911c56b9be5,e5243483e47841ceb43c36018952365c,c98d505703394f52aec4dc0465990dbf
03-28 16:03:37.000 49185 49185 W A06666/com.huawei.hmos.aidispatch.1/SubDispatch_51112400: [a92ab78b58dffbf 2b6e188 1e0fbb4]ExternalLauncherPlacementMode:getExternalPlacementContexts -> launcherFormList is null or empty
03-28 16:03:37.001 49185 49185 I A06666/com.huawei.hmos.aidispatch.1/SubDispatch_51112400: [a92ab78b58dffbf 3ebffde 3e8a3af]TableDao:query table_version setTimeout
03-28 16:03:37.001 49185 49185 I A06666/com.huawei.hmos.aidispatch.1/SubDispatch_51112400: [a92ab78b58dffbf 3ebffde 3e8a3af]PromiseUtil:promiseUtil timeout setTimeout
03-28 16:03:37.001 49185 49185 I A06666/com.huawei.hmos.aidispatch.1/SubDispatch_51112400: [a92ab78b58dffbf 34ae0ec 3d76ff4]TableDao:query service_info_config setTimeout
03-28 16:03:37.001 49185 49185 I A06666/com.huawei.hmos.aidispatch.1/SubDispatch_51112400: [a92ab78b58dffbf 34ae0ec 3d76ff4]PromiseUtil:promiseUtil timeout setTimeout
03-28 16:03:37.003 49185 49185 I A06666/com.huawei.hmos.aidispatch.1/SubDispatch_51112400: [a92ab78b58dffbf 2ee75db 16e2729]LanguageUtils:getDeviceLanguages device languages is: zh_CN
03-28 16:03:37.003 49185 49185 I A06666/com.huawei.hmos.aidispatch.1/SubDispatch_51112400: [a92ab78b58dffbf 2ee75db 16e2729]LanguageUtils:getSimilarLanguage deviceLanguage:zh_CN, systemLanguage:zh-Hans
03-28 16:03:37.003 49185 49185 W A06666/com.huawei.hmos.aidispatch.1/SubDispatch_51112400: [a92ab78b58dffbf 875a5c 344f004]FallbackFaRecall:convertToAppServiceAbility: 956a59223a6a4f6a9e46d82793232bba not found in service info list.
03-28 16:03:37.003 49185 49185 I A06666/com.huawei.hmos.aidispatch.1/SubDispatch_51112400: [a92ab78b58dffbf 11be3dd 284baa6]FallbackRecallTask:getFallbackApps appServices size: 71, faServices size: 7
03-28 16:03:37.004 49185 49185 I A06666/com.huawei.hmos.aidispatch.1/SubDispatch_51112400: [a92ab78b58dffbf 33a9d52 19a496c]TableDao:query cache_info setTimeout
03-28 16:03:37.004 49185 49185 I A06666/com.huawei.hmos.aidispatch.1/SubDispatch_51112400: [a92ab78b58dffbf 33a9d52 19a496c]PromiseUtil:promiseUtil timeout setTimeout
03-28 16:03:37.004 49185 49185 I A06666/com.huawei.hmos.aidispatch.1/SubDispatch_51112400: [a92ab78b58dffbf 1adbcee 113d80c]BundleUtil:getAllLauncherAbilityInfo localId = 100
03-28 16:03:37.004 49185 49185 I A06666/com.huawei.hmos.aidispatch.1/SubDispatch_51112400: [a92ab78b58dffbf 1adbcee 113d80c]PromiseUtil:promiseUtil timeout setTimeout
03-28 16:03:37.009  4827  4827 I A06666/com.huawei.hmos.aidataservice/160002307: [a92ab78b58dffbf f786a9 4a48c3]AppRecentUseBusinessHandler: final recall number:17
03-28 16:03:37.009  4827  4827 I A06666/com.huawei.hmos.aidataservice/160002307: [a92ab78b58dffbf 17a5326 109c5ce]OmReportManager: openReport cacheSize: 68
03-28 16:03:37.011 49185 49185 I A06666/com.huawei.hmos.aidispatch.1/SubDispatch_51112400: [a92ab78b58dffbf 2c0e6eb 72f5b8]common/AiDataServiceManager:dispatchMessage onResult QueryRecentRecord cost 51ms
03-28 16:03:37.011 49185 49185 I A06666/com.huawei.hmos.aidispatch.1/SubDispatch_51112400: [a92ab78b58dffbf 383717e 3e13881]common/AiDataServiceManager:releaseAfter5Seconds setTimeout
03-28 16:03:37.011 49185 49185 I A06666/com.huawei.hmos.aidispatch.1/SubDispatch_51112400: [a92ab78b58dffbf 18e2659 1fa2195]PromiseUtil:promiseUtil timeout setTimeout
03-28 16:03:37.012 49185 49185 I A06666/com.huawei.hmos.aidispatch.1/SubDispatch_51112400: [a92ab78b58dffbf 268a568 145e446]PromiseUtil:promiseUtil timeout setTimeout
03-28 16:03:37.012 49185 49185 I A06666/com.huawei.hmos.aidispatch.1/SubDispatch_51112400: [a92ab78b58dffbf 1936aae 32fa147]PromiseUtil:promiseUtil timeout setTimeout
03-28 16:03:37.012 49185 49185 I A06666/com.huawei.hmos.aidispatch.1/SubDispatch_51112400: [a92ab78b58dffbf 106414d 300f155]PromiseUtil:promiseUtil timeout setTimeout
03-28 16:03:37.013 49185 49185 I A06666/com.huawei.hmos.aidispatch.1/SubDispatch_51112400: [a92ab78b58dffbf 30ffb19 2ca286e]PromiseUtil:promiseUtil timeout setTimeout
03-28 16:03:37.013 49185 49185 I A06666/com.huawei.hmos.aidispatch.1/SubDispatch_51112400: [a92ab78b58dffbf 38fd131 33311a6]PromiseUtil:promiseUtil timeout setTimeout
03-28 16:03:37.013 49185 49185 I A06666/com.huawei.hmos.aidispatch.1/SubDispatch_51112400: [a92ab78b58dffbf 10ed1f9 2b8cd20]PromiseUtil:promiseUtil timeout setTimeout
03-28 16:03:37.014 49185 49185 I A06666/com.huawei.hmos.aidispatch.1/SubDispatch_51112400: [a92ab78b58dffbf 2e2f068 13cc90a]PromiseUtil:promiseUtil timeout setTimeout
03-28 16:03:37.014 49185 49185 I A06666/com.huawei.hmos.aidispatch.1/SubDispatch_51112400: [a92ab78b58dffbf d2086d 773b49]PromiseUtil:promiseUtil timeout setTimeout
03-28 16:03:37.014 49185 49185 I A06666/com.huawei.hmos.aidispatch.1/SubDispatch_51112400: [a92ab78b58dffbf 1d5678e 11b8deb]PromiseUtil:promiseUtil timeout setTimeout
03-28 16:03:37.015 49185 49185 I A06666/com.huawei.hmos.aidispatch.1/SubDispatch_51112400: [a92ab78b58dffbf 12c3766 2eaa12e]PromiseUtil:promiseUtil timeout setTimeout
03-28 16:03:37.015 49185 49185 I A06666/com.huawei.hmos.aidispatch.1/SubDispatch_51112400: [a92ab78b58dffbf 292d7a9 377ba45]PromiseUtil:promiseUtil timeout setTimeout
03-28 16:03:37.015 49185 49185 I A06666/com.huawei.hmos.aidispatch.1/SubDispatch_51112400: [a92ab78b58dffbf 113e21 3119502]RecentlyUsedRecallTask:convertToAbilityDetailArray size: 17
03-28 16:03:37.016 49185 49185 W A06666/com.huawei.hmos.aidispatch.1/SubDispatch_51112400: [a92ab78b58dffbf 2c3db24 7f4efa]FileUtil:readFile: /data/storage/el1/base/files/app_replace_fa_config.json not exist
03-28 16:03:37.017 49185 49185 I A06666/com.huawei.hmos.aidispatch.1/SubDispatch_51112400: [a92ab78b58dffbf 35ff603 29f1347]DevConfigManager:getConfig: getFromInnerConfigFiles appReplaceFaConfig.json
03-28 16:03:37.017 49185 49185 I A06666/com.huawei.hmos.aidispatch.1/SubDispatch_51112400: [a92ab78b58dffbf 1b0aae4 3b8c87b]FileUtil:getObjectFromRawFile appReplaceFaConfig.json success
03-28 16:03:37.017 49185 49185 I A06666/com.huawei.hmos.aidispatch.1/SubDispatch_51112400: [a92ab78b58dffbf 3eb3008 10c5baf]AppDeriveFaHelper:init replaceServiceMap size=10
03-28 16:03:37.031 49185 49185 I A06666/com.huawei.hmos.aidispatch.1/SubDispatch_51112400: [a92ab78b58dffbf ce91c2 28f0484]TableDao:query table_version setTimeout
03-28 16:03:37.031 49185 49185 I A06666/com.huawei.hmos.aidispatch.1/SubDispatch_51112400: [a92ab78b58dffbf ce91c2 28f0484]PromiseUtil:promiseUtil timeout setTimeout
03-28 16:03:37.032 49185 49185 I A06666/com.huawei.hmos.aidispatch.1/SubDispatch_51112400: [a92ab78b58dffbf 15295fd 3440f58]TableDao:query service_click_info setTimeout
03-28 16:03:37.032 49185 49185 I A06666/com.huawei.hmos.aidispatch.1/SubDispatch_51112400: [a92ab78b58dffbf 15295fd 3440f58]PromiseUtil:promiseUtil timeout setTimeout
03-28 16:03:37.033 49185 49185 I A06666/com.huawei.hmos.aidispatch.1/SubDispatch_51112400: [a92ab78b58dffbf 2345352 3f2b004]ModelFaRecommendHelper:calculateCardAppUseRate past7DaysClickCounts: 0, past2DaysClickCounts:0
03-28 16:03:37.033 49185 49185 I A06666/com.huawei.hmos.aidispatch.1/SubDispatch_51112400: [a92ab78b58dffbf 2082ce5 2345352]AppDeriveFaHelper:init faRecConfigSwitch: 1, cardAppClickRate: 0
03-28 16:03:37.033 49185 49185 I A06666/com.huawei.hmos.aidispatch.1/SubDispatch_51112400: [a92ab78b58dffbf 1db3aed 136d1cd]TableDao:query service_info_config setTimeout
03-28 16:03:37.033 49185 49185 I A06666/com.huawei.hmos.aidispatch.1/SubDispatch_51112400: [a92ab78b58dffbf 1db3aed 136d1cd]PromiseUtil:promiseUtil timeout setTimeout
03-28 16:03:37.049 49185 49185 I A06666/com.huawei.hmos.aidispatch.1/SubDispatch_51112400: [a92ab78b58dffbf 2402fdf 1dcad17]LanguageUtils:getDeviceLanguages device languages is: zh_CN
03-28 16:03:37.049 49185 49185 I A06666/com.huawei.hmos.aidispatch.1/SubDispatch_51112400: [a92ab78b58dffbf 2402fdf 1dcad17]LanguageUtils:getSimilarLanguage deviceLanguage:zh_CN, systemLanguage:zh-Hans
03-28 16:03:37.051 49185 49185 I A06666/com.huawei.hmos.aidispatch.1/SubDispatch_51112400: [a92ab78b58dffbf 3b0be67 3847e42]AppDeriveFaHelper:init serviceInfoList size=110
03-28 16:03:37.051 49185 49185 I A06666/com.huawei.hmos.aidispatch.1/SubDispatch_51112400: [a92ab78b58dffbf 14ca39f 189f3a6]SceneCardIntentAbilityRecallStrategy:fillIntentAbilityInfo -> portfolio service is NULL
03-28 16:03:37.051 49185 49185 I A06666/com.huawei.hmos.aidispatch.1/SubDispatch_51112400: [a92ab78b58dffbf 2c06493 38b805d]LauncherServiceRecallModule:getOnlineRecallCollection -> History: [com.huawei.hmos.settings, com.yjsoft.hmrdp, cn.wps.office.hap, com.huawei.hmos.inputmethod, com.yjsoft.freerdp, com.tencent.wechat, com.ss.hm.ugc.aweme, com.larus.nova.hm, com.huawei.hmsapp.appgallery, com.huawei.hmos.screenshot, com.taobao.idlefish4ohos, com.dingtalk.hmos, com.huawei.hmos.vassistant.launcher, com.huawei.hmos.email, com.huawei.hmos.alertdialog, com.huawei.hmos.superhub, com.huawei.hmos.accessorymanager, com.luna.hm.music, com.tencent.hm.qqmusic, com.huawei.hmos.browser, com.huawei.hmos.hipreview, com.huawei.hmos.myhuawei, com.wifiservice.portallogin, com.huawei.hmos.photos, com.droi.tong]
03-28 16:03:37.051 49185 49185 I A06666/com.huawei.hmos.aidispatch.1/SubDispatch_51112400: [a92ab78b58dffbf 2c06493 38b805d]LauncherServiceRecallModule:getOnlineRecallCollection -> Fallback: [com.tencent.wechat, com.ss.hm.ugc.aweme, com.taobao.taobao4hmos, com.ss.hm.article.news, com.xunmeng.pinduoduo.hos, yylx.danmaku.bili, com.dingtalk.hmos, com.jd.hm.mall, com.sankuai.hmeituan, com.huawei.hmsapp.appgallery, com.taobao.idlefish4ohos, com.huawei.hmos.settings, com.tencent.videohm, com.huawei.hmos.photos, com.luna.hm.music, com.huawei.hmos.notepad, com.qiyi.video.hmy, com.huawei.hmos.browser, cherrystudio.cherryai.com, cn.lllgr.ohredistool, cn.wps.office.hap, com.chinasofti.hongyunvd, com.droi.tong, com.easy.hmos.abroad, com.gzhryc.huawei.api_test, com.huawei.hmos.ailife, com.huawei.hmos.calculator, com.huawei.hmos.calendar, com.huawei.hmos.camera, com.huawei.hmos.clock, com.huawei.hmos.email, com.huawei.hmos.files, com.huawei.hmos.finddevice, com.huawei.hmos.hinotepad, com.huawei.hmos.maps.app, com.huawei.hmos.meetime, com.huawei.hmos.parentcontrol, com.huawei.hmos.soundrecorder, com.huawei.hmos.taskmanager, com.huawei.hmos.tips, com.huawei.hmsapp.alliance, com.huawei.hmsapp.music, com.huawei.hmsapp.thememanager, f011f9bad36b0f0e89c104cb20fc47f0, d9d8061ce2044d5f9831f0f942d8302d, c0851df695df82f4a37fd23125931791, 80d99c7c6e27daa6f2b4f2cb3691fd6e, b1cdd774f04652e75364bf73e76a4e6d, 5e9b4491e6eaa24fb5430a626b722f46, 1e2afd2d3e2bc04209fa7d8c62ae9834]
